round 1 rc=65: build: application 'evo' (core -> bin/evo) core/src/Tracy/Panels/Auth/assets/panel.php: parse failed: expected ';' after echo at line 1, column 66 build: front-end returned null for bin/evo 
round 2 rc=65: build: application 'evo' (core -> bin/evo) core/src/Tracy/Panels/Auth/assets/tab.php: parse failed: expected ';' after echo at line 1, column 75 build: front-end returned null for bin/evo 
round 3 rc=65: build: application 'evo' (core -> bin/evo) core/src/Tracy/Panels/Database/assets/panel.php: parse failed: expected ';' after echo at line 9, column 95 build: front-end returned null for bin/evo 
round 4 rc=65: build: application 'evo' (core -> bin/evo) core/src/Tracy/Panels/Database/assets/tab.php: parse failed: expected ';' after echo at line 3, column 66 build: front-end returned null for bin/evo 
round 5 rc=65: build: application 'evo' (core -> bin/evo) core/src/Tracy/Panels/Event/assets/panel.php: parse failed: expected ';' after echo at line 2, column 51 build: front-end returned null for bin/evo 
round 6 rc=65: build: application 'evo' (core -> bin/evo) core/src/Tracy/Panels/Request/assets/panel.php: parse failed: expected ';' after echo at line 9, column 50 build: front-end returned null for bin/evo 
round 7 rc=65: build: application 'evo' (core -> bin/evo) core/src/Tracy/Panels/Routing/assets/panel.php: parse failed: expected ';' after echo at line 9, column 45 build: front-end returned null for bin/evo 
round 8 rc=65: build: application 'evo' (core -> bin/evo) core/src/Tracy/Panels/Routing/assets/tab.php: parse failed: expected ';' after echo at line 6, column 94 build: front-end returned null for bin/evo 
round 9 rc=65: build: application 'evo' (core -> bin/evo) core/src/Tracy/Panels/Session/assets/panel.php: parse failed: expected ';' after echo at line 12, column 50 build: front-end returned null for bin/evo 
round 10 rc=65: build: application 'evo' (core -> bin/evo) core/src/Tracy/Panels/View/assets/panel.php: parse failed: expected ';' after echo at line 17, column 49 build: front-end returned null for bin/evo 
round 11 rc=65: build: application 'evo' (core -> bin/evo) core/vendor/fidry/cpu-core-counter/src/CpuCoreCounter.php: parse failed: unexpected token in expression: CloseParen at line 85, column 5 build: front-end returned null for bin/evo 
round 12 rc=65: build: application 'evo' (core -> bin/evo) core/vendor/filp/whoops/src/Whoops/Resources/views/env_details.html.php: parse failed: expected ';' after echo at line 7, column 82 build: front-end returned null for bin/evo 
round 13 rc=65: build: application 'evo' (core -> bin/evo) core/vendor/filp/whoops/src/Whoops/Resources/views/frame_code.html.php: parse failed: expected ';' after echo at line 4, column 75 build: front-end returned null for bin/evo 
round 14 rc=65: build: application 'evo' (core -> bin/evo) core/vendor/filp/whoops/src/Whoops/Resources/views/frame_list.html.php: parse failed: expected ';' after echo at line 5, column 58 build: front-end returned null for bin/evo 
round 15 rc=65: build: application 'evo' (core -> bin/evo) core/vendor/filp/whoops/src/Whoops/Resources/views/frames_container.html.php: parse failed: expected ';' after echo at line 1, column 115 build: front-end returned null for bin/evo 
round 16 rc=65: build: application 'evo' (core -> bin/evo) core/vendor/filp/whoops/src/Whoops/Resources/views/frames_description.html.php: parse failed: expected ';' after echo at line 1, column 100 build: front-end returned null for bin/evo 
round 17 rc=65: build: application 'evo' (core -> bin/evo) core/vendor/filp/whoops/src/Whoops/Resources/views/header.html.php: parse failed: expected ';' after echo at line 5, column 79 build: front-end returned null for bin/evo 
round 18 rc=65: build: application 'evo' (core -> bin/evo) core/vendor/filp/whoops/src/Whoops/Resources/views/header_outer.html.php: parse failed: expected ';' after expression at line 2, column 31 build: front-end returned null for bin/evo 
round 19 rc=65: build: application 'evo' (core -> bin/evo) core/vendor/filp/whoops/src/Whoops/Resources/views/layout.html.php: parse failed: expected ';' after echo at line 12, column 49 build: front-end returned null for bin/evo 
round 20 rc=65: build: application 'evo' (core -> bin/evo) core/vendor/filp/whoops/src/Whoops/Resources/views/panel_details.html.php: parse failed: expected ';' after expression at line 1, column 33 build: front-end returned null for bin/evo 
round 21 rc=65: build: application 'evo' (core -> bin/evo) core/vendor/filp/whoops/src/Whoops/Resources/views/panel_details_outer.html.php: parse failed: expected ';' after expression at line 2, column 38 build: front-end returned null for bin/evo 
round 22 rc=65: build: application 'evo' (core -> bin/evo) core/vendor/filp/whoops/src/Whoops/Resources/views/panel_left_outer.html.php: parse failed: expected ';' after echo at line 1, column 74 build: front-end returned null for bin/evo 
round 23 rc=65: build: application 'evo' (core -> bin/evo) core/vendor/illuminate/console/resources/views/components/alert.php: parse failed: expected ';' after echo at line 2, column 43 build: front-end returned null for bin/evo 
round 24 rc=65: build: application 'evo' (core -> bin/evo) core/vendor/illuminate/console/resources/views/components/bullet-list.php: parse failed: expected ';' after echo at line 4, column 55 build: front-end returned null for bin/evo 
round 25 rc=65: build: application 'evo' (core -> bin/evo) core/vendor/illuminate/console/resources/views/components/line.php: parse failed: expected ';' after echo at line 1, column 48 build: front-end returned null for bin/evo 
round 26 rc=65: build: application 'evo' (core -> bin/evo) core/vendor/illuminate/console/resources/views/components/two-column-detail.php: parse failed: expected ';' after echo at line 3, column 45 build: front-end returned null for bin/evo 
round 27 rc=65: build: application 'evo' (core -> bin/evo) core/vendor/illuminate/validation/Rules/Enum.php: parse failed: expected class name at line 15, column 7 build: front-end returned null for bin/evo 
round 28 rc=65: build: application 'evo' (core -> bin/evo) core/vendor/justinrainbow/json-schema/src/JsonSchema/Enum.php: parse failed: expected class name at line 7, column 16 build: front-end returned null for bin/evo 
round 29 rc=65: build: application 'evo' (core -> bin/evo) core/vendor/marc-mabe/php-enum/src/Enum.php: parse failed: expected class name at line 20, column 16 build: front-end returned null for bin/evo 
round 30 rc=65: build: application 'evo' (core -> bin/evo) core/vendor/pestphp/pest/resources/views/components/badge.php: parse failed: expected ';' after echo at line 15, column 56 build: front-end returned null for bin/evo 
round 31 rc=65: build: application 'evo' (core -> bin/evo) core/vendor/pestphp/pest/resources/views/components/two-column-detail.php: parse failed: expected ';' after echo at line 3, column 44 build: front-end returned null for bin/evo 
round 32 rc=65: build: application 'evo' (core -> bin/evo) core/vendor/pestphp/pest/resources/views/usage.php: parse failed: expected ';' after echo at line 2, column 151 build: front-end returned null for bin/evo 
round 33 rc=65: build: application 'evo' (core -> bin/evo) core/vendor/pestphp/pest/resources/views/version.php: parse failed: expected ';' after echo at line 2, column 117 build: front-end returned null for bin/evo 
round 34 rc=65: build: application 'evo' (core -> bin/evo) core/vendor/phpunit/phpunit/src/Framework/Assert/Functions.php: parse failed: expected function name at line 3396, column 14 build: front-end returned null for bin/evo 
round 35 rc=65: build: application 'evo' (core -> bin/evo) core/vendor/tracy/tracy/examples/preloading.php: parse failed: expected ';' after expression at line 23, column 32 build: front-end returned null for bin/evo 
round 36 rc=65: build: application 'evo' (core -> bin/evo) compile failed: Brick\Math\BigNumber::jsonSerialize() has #[\Override] attribute, but no matching parent method exists at line 492 build: front-end returned null for bin/evo 
round 37 rc=65: build: application 'evo' (core -> bin/evo) compile failed: Brick\Math\BigDecimal::negated() has #[\Override] attribute, but no matching parent method exists at line 669 build: front-end returned null for bin/evo 
round 38 rc=65: build: application 'evo' (core -> bin/evo) compile failed: Brick\Math\BigInteger::negated() has #[\Override] attribute, but no matching parent method exists at line 903 build: front-end returned null for bin/evo 
round 39 rc=65: build: application 'evo' (core -> bin/evo) compile failed: Brick\Math\BigRational::negated() has #[\Override] attribute, but no matching parent method exists at line 393 build: front-end returned null for bin/evo 
round 40 rc=65: build: application 'evo' (core -> bin/evo) compile failed: Mockery\Adapter\Phpunit\TestListener::endTest() has #[\Override] attribute, but no matching parent method exists at line 31 build: front-end returned null for bin/evo 
round 41 rc=65: build: application 'evo' (core -> bin/evo) compile failed: lazy body /work/evo/core/functions/nodes.php:12 [{         $modx = evo();         global $icons, $_style, $_lang, $opened, $opened2, $closed2, $modx_textdir;          $o]: unexpected token in expression: Semicolon at line 46, column 10 build: front-end returned null for bin/evo 
round 42 rc=139: build: application 'evo' (core -> bin/evo) timeout: the monitored command dumped core 
no file to exclude; stopping
excluded 41 files
