{"t":1790201643.204,"step":"warmup","method":"GET","uri":"/typo3/","status":200,"ms":1889.97,"peak":38012416,"peak_real":50405376,"hash_ms":0}
{"t":1790201643.466,"step":"warmup","method":"GET","uri":"/typo3/ajax/login/preflight","status":200,"ms":62.36,"peak":17648368,"peak_real":18911232,"hash_ms":0}
{"t":1790201644.506,"step":"warmup","method":"POST","uri":"/typo3/login?loginProvider=1433416747","status":303,"ms":967.66,"peak":17655728,"peak_real":18911232,"hash_ms":746.16}
{"t":1790201644.735,"step":"warmup","method":"GET","uri":"/typo3/main?token=5cb7499acfe484883bae2cf556ba4b766887fa1657c347091330fd2f65ec6f21","status":200,"ms":226.62,"peak":17650440,"peak_real":18911232,"hash_ms":0}
{"t":1790201644.967,"step":"warmup","method":"GET","uri":"/typo3/language/domain/en/00630bc9cb71a0ac/backend.messages","status":200,"ms":126.52,"peak":17648976,"peak_real":18911232,"hash_ms":0}
{"t":1790201645.016,"step":"warmup","method":"GET","uri":"/typo3/language/domain/en/00630bc9cb71a0ac/core.cache","status":200,"ms":47.52,"peak":17648928,"peak_real":27299840,"hash_ms":0}
{"t":1790201645.062,"step":"warmup","method":"GET","uri":"/typo3/language/domain/en/00630bc9cb71a0ac/core.core","status":200,"ms":212.91,"peak":17648880,"peak_real":18911232,"hash_ms":0}
{"t":1790201645.07,"step":"warmup","method":"GET","uri":"/typo3/language/domain/en/00630bc9cb71a0ac/core.mod_web_list","status":200,"ms":210.59,"peak":17648912,"peak_real":18911232,"hash_ms":0}
{"t":1790201645.096,"step":"warmup","method":"GET","uri":"/typo3/language/domain/en/00630bc9cb71a0ac/backend.layout","status":200,"ms":78.87,"peak":13066288,"peak_real":23105536,"hash_ms":0}
{"t":1790201645.121,"step":"warmup","method":"GET","uri":"/typo3/ajax/icons?token=c0054631a1702241bac104a2586afdbfa5765c428c7ad8246465747a824e9d7b&icon=%5B%22actions-chevron-down%22%2C%22small%22%2Cnull%2C%22default%22%2C%22inline%22%5D","status":200,"ms":40.1,"peak":3647288,"peak_real":10485760,"hash_ms":0}
{"t":1790201645.124,"step":"warmup","method":"GET","uri":"/typo3/language/domain/en/00630bc9cb71a0ac/core.bookmarks","status":200,"ms":178.5,"peak":10800640,"peak_real":12582912,"hash_ms":0}
{"t":1790201645.127,"step":"warmup","method":"GET","uri":"/typo3/ajax/icons?token=c0054631a1702241bac104a2586afdbfa5765c428c7ad8246465747a824e9d7b&icon=%5B%22actions-exchange%22%2C%22small%22%2Cnull%2C%22default%22%2C%22inline%22%5D","status":200,"ms":58.6,"peak":3647256,"peak_real":8388608,"hash_ms":0}
{"t":1790201645.138,"step":"warmup","method":"GET","uri":"/typo3/language/domain/en/00630bc9cb71a0ac/core.common","status":200,"ms":126.68,"peak":12738480,"peak_real":18911232,"hash_ms":0}
{"t":1790201645.145,"step":"warmup","method":"GET","uri":"/typo3/language/domain/en/00630bc9cb71a0ac/backend.wizards.localization","status":200,"ms":40.2,"peak":3642568,"peak_real":10485760,"hash_ms":0}
{"t":1790201645.161,"step":"warmup","method":"GET","uri":"/typo3/ajax/icons?token=c0054631a1702241bac104a2586afdbfa5765c428c7ad8246465747a824e9d7b&icon=%5B%22actions-circle-half%22%2C%22small%22%2Cnull%2C%22default%22%2C%22inline%22%5D","status":200,"ms":136.33,"peak":12218448,"peak_real":18874368,"hash_ms":0}
{"t":1790201645.215,"step":"warmup","method":"GET","uri":"/typo3/language/domain/en/00630bc9cb71a0ac/core.misc","status":200,"ms":37,"peak":3607176,"peak_real":8388608,"hash_ms":0}
{"t":1790201645.251,"step":"warmup","method":"GET","uri":"/typo3/language/domain/en/00630bc9cb71a0ac/backend.wizards.general","status":200,"ms":22.42,"peak":3629632,"peak_real":18874368,"hash_ms":0}
{"t":1790201645.32,"step":"warmup","method":"GET","uri":"/typo3/ajax/icons?token=c0054631a1702241bac104a2586afdbfa5765c428c7ad8246465747a824e9d7b&icon=%5B%22actions-menu-sidebar-collapsed%22%2C%22small%22%2C%22%22%2C%22default%22%2C%22inline%22%5D","status":200,"ms":21.02,"peak":3647400,"peak_real":6291456,"hash_ms":0}
{"t":1790201645.324,"step":"warmup","method":"GET","uri":"/typo3/ajax/icons?token=c0054631a1702241bac104a2586afdbfa5765c428c7ad8246465747a824e9d7b&icon=%5B%22spinner-circle%22%2C%22small%22%2Cnull%2C%22default%22%2C%22default%22%5D","status":200,"ms":35.7,"peak":3647208,"peak_real":12582912,"hash_ms":0}
{"t":1790201645.33,"step":"warmup","method":"GET","uri":"/typo3/ajax/system-information/render?token=dc5483671b479cc1e05ae4b004a523e4a9531cd41d1fc4e7890d92037e44a965&skipSessionUpdate=1","status":200,"ms":45.83,"peak":4100448,"peak_real":6291456,"hash_ms":0}
{"t":1790201645.34,"step":"warmup","method":"GET","uri":"/typo3/ajax/icons?token=c0054631a1702241bac104a2586afdbfa5765c428c7ad8246465747a824e9d7b&icon=%5B%22actions-cog%22%2C%22small%22%2Cnull%2C%22default%22%2C%22inline%22%5D","status":200,"ms":30.81,"peak":3647208,"peak_real":6291456,"hash_ms":0}
{"t":1790201645.384,"step":"warmup","method":"GET","uri":"/typo3/module/dashboard?token=85d90e5627ee11a538e986b61fac45f9663eab914ccde928e55c9e6747f28e07","status":200,"ms":110.04,"peak":5313408,"peak_real":6291456,"hash_ms":0}
{"t":1790201645.457,"step":"warmup","method":"GET","uri":"/typo3/language/domain/en/00630bc9cb71a0ac/dashboard.messages","status":200,"ms":24.63,"peak":3683752,"peak_real":12582912,"hash_ms":0}
{"t":1790201645.502,"step":"warmup","method":"GET","uri":"/typo3/language/domain/en/00630bc9cb71a0ac/backend.settingseditor","status":200,"ms":27.69,"peak":3602792,"peak_real":6291456,"hash_ms":0}
{"t":1790201645.508,"step":"warmup","method":"GET","uri":"/typo3/language/domain/en/00630bc9cb71a0ac/backend.copytoclipboard","status":200,"ms":26.22,"peak":3625328,"peak_real":10485760,"hash_ms":0}
{"t":1790201645.54,"step":"warmup","method":"GET","uri":"/typo3/ajax/icons?token=c0054631a1702241bac104a2586afdbfa5765c428c7ad8246465747a824e9d7b&icon=%5B%22actions-plus%22%2C%22small%22%2Cnull%2C%22default%22%2C%22inline%22%5D","status":200,"ms":22.74,"peak":3647272,"peak_real":4194304,"hash_ms":0}
{"t":1790201645.541,"step":"warmup","method":"GET","uri":"/typo3/ajax/dashboard/dashboards/get?token=b77b36597ec3e41c885adce87d51de5e304bf447ed5377ead99342e6b5b3495d","status":200,"ms":23.63,"peak":3711016,"peak_real":8388608,"hash_ms":0}
{"t":1790201645.595,"step":"warmup","method":"GET","uri":"/typo3/ajax/icons?token=c0054631a1702241bac104a2586afdbfa5765c428c7ad8246465747a824e9d7b&icon=%5B%22actions-delete%22%2C%22small%22%2Cnull%2C%22default%22%2C%22inline%22%5D","status":200,"ms":32.72,"peak":3647272,"peak_real":6291456,"hash_ms":0}
{"t":1790201645.604,"step":"warmup","method":"GET","uri":"/typo3/ajax/dashboard/widget/get?token=3ad4ad2cdff6aa829cf3ce3ac7cb1544497c95e6321b30c0d17e434e321a12a9&widget=3f9b617441b925ce0b90af0d691d37f43170e142","status":200,"ms":53.25,"peak":4146256,"peak_real":6291456,"hash_ms":0}
{"t":1790201645.625,"step":"warmup","method":"GET","uri":"/typo3/ajax/dashboard/widget/get?token=3ad4ad2cdff6aa829cf3ce3ac7cb1544497c95e6321b30c0d17e434e321a12a9&widget=345e9b24bca4c578fafec1f4b2133252fbb27da8","status":200,"ms":74.46,"peak":4146352,"peak_real":6291456,"hash_ms":0}
{"t":1790201645.627,"step":"warmup","method":"GET","uri":"/typo3/ajax/icons?token=c0054631a1702241bac104a2586afdbfa5765c428c7ad8246465747a824e9d7b&icon=%5B%22actions-move%22%2C%22small%22%2Cnull%2C%22default%22%2C%22inline%22%5D","status":200,"ms":17.46,"peak":3647272,"peak_real":4194304,"hash_ms":0}
{"t":1790201645.989,"step":"warmup","method":"GET","uri":"/typo3/module/content/records?token=be2ea325e75b6eff8316858a11e1d970dec8228aa880174ebe3ca7f215aa2b28&id=10103","status":200,"ms":392.88,"peak":7341432,"peak_real":8388608,"hash_ms":0}
{"t":1790201646.12,"step":"warmup","method":"GET","uri":"/typo3/ajax/icons?token=c0054631a1702241bac104a2586afdbfa5765c428c7ad8246465747a824e9d7b&icon=%5B%22actions-panel-expand-start%22%2C%22small%22%2Cnull%2C%22default%22%2C%22inline%22%5D","status":200,"ms":18,"peak":3670112,"peak_real":6291456,"hash_ms":0}
{"t":1790201646.131,"step":"warmup","method":"GET","uri":"/typo3/ajax/icons?token=c0054631a1702241bac104a2586afdbfa5765c428c7ad8246465747a824e9d7b&icon=%5B%22module-list%22%2C%22small%22%2C%22%22%2C%22default%22%2C%22inline%22%5D","status":200,"ms":24.21,"peak":3646632,"peak_real":6291456,"hash_ms":0}
{"t":1790201646.131,"step":"warmup","method":"GET","uri":"/typo3/ajax/icons?token=c0054631a1702241bac104a2586afdbfa5765c428c7ad8246465747a824e9d7b&icon=%5B%22apps-pagetree-page-domain%22%2C%22small%22%2C%22%22%2C%22default%22%2C%22inline%22%5D","status":200,"ms":21.48,"peak":3646728,"peak_real":4194304,"hash_ms":0}
{"t":1790201646.163,"step":"warmup","method":"GET","uri":"/typo3/ajax/icons?token=c0054631a1702241bac104a2586afdbfa5765c428c7ad8246465747a824e9d7b&icon=%5B%22actions-open%22%2C%22small%22%2Cnull%2C%22default%22%2C%22inline%22%5D","status":200,"ms":16.29,"peak":3646632,"peak_real":4194304,"hash_ms":0}
{"t":1790201646.172,"step":"warmup","method":"POST","uri":"/typo3/clipboard/process?token=7a816e1e7824405728c1c938a291cfc4e4439dc7ab2ccdaabc6d5948f94a2957&action=getClipboardData","status":200,"ms":29.12,"peak":3844424,"peak_real":8388608,"hash_ms":0}
{"t":1790201646.188,"step":"warmup","method":"GET","uri":"/typo3/ajax/icons?token=c0054631a1702241bac104a2586afdbfa5765c428c7ad8246465747a824e9d7b&icon=%5B%22actions-bookmark-add%22%2C%22small%22%2Cnull%2C%22default%22%2C%22inline%22%5D","status":200,"ms":27.66,"peak":3646664,"peak_real":6291456,"hash_ms":0}
{"t":1790201646.208,"step":"warmup","method":"GET","uri":"/typo3/ajax/icons?token=c0054631a1702241bac104a2586afdbfa5765c428c7ad8246465747a824e9d7b&icon=%5B%22actions-circle%22%2C%22small%22%2Cnull%2C%22default%22%2C%22inline%22%5D","status":200,"ms":19.53,"peak":3646632,"peak_real":6291456,"hash_ms":0}
{"t":1790201646.216,"step":"warmup","method":"GET","uri":"/typo3/ajax/icons?token=c0054631a1702241bac104a2586afdbfa5765c428c7ad8246465747a824e9d7b&icon=%5B%22actions-check-circle-alt%22%2C%22small%22%2Cnull%2C%22default%22%2C%22inline%22%5D","status":200,"ms":31.84,"peak":3646728,"peak_real":4194304,"hash_ms":0}
{"t":1790201646.23,"step":"warmup","method":"GET","uri":"/typo3/ajax/icons?token=c0054631a1702241bac104a2586afdbfa5765c428c7ad8246465747a824e9d7b&icon=%5B%22actions-edit-copy%22%2C%22small%22%2Cnull%2C%22default%22%2C%22inline%22%5D","status":200,"ms":46.01,"peak":3646632,"peak_real":6291456,"hash_ms":0}
{"t":1790201646.234,"step":"warmup","method":"GET","uri":"/typo3/ajax/icons?token=c0054631a1702241bac104a2586afdbfa5765c428c7ad8246465747a824e9d7b&icon=%5B%22actions-cut%22%2C%22small%22%2Cnull%2C%22default%22%2C%22inline%22%5D","status":200,"ms":18.86,"peak":3646632,"peak_real":4194304,"hash_ms":0}
{"t":1790201646.283,"step":"warmup","method":"GET","uri":"/typo3/language/domain/en/00630bc9cb71a0ac/backend.pages_new","status":200,"ms":19.13,"peak":3629424,"peak_real":4194304,"hash_ms":0}
{"t":1790201646.326,"step":"warmup","method":"GET","uri":"/typo3/ajax/page/tree/fetchConfiguration?token=f594c1796b862921d5164e59457aa739095924ad853b767a85aea7bd991212ba","status":200,"ms":28.95,"peak":4189784,"peak_real":6291456,"hash_ms":0}
{"t":1790201646.372,"step":"warmup","method":"GET","uri":"/typo3/ajax/page/tree/fetchData?token=8c235c6eb6fbfb4afcfe754c76bfdd21229fa59b45a3368c5393d17059131cc4","status":200,"ms":35.48,"peak":3648720,"peak_real":4194304,"hash_ms":0}
{"t":1790201646.372,"step":"warmup","method":"GET","uri":"/typo3/ajax/icons?token=c0054631a1702241bac104a2586afdbfa5765c428c7ad8246465747a824e9d7b&icon=%5B%22actions-menu-alternative%22%2C%22small%22%2Cnull%2C%22default%22%2C%22inline%22%5D","status":200,"ms":31.69,"peak":3646600,"peak_real":4194304,"hash_ms":0}
{"t":1790201646.378,"step":"warmup","method":"GET","uri":"/typo3/ajax/icons?token=c0054631a1702241bac104a2586afdbfa5765c428c7ad8246465747a824e9d7b&icon=%5B%22actions-refresh%22%2C%22small%22%2Cnull%2C%22default%22%2C%22inline%22%5D","status":200,"ms":36.55,"peak":3646504,"peak_real":4194304,"hash_ms":0}
{"t":1790201646.38,"step":"warmup","method":"GET","uri":"/typo3/ajax/icons?token=c0054631a1702241bac104a2586afdbfa5765c428c7ad8246465747a824e9d7b&icon=%5B%22actions-panel-collapse-start%22%2C%22small%22%2Cnull%2C%22default%22%2C%22inline%22%5D","status":200,"ms":36.18,"peak":3646696,"peak_real":4194304,"hash_ms":0}
{"t":1790201646.382,"step":"warmup","method":"GET","uri":"/typo3/ajax/icons?token=c0054631a1702241bac104a2586afdbfa5765c428c7ad8246465747a824e9d7b&icon=%5B%22apps-pagetree-category-collapse-all%22%2C%22small%22%2Cnull%2C%22default%22%2C%22inline%22%5D","status":200,"ms":37.57,"peak":3646696,"peak_real":4194304,"hash_ms":0}
{"t":1790201646.441,"step":"warmup","method":"GET","uri":"/typo3/ajax/icons?token=c0054631a1702241bac104a2586afdbfa5765c428c7ad8246465747a824e9d7b&icon=%5B%22spinner-circle%22%2C%22medium%22%2Cnull%2C%22default%22%2C%22inline%22%5D","status":200,"ms":55.37,"peak":3646504,"peak_real":4194304,"hash_ms":0}
{"t":1790201646.463,"step":"warmup","method":"GET","uri":"/typo3/ajax/icons?token=c0054631a1702241bac104a2586afdbfa5765c428c7ad8246465747a824e9d7b&icon=%5B%22actions-selection%22%2C%22small%22%2Cnull%2C%22default%22%2C%22inline%22%5D","status":200,"ms":69.92,"peak":3646504,"peak_real":4194304,"hash_ms":0}
{"t":1790201646.465,"step":"warmup","method":"GET","uri":"/typo3/ajax/icons?token=c0054631a1702241bac104a2586afdbfa5765c428c7ad8246465747a824e9d7b&icon=%5B%22apps-pagetree-root%22%2C%22small%22%2C%22%22%2C%22default%22%2C%22inline%22%5D","status":200,"ms":74.7,"peak":3646504,"peak_real":6291456,"hash_ms":0}
{"t":1790201646.475,"step":"warmup","method":"GET","uri":"/typo3/ajax/icons?token=c0054631a1702241bac104a2586afdbfa5765c428c7ad8246465747a824e9d7b&icon=%5B%22actions-chevron-end%22%2C%22small%22%2Cnull%2C%22default%22%2C%22inline%22%5D","status":200,"ms":83.42,"peak":3646504,"peak_real":4194304,"hash_ms":0}
{"t":1790201646.478,"step":"warmup","method":"GET","uri":"/typo3/ajax/icons?token=c0054631a1702241bac104a2586afdbfa5765c428c7ad8246465747a824e9d7b&icon=%5B%22apps-pagetree-page-backend-users%22%2C%22small%22%2Cnull%2C%22default%22%2C%22inline%22%5D","status":200,"ms":45.79,"peak":3646696,"peak_real":4194304,"hash_ms":0}
{"t":1790201646.48,"step":"warmup","method":"GET","uri":"/typo3/ajax/icons?token=c0054631a1702241bac104a2586afdbfa5765c428c7ad8246465747a824e9d7b&icon=%5B%22apps-pagetree-page-default%22%2C%22small%22%2Cnull%2C%22default%22%2C%22inline%22%5D","status":200,"ms":87.41,"peak":3646600,"peak_real":4194304,"hash_ms":0}
{"t":1790201646.495,"step":"warmup","method":"GET","uri":"/typo3/ajax/icons?token=c0054631a1702241bac104a2586afdbfa5765c428c7ad8246465747a824e9d7b&icon=%5B%22apps-pagetree-page-shortcut%22%2C%22small%22%2Cnull%2C%22default%22%2C%22inline%22%5D","status":200,"ms":45.07,"peak":3646600,"peak_real":4194304,"hash_ms":0}
{"t":1790201646.522,"step":"warmup","method":"GET","uri":"/typo3/ajax/icons?token=c0054631a1702241bac104a2586afdbfa5765c428c7ad8246465747a824e9d7b&icon=%5B%22apps-pagetree-page-shortcut-external%22%2C%22small%22%2Cnull%2C%22default%22%2C%22inline%22%5D","status":200,"ms":43.6,"peak":3646728,"peak_real":4194304,"hash_ms":0}
{"t":1790201646.527,"step":"warmup","method":"GET","uri":"/typo3/ajax/icons?token=c0054631a1702241bac104a2586afdbfa5765c428c7ad8246465747a824e9d7b&icon=%5B%22apps-pagetree-page-mountpoint%22%2C%22small%22%2Cnull%2C%22default%22%2C%22inline%22%5D","status":200,"ms":57.3,"peak":3646696,"peak_real":4194304,"hash_ms":0}
{"t":1790201646.53,"step":"warmup","method":"GET","uri":"/typo3/ajax/icons?token=c0054631a1702241bac104a2586afdbfa5765c428c7ad8246465747a824e9d7b&icon=%5B%22apps-pagetree-folder-default%22%2C%22small%22%2Cnull%2C%22default%22%2C%22inline%22%5D","status":200,"ms":41.11,"peak":3646696,"peak_real":4194304,"hash_ms":0}
{"t":1790201646.53,"step":"warmup","method":"GET","uri":"/typo3/ajax/icons?token=c0054631a1702241bac104a2586afdbfa5765c428c7ad8246465747a824e9d7b&icon=%5B%22apps-pagetree-spacer%22%2C%22small%22%2Cnull%2C%22default%22%2C%22inline%22%5D","status":200,"ms":44.73,"peak":3646536,"peak_real":4194304,"hash_ms":0}
{"t":1790201646.532,"step":"warmup","method":"GET","uri":"/typo3/ajax/icons?token=c0054631a1702241bac104a2586afdbfa5765c428c7ad8246465747a824e9d7b&icon=%5B%22actions-check-square%22%2C%22small%22%2Cnull%2C%22default%22%2C%22inline%22%5D","status":200,"ms":30.68,"peak":3646536,"peak_real":4194304,"hash_ms":0}
{"t":1790201646.618,"step":"warmup","method":"GET","uri":"/typo3/record/edit?token=5b4f67e1c5152cc85baa260493c67b58c8563a79256fcb1e2ae09d18a4fede5d&edit[pages][10104]=edit&edit[tt_content][10104]=edit","status":200,"ms":324.04,"peak":8510968,"peak_real":10485760,"hash_ms":0}
{"t":1790201646.728,"step":"warmup","method":"GET","uri":"/typo3/language/domain/en/00630bc9cb71a0ac/backend.alt_doc","status":200,"ms":25.61,"peak":3628600,"peak_real":4194304,"hash_ms":0}
{"t":1790201646.804,"step":"warmup","method":"GET","uri":"/typo3/language/domain/en/00630bc9cb71a0ac/filelist.mod_file_list","status":200,"ms":49.88,"peak":3602152,"peak_real":4194304,"hash_ms":0}
{"t":1790201646.834,"step":"warmup","method":"GET","uri":"/typo3/ajax/icons?token=c0054631a1702241bac104a2586afdbfa5765c428c7ad8246465747a824e9d7b&icon=%5B%22actions-chevron-left%22%2C%22small%22%2Cnull%2C%22default%22%2C%22inline%22%5D","status":200,"ms":31.88,"peak":3646728,"peak_real":4194304,"hash_ms":0}
{"t":1790201646.836,"step":"warmup","method":"GET","uri":"/typo3/ajax/icons?token=c0054631a1702241bac104a2586afdbfa5765c428c7ad8246465747a824e9d7b&icon=%5B%22actions-chevron-right%22%2C%22small%22%2Cnull%2C%22default%22%2C%22inline%22%5D","status":200,"ms":31.65,"peak":3646760,"peak_real":4194304,"hash_ms":0}
{"t":1790201646.865,"step":"warmup","method":"GET","uri":"/typo3/ajax/icons?token=c0054631a1702241bac104a2586afdbfa5765c428c7ad8246465747a824e9d7b&icon=%5B%22actions-chevron-expand%22%2C%22small%22%2Cnull%2C%22default%22%2C%22inline%22%5D","status":200,"ms":32.06,"peak":3646760,"peak_real":4194304,"hash_ms":0}
{"t":1790201646.871,"step":"warmup","method":"GET","uri":"/typo3/ajax/icons?token=c0054631a1702241bac104a2586afdbfa5765c428c7ad8246465747a824e9d7b&icon=%5B%22miscellaneous-placeholder%22%2C%22small%22%2Cnull%2C%22default%22%2C%22inline%22%5D","status":200,"ms":37.68,"peak":3646792,"peak_real":4194304,"hash_ms":0}
{"t":1790201646.937,"step":"warmup","method":"GET","uri":"/typo3/ajax/icons?token=c0054631a1702241bac104a2586afdbfa5765c428c7ad8246465747a824e9d7b&icon=%5B%22actions-exclamation-circle%22%2C%22small%22%2Cnull%2C%22default%22%2C%22inline%22%5D","status":200,"ms":17.19,"peak":3646792,"peak_real":4194304,"hash_ms":0}
{"t":1790201647.102,"step":"warmup","method":"GET","uri":"/typo3/ajax/usersettings/process?token=a5476a17b1900973df80cddf334e2191e8d8d78457beeff457b2e52131d39261&action=getAll","status":200,"ms":13.87,"peak":3642600,"peak_real":6291456,"hash_ms":0}
{"t":1790201647.595,"step":"warmup","method":"POST","uri":"/typo3/record/edit?token=5b4f67e1c5152cc85baa260493c67b58c8563a79256fcb1e2ae09d18a4fede5d&edit%5Bpages%5D%5B10104%5D=edit&edit%5Btt_content%5D%5B10104%5D=edit&returnUrl=/typo3/module/dashboard?token%3D85d90e5627ee11a538e986b61fac45f9663eab914ccde928e55c9e6747f28e07","status":302,"ms":232.57,"peak":4531256,"peak_real":6291456,"hash_ms":0}
{"t":1790201647.745,"step":"warmup","method":"GET","uri":"/typo3/record/edit?token=5b4f67e1c5152cc85baa260493c67b58c8563a79256fcb1e2ae09d18a4fede5d&edit%5Bpages%5D%5B10104%5D=edit&edit%5Btt_content%5D%5B10104%5D=edit&returnUrl=/typo3/module/dashboard?token%3D85d90e5627ee11a538e986b61fac45f9663eab914ccde928e55c9e6747f28e07","status":200,"ms":147.62,"peak":7953720,"peak_real":10485760,"hash_ms":0}
{"t":1790201647.953,"step":"warmup","method":"GET","uri":"/typo3/ajax/icons?token=c0054631a1702241bac104a2586afdbfa5765c428c7ad8246465747a824e9d7b&icon=%5B%22actions-close%22%2C%22small%22%2Cnull%2C%22default%22%2C%22inline%22%5D","status":200,"ms":18.34,"peak":3646784,"peak_real":4194304,"hash_ms":0}
{"t":1790201647.953,"step":"warmup","method":"GET","uri":"/typo3/ajax/icons?token=c0054631a1702241bac104a2586afdbfa5765c428c7ad8246465747a824e9d7b&icon=%5B%22actions-check%22%2C%22small%22%2Cnull%2C%22default%22%2C%22inline%22%5D","status":200,"ms":14.58,"peak":3646784,"peak_real":4194304,"hash_ms":0}
{"t":1790201648.08,"step":"warmup","method":"GET","uri":"/typo3/ajax/usersettings/process?token=a5476a17b1900973df80cddf334e2191e8d8d78457beeff457b2e52131d39261&action=getAll","status":200,"ms":13.66,"peak":3642816,"peak_real":4194304,"hash_ms":0}
{"t":1790201648.234,"step":"warmup","method":"GET","uri":"/typo3/record/edit?token=5b4f67e1c5152cc85baa260493c67b58c8563a79256fcb1e2ae09d18a4fede5d&edit[pages][10103]=new","status":200,"ms":105.04,"peak":6916016,"peak_real":8388608,"hash_ms":0}
{"t":1790201648.363,"step":"warmup","method":"GET","uri":"/typo3/ajax/icons?token=c0054631a1702241bac104a2586afdbfa5765c428c7ad8246465747a824e9d7b&icon=%5B%22apps-pagetree-page-default%22%2C%22small%22%2C%22overlay-new%22%2C%22default%22%2C%22inline%22%5D","status":200,"ms":16.34,"peak":3646784,"peak_real":4194304,"hash_ms":0}
{"t":1790201648.408,"step":"warmup","method":"GET","uri":"/typo3/ajax/usersettings/process?token=a5476a17b1900973df80cddf334e2191e8d8d78457beeff457b2e52131d39261&action=getAll","status":200,"ms":14.17,"peak":3642496,"peak_real":4194304,"hash_ms":0}
{"t":1790201648.544,"step":"warmup","method":"GET","uri":"/typo3/logout?token=1b43ff63cc5e7b95aa07da7240e7c5840e6c0f9d1066418db145521c1897e6e0","status":303,"ms":69.14,"peak":3694088,"peak_real":4194304,"hash_ms":0}
{"t":1790201648.574,"step":"warmup","method":"GET","uri":"/typo3/login","status":200,"ms":27.78,"peak":4784232,"peak_real":6291456,"hash_ms":0}
{"t":1790201648.624,"step":"warmup","method":"GET","uri":"/typo3/ajax/login/preflight","status":200,"ms":16.2,"peak":3502328,"peak_real":4194304,"hash_ms":0}
{"t":1790201648.675,"step":"login:round 1","method":"GET","uri":"/typo3/","status":200,"ms":25.3,"peak":4720832,"peak_real":6291456,"hash_ms":0}
{"t":1790201648.726,"step":"login:round 1","method":"GET","uri":"/typo3/ajax/login/preflight","status":200,"ms":21.47,"peak":3504248,"peak_real":4194304,"hash_ms":0}
{"t":1790201649.487,"step":"login:round 1","method":"POST","uri":"/typo3/login?loginProvider=1433416747","status":303,"ms":701.04,"peak":3707768,"peak_real":6291456,"hash_ms":623.19}
{"t":1790201649.546,"step":"login:round 1","method":"GET","uri":"/typo3/main?token=df30b409fdcb1abd6455b9faf45d173b29c2a16c880786aef1065c179e51b098","status":200,"ms":57.44,"peak":6368192,"peak_real":8388608,"hash_ms":0}
{"t":1790201649.63,"step":"login:round 1","method":"GET","uri":"/typo3/ajax/usersettings/process?token=87031189766bb367e7c93e5dc6bb5ca72010256155a50a052fbaa7d3becf3c54&action=getAll","status":200,"ms":14.35,"peak":3644344,"peak_real":4194304,"hash_ms":0}
{"t":1790201649.678,"step":"login:round 1","method":"GET","uri":"/typo3/ajax/bookmark/list?token=25ee505e5c14e8883d417d10d2fa0314a30d0b8300a9c70e4a39f46a3a31c9f7","status":200,"ms":31.49,"peak":3651288,"peak_real":4194304,"hash_ms":0}
{"t":1790201649.692,"step":"login:round 1","method":"GET","uri":"/typo3/ajax/system-information/render?token=1967b8236c6ce4d0b1d7e997c4426ce06d6872132587866e2aa3978f8b9fd6eb&skipSessionUpdate=1","status":200,"ms":25.97,"peak":4099968,"peak_real":6291456,"hash_ms":0}
{"t":1790201649.713,"step":"login:round 1","method":"GET","uri":"/typo3/module/dashboard?token=23cdfe7f8420fc1723050561934b2672fe7f30bd6452ae742afe252d76bfca0e","status":200,"ms":55.42,"peak":5263968,"peak_real":6291456,"hash_ms":0}
{"t":1790201649.783,"step":"login:round 1","method":"GET","uri":"/typo3/ajax/dashboard/dashboards/get?token=d7c846b839598a531011331750b3a2231b3fe9211c7c648bcc9b8c5c1540f6cc","status":200,"ms":19.65,"peak":3706568,"peak_real":4194304,"hash_ms":0}
{"t":1790201649.829,"step":"login:round 1","method":"GET","uri":"/typo3/ajax/dashboard/widget/get?token=1359e2606c26118fdac6150f0ce7c4313e959063c4139ee1e128e8551b1efef6&widget=3f9b617441b925ce0b90af0d691d37f43170e142","status":200,"ms":35.3,"peak":4139024,"peak_real":6291456,"hash_ms":0}
{"t":1790201649.83,"step":"login:round 1","method":"GET","uri":"/typo3/ajax/dashboard/widget/get?token=1359e2606c26118fdac6150f0ce7c4313e959063c4139ee1e128e8551b1efef6&widget=345e9b24bca4c578fafec1f4b2133252fbb27da8","status":200,"ms":35.69,"peak":4139120,"peak_real":6291456,"hash_ms":0}
{"t":1790201650.08,"step":"login:round 1","method":"GET","uri":"/typo3/module/content/records?token=9c56cdb462d96e4901ba98a1d6e26ea116c52b4580058ecf7e1c395ceca7ceb1&id=10103","status":200,"ms":209.47,"peak":6574504,"peak_real":8388608,"hash_ms":0}
{"t":1790201650.232,"step":"login:round 1","method":"POST","uri":"/typo3/clipboard/process?token=5959e416f42a0464af231e517fe305f08a46e38fb966e3fb0eb1a22075a8da52&action=getClipboardData","status":200,"ms":17.85,"peak":3846296,"peak_real":4194304,"hash_ms":0}
{"t":1790201650.299,"step":"login:round 1","method":"GET","uri":"/typo3/ajax/page/tree/fetchConfiguration?token=c3744dcdbfba9413dec8af91b3355db668ac96ab49cc36b134476648ebde6c0e","status":200,"ms":21.47,"peak":4081488,"peak_real":6291456,"hash_ms":0}
{"t":1790201650.331,"step":"open-edit:page 10104","method":"GET","uri":"/typo3/ajax/page/tree/fetchData?token=1ce2befc571579f33dc416817216bf3aabc90285b0d7e61168e811a500d187c3","status":200,"ms":23.39,"peak":3650608,"peak_real":6291456,"hash_ms":0}
{"t":1790201650.361,"step":"open-edit:page 10104","method":"GET","uri":"/typo3/ajax/icons?token=62ea6f4ef44e5761645db4a3de9b6b720bcf5427659b63c76a6b7a6fd0baf43d&icon=%5B%22actions-selection%22%2C%22small%22%2Cnull%2C%22default%22%2C%22inline%22%5D","status":200,"ms":22.19,"peak":3648392,"peak_real":4194304,"hash_ms":0}
{"t":1790201650.435,"step":"open-edit:page 10104","method":"GET","uri":"/typo3/record/edit?token=001fb572b64db3d1af71c5c1559216c1dbb14d45be7856ce70551dd2c93947bb&edit[pages][10104]=edit&edit[tt_content][10104]=edit","status":200,"ms":135.38,"peak":7487664,"peak_real":10485760,"hash_ms":0}
{"t":1790201650.742,"step":"open-edit:page 10104","method":"GET","uri":"/typo3/ajax/usersettings/process?token=87031189766bb367e7c93e5dc6bb5ca72010256155a50a052fbaa7d3becf3c54&action=getAll","status":200,"ms":14.3,"peak":3644488,"peak_real":4194304,"hash_ms":0}
{"t":1790201651.12,"step":"save-edit:page 10104","method":"POST","uri":"/typo3/record/edit?token=001fb572b64db3d1af71c5c1559216c1dbb14d45be7856ce70551dd2c93947bb&edit%5Bpages%5D%5B10104%5D=edit&edit%5Btt_content%5D%5B10104%5D=edit&returnUrl=/typo3/module/dashboard?token%3D23cdfe7f8420fc1723050561934b2672fe7f30bd6452ae742afe252d76bfca0e","status":302,"ms":211.5,"peak":4631912,"peak_real":6291456,"hash_ms":0}
{"t":1790201651.295,"step":"save-edit:page 10104","method":"GET","uri":"/typo3/record/edit?token=001fb572b64db3d1af71c5c1559216c1dbb14d45be7856ce70551dd2c93947bb&edit%5Bpages%5D%5B10104%5D=edit&edit%5Btt_content%5D%5B10104%5D=edit&returnUrl=/typo3/module/dashboard?token%3D23cdfe7f8420fc1723050561934b2672fe7f30bd6452ae742afe252d76bfca0e","status":200,"ms":173.06,"peak":7696536,"peak_real":10485760,"hash_ms":0}
{"t":1790201651.442,"step":"save-edit:page 10104","method":"GET","uri":"/typo3/ajax/page/tree/fetchData?token=1ce2befc571579f33dc416817216bf3aabc90285b0d7e61168e811a500d187c3","status":200,"ms":27.32,"peak":3650944,"peak_real":4194304,"hash_ms":0}
{"t":1790201651.65,"step":"save-edit:page 10104","method":"GET","uri":"/typo3/ajax/usersettings/process?token=87031189766bb367e7c93e5dc6bb5ca72010256155a50a052fbaa7d3becf3c54&action=getAll","status":200,"ms":13.55,"peak":3644744,"peak_real":4194304,"hash_ms":0}
{"t":1790201651.914,"step":"open-edit:page 10105","method":"GET","uri":"/typo3/record/edit?token=001fb572b64db3d1af71c5c1559216c1dbb14d45be7856ce70551dd2c93947bb&edit[pages][10105]=edit&edit[tt_content][10105]=edit","status":200,"ms":155.53,"peak":7632320,"peak_real":10485760,"hash_ms":0}
{"t":1790201652.179,"step":"open-edit:page 10105","method":"GET","uri":"/typo3/ajax/usersettings/process?token=87031189766bb367e7c93e5dc6bb5ca72010256155a50a052fbaa7d3becf3c54&action=getAll","status":200,"ms":13.63,"peak":3644488,"peak_real":4194304,"hash_ms":0}
{"t":1790201652.554,"step":"save-edit:page 10105","method":"POST","uri":"/typo3/record/edit?token=001fb572b64db3d1af71c5c1559216c1dbb14d45be7856ce70551dd2c93947bb&edit%5Bpages%5D%5B10105%5D=edit&edit%5Btt_content%5D%5B10105%5D=edit&returnUrl=/typo3/module/dashboard?token%3D23cdfe7f8420fc1723050561934b2672fe7f30bd6452ae742afe252d76bfca0e","status":302,"ms":226.84,"peak":4630872,"peak_real":6291456,"hash_ms":0}
{"t":1790201652.703,"step":"save-edit:page 10105","method":"GET","uri":"/typo3/record/edit?token=001fb572b64db3d1af71c5c1559216c1dbb14d45be7856ce70551dd2c93947bb&edit%5Bpages%5D%5B10105%5D=edit&edit%5Btt_content%5D%5B10105%5D=edit&returnUrl=/typo3/module/dashboard?token%3D23cdfe7f8420fc1723050561934b2672fe7f30bd6452ae742afe252d76bfca0e","status":200,"ms":146.75,"peak":7696536,"peak_real":10485760,"hash_ms":0}
{"t":1790201652.798,"step":"save-edit:page 10105","method":"GET","uri":"/typo3/ajax/page/tree/fetchData?token=1ce2befc571579f33dc416817216bf3aabc90285b0d7e61168e811a500d187c3","status":200,"ms":22.3,"peak":3650960,"peak_real":4194304,"hash_ms":0}
{"t":1790201653.002,"step":"save-edit:page 10105","method":"GET","uri":"/typo3/ajax/usersettings/process?token=87031189766bb367e7c93e5dc6bb5ca72010256155a50a052fbaa7d3becf3c54&action=getAll","status":200,"ms":13.99,"peak":3644744,"peak_real":8388608,"hash_ms":0}
{"t":1790201653.259,"step":"open-edit:page 10106","method":"GET","uri":"/typo3/record/edit?token=001fb572b64db3d1af71c5c1559216c1dbb14d45be7856ce70551dd2c93947bb&edit[pages][10106]=edit&edit[tt_content][10106]=edit","status":200,"ms":192.7,"peak":7632320,"peak_real":10485760,"hash_ms":0}
{"t":1790201653.58,"step":"open-edit:page 10106","method":"GET","uri":"/typo3/ajax/usersettings/process?token=87031189766bb367e7c93e5dc6bb5ca72010256155a50a052fbaa7d3becf3c54&action=getAll","status":200,"ms":14.26,"peak":3644488,"peak_real":4194304,"hash_ms":0}
{"t":1790201653.924,"step":"save-edit:page 10106","method":"POST","uri":"/typo3/record/edit?token=001fb572b64db3d1af71c5c1559216c1dbb14d45be7856ce70551dd2c93947bb&edit%5Bpages%5D%5B10106%5D=edit&edit%5Btt_content%5D%5B10106%5D=edit&returnUrl=/typo3/module/dashboard?token%3D23cdfe7f8420fc1723050561934b2672fe7f30bd6452ae742afe252d76bfca0e","status":302,"ms":202.37,"peak":4630872,"peak_real":6291456,"hash_ms":0}
{"t":1790201654.103,"step":"save-edit:page 10106","method":"GET","uri":"/typo3/record/edit?token=001fb572b64db3d1af71c5c1559216c1dbb14d45be7856ce70551dd2c93947bb&edit%5Bpages%5D%5B10106%5D=edit&edit%5Btt_content%5D%5B10106%5D=edit&returnUrl=/typo3/module/dashboard?token%3D23cdfe7f8420fc1723050561934b2672fe7f30bd6452ae742afe252d76bfca0e","status":200,"ms":177.6,"peak":7696536,"peak_real":10485760,"hash_ms":0}
{"t":1790201654.19,"step":"save-edit:page 10106","method":"GET","uri":"/typo3/ajax/page/tree/fetchData?token=1ce2befc571579f33dc416817216bf3aabc90285b0d7e61168e811a500d187c3","status":200,"ms":20.11,"peak":3650976,"peak_real":6291456,"hash_ms":0}
{"t":1790201654.436,"step":"save-edit:page 10106","method":"GET","uri":"/typo3/ajax/usersettings/process?token=87031189766bb367e7c93e5dc6bb5ca72010256155a50a052fbaa7d3becf3c54&action=getAll","status":200,"ms":17.31,"peak":3644744,"peak_real":6291456,"hash_ms":0}
{"t":1790201654.651,"step":"open-edit:page 10107","method":"GET","uri":"/typo3/record/edit?token=001fb572b64db3d1af71c5c1559216c1dbb14d45be7856ce70551dd2c93947bb&edit[pages][10107]=edit&edit[tt_content][10107]=edit","status":200,"ms":156.25,"peak":7632320,"peak_real":10485760,"hash_ms":0}
{"t":1790201654.962,"step":"open-edit:page 10107","method":"GET","uri":"/typo3/ajax/usersettings/process?token=87031189766bb367e7c93e5dc6bb5ca72010256155a50a052fbaa7d3becf3c54&action=getAll","status":200,"ms":14.72,"peak":3644488,"peak_real":6291456,"hash_ms":0}
{"t":1790201655.351,"step":"save-edit:page 10107","method":"POST","uri":"/typo3/record/edit?token=001fb572b64db3d1af71c5c1559216c1dbb14d45be7856ce70551dd2c93947bb&edit%5Bpages%5D%5B10107%5D=edit&edit%5Btt_content%5D%5B10107%5D=edit&returnUrl=/typo3/module/dashboard?token%3D23cdfe7f8420fc1723050561934b2672fe7f30bd6452ae742afe252d76bfca0e","status":302,"ms":207.75,"peak":4630872,"peak_real":6291456,"hash_ms":0}
{"t":1790201655.537,"step":"save-edit:page 10107","method":"GET","uri":"/typo3/record/edit?token=001fb572b64db3d1af71c5c1559216c1dbb14d45be7856ce70551dd2c93947bb&edit%5Bpages%5D%5B10107%5D=edit&edit%5Btt_content%5D%5B10107%5D=edit&returnUrl=/typo3/module/dashboard?token%3D23cdfe7f8420fc1723050561934b2672fe7f30bd6452ae742afe252d76bfca0e","status":200,"ms":183.1,"peak":7696536,"peak_real":10485760,"hash_ms":0}
{"t":1790201655.631,"step":"save-edit:page 10107","method":"GET","uri":"/typo3/ajax/page/tree/fetchData?token=1ce2befc571579f33dc416817216bf3aabc90285b0d7e61168e811a500d187c3","status":200,"ms":20.05,"peak":3650992,"peak_real":6291456,"hash_ms":0}
{"t":1790201655.874,"step":"save-edit:page 10107","method":"GET","uri":"/typo3/ajax/usersettings/process?token=87031189766bb367e7c93e5dc6bb5ca72010256155a50a052fbaa7d3becf3c54&action=getAll","status":200,"ms":18.69,"peak":3644744,"peak_real":6291456,"hash_ms":0}
{"t":1790201656.078,"step":"open-edit:page 10108","method":"GET","uri":"/typo3/record/edit?token=001fb572b64db3d1af71c5c1559216c1dbb14d45be7856ce70551dd2c93947bb&edit[pages][10108]=edit&edit[tt_content][10108]=edit","status":200,"ms":153.63,"peak":7632320,"peak_real":10485760,"hash_ms":0}
{"t":1790201656.405,"step":"open-edit:page 10108","method":"GET","uri":"/typo3/ajax/usersettings/process?token=87031189766bb367e7c93e5dc6bb5ca72010256155a50a052fbaa7d3becf3c54&action=getAll","status":200,"ms":15.54,"peak":3644488,"peak_real":4194304,"hash_ms":0}
{"t":1790201656.768,"step":"save-edit:page 10108","method":"POST","uri":"/typo3/record/edit?token=001fb572b64db3d1af71c5c1559216c1dbb14d45be7856ce70551dd2c93947bb&edit%5Bpages%5D%5B10108%5D=edit&edit%5Btt_content%5D%5B10108%5D=edit&returnUrl=/typo3/module/dashboard?token%3D23cdfe7f8420fc1723050561934b2672fe7f30bd6452ae742afe252d76bfca0e","status":302,"ms":209.71,"peak":4630872,"peak_real":6291456,"hash_ms":0}
{"t":1790201656.925,"step":"save-edit:page 10108","method":"GET","uri":"/typo3/record/edit?token=001fb572b64db3d1af71c5c1559216c1dbb14d45be7856ce70551dd2c93947bb&edit%5Bpages%5D%5B10108%5D=edit&edit%5Btt_content%5D%5B10108%5D=edit&returnUrl=/typo3/module/dashboard?token%3D23cdfe7f8420fc1723050561934b2672fe7f30bd6452ae742afe252d76bfca0e","status":200,"ms":154.97,"peak":7696536,"peak_real":10485760,"hash_ms":0}
{"t":1790201657.024,"step":"save-edit:page 10108","method":"GET","uri":"/typo3/ajax/page/tree/fetchData?token=1ce2befc571579f33dc416817216bf3aabc90285b0d7e61168e811a500d187c3","status":200,"ms":25.12,"peak":3651008,"peak_real":6291456,"hash_ms":0}
{"t":1790201657.264,"step":"save-edit:page 10108","method":"GET","uri":"/typo3/ajax/usersettings/process?token=87031189766bb367e7c93e5dc6bb5ca72010256155a50a052fbaa7d3becf3c54&action=getAll","status":200,"ms":13.99,"peak":3644744,"peak_real":4194304,"hash_ms":0}
{"t":1790201657.523,"step":"open-create:page 1","method":"GET","uri":"/typo3/record/edit?token=001fb572b64db3d1af71c5c1559216c1dbb14d45be7856ce70551dd2c93947bb&edit[pages][10103]=new","status":200,"ms":142.43,"peak":6849632,"peak_real":8388608,"hash_ms":0}
{"t":1790201657.653,"step":"open-create:page 1","method":"GET","uri":"/typo3/ajax/usersettings/process?token=87031189766bb367e7c93e5dc6bb5ca72010256155a50a052fbaa7d3becf3c54&action=getAll","status":200,"ms":14.08,"peak":3644424,"peak_real":4194304,"hash_ms":0}
{"t":1790201657.911,"step":"save-create:page 1","method":"POST","uri":"/typo3/record/edit?token=001fb572b64db3d1af71c5c1559216c1dbb14d45be7856ce70551dd2c93947bb&edit%5Bpages%5D%5B10103%5D=new&returnUrl=/typo3/module/dashboard?token%3D23cdfe7f8420fc1723050561934b2672fe7f30bd6452ae742afe252d76bfca0e","status":302,"ms":158.09,"peak":4615488,"peak_real":6291456,"hash_ms":0}
{"t":1790201658.047,"step":"save-create:page 1","method":"GET","uri":"/typo3/record/edit?token=001fb572b64db3d1af71c5c1559216c1dbb14d45be7856ce70551dd2c93947bb&edit%5Bpages%5D%5B10129%5D=edit&returnUrl=/typo3/module/dashboard?token%3D23cdfe7f8420fc1723050561934b2672fe7f30bd6452ae742afe252d76bfca0e","status":200,"ms":133.78,"peak":7264376,"peak_real":10485760,"hash_ms":0}
{"t":1790201658.137,"step":"save-create:page 1","method":"GET","uri":"/typo3/ajax/page/tree/fetchData?token=1ce2befc571579f33dc416817216bf3aabc90285b0d7e61168e811a500d187c3","status":200,"ms":21.38,"peak":3897776,"peak_real":4194304,"hash_ms":0}
{"t":1790201658.175,"step":"save-create:page 1","method":"GET","uri":"/typo3/ajax/icons?token=62ea6f4ef44e5761645db4a3de9b6b720bcf5427659b63c76a6b7a6fd0baf43d&icon=%5B%22apps-pagetree-page-default%22%2C%22small%22%2C%22overlay-hidden%22%2C%22default%22%2C%22inline%22%5D","status":200,"ms":15.53,"peak":3649160,"peak_real":6291456,"hash_ms":0}
{"t":1790201658.219,"step":"save-create:page 1","method":"GET","uri":"/typo3/ajax/usersettings/process?token=87031189766bb367e7c93e5dc6bb5ca72010256155a50a052fbaa7d3becf3c54&action=getAll","status":200,"ms":13.62,"peak":3644744,"peak_real":4194304,"hash_ms":0}
{"t":1790201658.223,"step":"save-create:page 1","method":"POST","uri":"/typo3/ajax/record/slug/suggest?token=8ea925814a54c5df0d62fa61e2b2004a4a0ab1ffce4a067cd0a0787d29b63933","status":200,"ms":278.64,"peak":3651640,"peak_real":6291456,"hash_ms":0}
{"t":1790201658.389,"step":"save-create:page 1","method":"GET","uri":"/typo3/record/edit?token=001fb572b64db3d1af71c5c1559216c1dbb14d45be7856ce70551dd2c93947bb&edit[tt_content][10129]=new&defVals[tt_content][CType]=text","status":200,"ms":155.35,"peak":6757040,"peak_real":8388608,"hash_ms":0}
{"t":1790201658.526,"step":"save-create:page 1","method":"GET","uri":"/typo3/ajax/icons?token=62ea6f4ef44e5761645db4a3de9b6b720bcf5427659b63c76a6b7a6fd0baf43d&icon=%5B%22mimetypes-x-content-text%22%2C%22small%22%2C%22overlay-new%22%2C%22default%22%2C%22inline%22%5D","status":200,"ms":19.12,"peak":3648776,"peak_real":4194304,"hash_ms":0}
{"t":1790201658.646,"step":"save-create:page 1","method":"GET","uri":"/typo3/ajax/usersettings/process?token=87031189766bb367e7c93e5dc6bb5ca72010256155a50a052fbaa7d3becf3c54&action=getAll","status":200,"ms":15.32,"peak":3644488,"peak_real":6291456,"hash_ms":0}
{"t":1790201658.921,"step":"save-create:page 1","method":"POST","uri":"/typo3/record/edit?token=001fb572b64db3d1af71c5c1559216c1dbb14d45be7856ce70551dd2c93947bb&edit%5Btt_content%5D%5B10129%5D=new&defVals%5Btt_content%5D%5BCType%5D=text&returnUrl=/typo3/module/dashboard?token%3D23cdfe7f8420fc1723050561934b2672fe7f30bd6452ae742afe252d76bfca0e","status":302,"ms":118.95,"peak":4320136,"peak_real":6291456,"hash_ms":0}
{"t":1790201659.034,"step":"save-create:page 1","method":"GET","uri":"/typo3/record/edit?token=001fb572b64db3d1af71c5c1559216c1dbb14d45be7856ce70551dd2c93947bb&edit%5Btt_content%5D%5B10129%5D=edit&returnUrl=/typo3/module/dashboard?token%3D23cdfe7f8420fc1723050561934b2672fe7f30bd6452ae742afe252d76bfca0e","status":200,"ms":111.62,"peak":6857520,"peak_real":8388608,"hash_ms":0}
{"t":1790201659.184,"step":"save-create:page 1","method":"GET","uri":"/typo3/ajax/icons?token=62ea6f4ef44e5761645db4a3de9b6b720bcf5427659b63c76a6b7a6fd0baf43d&icon=%5B%22mimetypes-x-content-text%22%2C%22small%22%2C%22%22%2C%22default%22%2C%22inline%22%5D","status":200,"ms":18.54,"peak":3648936,"peak_real":4194304,"hash_ms":0}
{"t":1790201659.317,"step":"save-create:page 1","method":"GET","uri":"/typo3/ajax/usersettings/process?token=87031189766bb367e7c93e5dc6bb5ca72010256155a50a052fbaa7d3becf3c54&action=getAll","status":200,"ms":15.09,"peak":3644744,"peak_real":4194304,"hash_ms":0}
{"t":1790201659.446,"step":"save-create:page 1","method":"GET","uri":"/typo3/record/edit?token=001fb572b64db3d1af71c5c1559216c1dbb14d45be7856ce70551dd2c93947bb&edit[pages][10129]=edit","status":200,"ms":116.08,"peak":6990232,"peak_real":8388608,"hash_ms":0}
{"t":1790201659.637,"step":"save-create:page 1","method":"GET","uri":"/typo3/ajax/usersettings/process?token=87031189766bb367e7c93e5dc6bb5ca72010256155a50a052fbaa7d3becf3c54&action=getAll","status":200,"ms":15.77,"peak":3644424,"peak_real":6291456,"hash_ms":0}
{"t":1790201659.785,"step":"open-create:page 2","method":"GET","uri":"/typo3/record/edit?token=001fb572b64db3d1af71c5c1559216c1dbb14d45be7856ce70551dd2c93947bb&edit[pages][10103]=new","status":200,"ms":102.61,"peak":6849632,"peak_real":8388608,"hash_ms":0}
{"t":1790201659.934,"step":"open-create:page 2","method":"GET","uri":"/typo3/ajax/usersettings/process?token=87031189766bb367e7c93e5dc6bb5ca72010256155a50a052fbaa7d3becf3c54&action=getAll","status":200,"ms":16.14,"peak":3644424,"peak_real":4194304,"hash_ms":0}
{"t":1790201660.234,"step":"save-create:page 2","method":"POST","uri":"/typo3/record/edit?token=001fb572b64db3d1af71c5c1559216c1dbb14d45be7856ce70551dd2c93947bb&edit%5Bpages%5D%5B10103%5D=new&returnUrl=/typo3/module/dashboard?token%3D23cdfe7f8420fc1723050561934b2672fe7f30bd6452ae742afe252d76bfca0e","status":302,"ms":161,"peak":4615488,"peak_real":6291456,"hash_ms":0}
{"t":1790201660.384,"step":"save-create:page 2","method":"GET","uri":"/typo3/record/edit?token=001fb572b64db3d1af71c5c1559216c1dbb14d45be7856ce70551dd2c93947bb&edit%5Bpages%5D%5B10130%5D=edit&returnUrl=/typo3/module/dashboard?token%3D23cdfe7f8420fc1723050561934b2672fe7f30bd6452ae742afe252d76bfca0e","status":200,"ms":147.8,"peak":7264376,"peak_real":10485760,"hash_ms":0}
{"t":1790201660.471,"step":"save-create:page 2","method":"GET","uri":"/typo3/ajax/page/tree/fetchData?token=1ce2befc571579f33dc416817216bf3aabc90285b0d7e61168e811a500d187c3","status":200,"ms":27.27,"peak":3900560,"peak_real":4194304,"hash_ms":0}
{"t":1790201660.544,"step":"save-create:page 2","method":"GET","uri":"/typo3/ajax/usersettings/process?token=87031189766bb367e7c93e5dc6bb5ca72010256155a50a052fbaa7d3becf3c54&action=getAll","status":200,"ms":13.84,"peak":3644744,"peak_real":6291456,"hash_ms":0}
{"t":1790201660.577,"step":"save-create:page 2","method":"POST","uri":"/typo3/ajax/record/slug/suggest?token=8ea925814a54c5df0d62fa61e2b2004a4a0ab1ffce4a067cd0a0787d29b63933","status":200,"ms":329.74,"peak":3651640,"peak_real":4194304,"hash_ms":0}
{"t":1790201660.648,"step":"save-create:page 2","method":"GET","uri":"/typo3/record/edit?token=001fb572b64db3d1af71c5c1559216c1dbb14d45be7856ce70551dd2c93947bb&edit[tt_content][10130]=new&defVals[tt_content][CType]=text","status":200,"ms":112.39,"peak":6757040,"peak_real":8388608,"hash_ms":0}
{"t":1790201660.884,"step":"save-create:page 2","method":"GET","uri":"/typo3/ajax/usersettings/process?token=87031189766bb367e7c93e5dc6bb5ca72010256155a50a052fbaa7d3becf3c54&action=getAll","status":200,"ms":14.84,"peak":3644488,"peak_real":6291456,"hash_ms":0}
{"t":1790201661.123,"step":"save-create:page 2","method":"POST","uri":"/typo3/record/edit?token=001fb572b64db3d1af71c5c1559216c1dbb14d45be7856ce70551dd2c93947bb&edit%5Btt_content%5D%5B10130%5D=new&defVals%5Btt_content%5D%5BCType%5D=text&returnUrl=/typo3/module/dashboard?token%3D23cdfe7f8420fc1723050561934b2672fe7f30bd6452ae742afe252d76bfca0e","status":302,"ms":99.98,"peak":4320136,"peak_real":6291456,"hash_ms":0}
{"t":1790201661.237,"step":"save-create:page 2","method":"GET","uri":"/typo3/record/edit?token=001fb572b64db3d1af71c5c1559216c1dbb14d45be7856ce70551dd2c93947bb&edit%5Btt_content%5D%5B10130%5D=edit&returnUrl=/typo3/module/dashboard?token%3D23cdfe7f8420fc1723050561934b2672fe7f30bd6452ae742afe252d76bfca0e","status":200,"ms":111.99,"peak":6857520,"peak_real":8388608,"hash_ms":0}
{"t":1790201661.502,"step":"save-create:page 2","method":"GET","uri":"/typo3/ajax/usersettings/process?token=87031189766bb367e7c93e5dc6bb5ca72010256155a50a052fbaa7d3becf3c54&action=getAll","status":200,"ms":16.12,"peak":3644744,"peak_real":8388608,"hash_ms":0}
{"t":1790201661.588,"step":"save-create:page 2","method":"GET","uri":"/typo3/record/edit?token=001fb572b64db3d1af71c5c1559216c1dbb14d45be7856ce70551dd2c93947bb&edit[pages][10130]=edit","status":200,"ms":99.28,"peak":6990232,"peak_real":8388608,"hash_ms":0}
{"t":1790201661.726,"step":"save-create:page 2","method":"GET","uri":"/typo3/ajax/usersettings/process?token=87031189766bb367e7c93e5dc6bb5ca72010256155a50a052fbaa7d3becf3c54&action=getAll","status":200,"ms":13.84,"peak":3644424,"peak_real":4194304,"hash_ms":0}
{"t":1790201661.857,"step":"open-create:page 3","method":"GET","uri":"/typo3/record/edit?token=001fb572b64db3d1af71c5c1559216c1dbb14d45be7856ce70551dd2c93947bb&edit[pages][10103]=new","status":200,"ms":92.19,"peak":6849632,"peak_real":8388608,"hash_ms":0}
{"t":1790201661.984,"step":"open-create:page 3","method":"GET","uri":"/typo3/ajax/usersettings/process?token=87031189766bb367e7c93e5dc6bb5ca72010256155a50a052fbaa7d3becf3c54&action=getAll","status":200,"ms":13.81,"peak":3644424,"peak_real":6291456,"hash_ms":0}
{"t":1790201662.234,"step":"save-create:page 3","method":"POST","uri":"/typo3/record/edit?token=001fb572b64db3d1af71c5c1559216c1dbb14d45be7856ce70551dd2c93947bb&edit%5Bpages%5D%5B10103%5D=new&returnUrl=/typo3/module/dashboard?token%3D23cdfe7f8420fc1723050561934b2672fe7f30bd6452ae742afe252d76bfca0e","status":302,"ms":145.67,"peak":4615488,"peak_real":6291456,"hash_ms":0}
{"t":1790201662.375,"step":"save-create:page 3","method":"GET","uri":"/typo3/record/edit?token=001fb572b64db3d1af71c5c1559216c1dbb14d45be7856ce70551dd2c93947bb&edit%5Bpages%5D%5B10131%5D=edit&returnUrl=/typo3/module/dashboard?token%3D23cdfe7f8420fc1723050561934b2672fe7f30bd6452ae742afe252d76bfca0e","status":200,"ms":138.89,"peak":7264376,"peak_real":10485760,"hash_ms":0}
{"t":1790201662.476,"step":"save-create:page 3","method":"GET","uri":"/typo3/ajax/page/tree/fetchData?token=1ce2befc571579f33dc416817216bf3aabc90285b0d7e61168e811a500d187c3","status":200,"ms":31.67,"peak":3903344,"peak_real":6291456,"hash_ms":0}
{"t":1790201662.569,"step":"save-create:page 3","method":"POST","uri":"/typo3/ajax/record/slug/suggest?token=8ea925814a54c5df0d62fa61e2b2004a4a0ab1ffce4a067cd0a0787d29b63933","status":200,"ms":278.94,"peak":3651640,"peak_real":6291456,"hash_ms":0}
{"t":1790201662.58,"step":"save-create:page 3","method":"GET","uri":"/typo3/ajax/usersettings/process?token=87031189766bb367e7c93e5dc6bb5ca72010256155a50a052fbaa7d3becf3c54&action=getAll","status":200,"ms":17.34,"peak":3644744,"peak_real":6291456,"hash_ms":0}
{"t":1790201662.688,"step":"save-create:page 3","method":"GET","uri":"/typo3/record/edit?token=001fb572b64db3d1af71c5c1559216c1dbb14d45be7856ce70551dd2c93947bb&edit[tt_content][10131]=new&defVals[tt_content][CType]=text","status":200,"ms":124.94,"peak":6757040,"peak_real":8388608,"hash_ms":0}
{"t":1790201662.988,"step":"save-create:page 3","method":"GET","uri":"/typo3/ajax/usersettings/process?token=87031189766bb367e7c93e5dc6bb5ca72010256155a50a052fbaa7d3becf3c54&action=getAll","status":200,"ms":16.15,"peak":3644488,"peak_real":6291456,"hash_ms":0}
{"t":1790201663.226,"step":"save-create:page 3","method":"POST","uri":"/typo3/record/edit?token=001fb572b64db3d1af71c5c1559216c1dbb14d45be7856ce70551dd2c93947bb&edit%5Btt_content%5D%5B10131%5D=new&defVals%5Btt_content%5D%5BCType%5D=text&returnUrl=/typo3/module/dashboard?token%3D23cdfe7f8420fc1723050561934b2672fe7f30bd6452ae742afe252d76bfca0e","status":302,"ms":121.19,"peak":4320136,"peak_real":6291456,"hash_ms":0}
{"t":1790201663.352,"step":"save-create:page 3","method":"GET","uri":"/typo3/record/edit?token=001fb572b64db3d1af71c5c1559216c1dbb14d45be7856ce70551dd2c93947bb&edit%5Btt_content%5D%5B10131%5D=edit&returnUrl=/typo3/module/dashboard?token%3D23cdfe7f8420fc1723050561934b2672fe7f30bd6452ae742afe252d76bfca0e","status":200,"ms":124.18,"peak":6857520,"peak_real":8388608,"hash_ms":0}
{"t":1790201663.672,"step":"save-create:page 3","method":"GET","uri":"/typo3/ajax/usersettings/process?token=87031189766bb367e7c93e5dc6bb5ca72010256155a50a052fbaa7d3becf3c54&action=getAll","status":200,"ms":19.16,"peak":3644744,"peak_real":6291456,"hash_ms":0}
{"t":1790201663.749,"step":"save-create:page 3","method":"GET","uri":"/typo3/record/edit?token=001fb572b64db3d1af71c5c1559216c1dbb14d45be7856ce70551dd2c93947bb&edit[pages][10131]=edit","status":200,"ms":94.22,"peak":6990232,"peak_real":8388608,"hash_ms":0}
{"t":1790201663.905,"step":"save-create:page 3","method":"GET","uri":"/typo3/ajax/usersettings/process?token=87031189766bb367e7c93e5dc6bb5ca72010256155a50a052fbaa7d3becf3c54&action=getAll","status":200,"ms":14.35,"peak":3644424,"peak_real":4194304,"hash_ms":0}
{"t":1790201664.046,"step":"open-create:page 4","method":"GET","uri":"/typo3/record/edit?token=001fb572b64db3d1af71c5c1559216c1dbb14d45be7856ce70551dd2c93947bb&edit[pages][10103]=new","status":200,"ms":102.18,"peak":6849632,"peak_real":8388608,"hash_ms":0}
{"t":1790201664.218,"step":"open-create:page 4","method":"GET","uri":"/typo3/ajax/usersettings/process?token=87031189766bb367e7c93e5dc6bb5ca72010256155a50a052fbaa7d3becf3c54&action=getAll","status":200,"ms":17.53,"peak":3644424,"peak_real":6291456,"hash_ms":0}
{"t":1790201664.488,"step":"save-create:page 4","method":"POST","uri":"/typo3/record/edit?token=001fb572b64db3d1af71c5c1559216c1dbb14d45be7856ce70551dd2c93947bb&edit%5Bpages%5D%5B10103%5D=new&returnUrl=/typo3/module/dashboard?token%3D23cdfe7f8420fc1723050561934b2672fe7f30bd6452ae742afe252d76bfca0e","status":302,"ms":165.45,"peak":4615488,"peak_real":6291456,"hash_ms":0}
{"t":1790201664.639,"step":"save-create:page 4","method":"GET","uri":"/typo3/record/edit?token=001fb572b64db3d1af71c5c1559216c1dbb14d45be7856ce70551dd2c93947bb&edit%5Bpages%5D%5B10132%5D=edit&returnUrl=/typo3/module/dashboard?token%3D23cdfe7f8420fc1723050561934b2672fe7f30bd6452ae742afe252d76bfca0e","status":200,"ms":149.14,"peak":7264376,"peak_real":10485760,"hash_ms":0}
{"t":1790201664.759,"step":"save-create:page 4","method":"GET","uri":"/typo3/ajax/page/tree/fetchData?token=1ce2befc571579f33dc416817216bf3aabc90285b0d7e61168e811a500d187c3","status":200,"ms":21.81,"peak":3906448,"peak_real":6291456,"hash_ms":0}
{"t":1790201664.807,"step":"save-create:page 4","method":"POST","uri":"/typo3/ajax/record/slug/suggest?token=8ea925814a54c5df0d62fa61e2b2004a4a0ab1ffce4a067cd0a0787d29b63933","status":200,"ms":287.27,"peak":3651640,"peak_real":6291456,"hash_ms":0}
{"t":1790201664.837,"step":"save-create:page 4","method":"GET","uri":"/typo3/ajax/usersettings/process?token=87031189766bb367e7c93e5dc6bb5ca72010256155a50a052fbaa7d3becf3c54&action=getAll","status":200,"ms":13.59,"peak":3644744,"peak_real":6291456,"hash_ms":0}
{"t":1790201664.952,"step":"save-create:page 4","method":"GET","uri":"/typo3/record/edit?token=001fb572b64db3d1af71c5c1559216c1dbb14d45be7856ce70551dd2c93947bb&edit[tt_content][10132]=new&defVals[tt_content][CType]=text","status":200,"ms":100.17,"peak":6757040,"peak_real":8388608,"hash_ms":0}
{"t":1790201665.191,"step":"save-create:page 4","method":"GET","uri":"/typo3/ajax/usersettings/process?token=87031189766bb367e7c93e5dc6bb5ca72010256155a50a052fbaa7d3becf3c54&action=getAll","status":200,"ms":21.23,"peak":3644488,"peak_real":6291456,"hash_ms":0}
{"t":1790201665.46,"step":"save-create:page 4","method":"POST","uri":"/typo3/record/edit?token=001fb572b64db3d1af71c5c1559216c1dbb14d45be7856ce70551dd2c93947bb&edit%5Btt_content%5D%5B10132%5D=new&defVals%5Btt_content%5D%5BCType%5D=text&returnUrl=/typo3/module/dashboard?token%3D23cdfe7f8420fc1723050561934b2672fe7f30bd6452ae742afe252d76bfca0e","status":302,"ms":122.14,"peak":4320136,"peak_real":6291456,"hash_ms":0}
{"t":1790201665.581,"step":"save-create:page 4","method":"GET","uri":"/typo3/record/edit?token=001fb572b64db3d1af71c5c1559216c1dbb14d45be7856ce70551dd2c93947bb&edit%5Btt_content%5D%5B10132%5D=edit&returnUrl=/typo3/module/dashboard?token%3D23cdfe7f8420fc1723050561934b2672fe7f30bd6452ae742afe252d76bfca0e","status":200,"ms":118.45,"peak":6857520,"peak_real":8388608,"hash_ms":0}
{"t":1790201665.929,"step":"save-create:page 4","method":"GET","uri":"/typo3/ajax/usersettings/process?token=87031189766bb367e7c93e5dc6bb5ca72010256155a50a052fbaa7d3becf3c54&action=getAll","status":200,"ms":15.97,"peak":3644744,"peak_real":8388608,"hash_ms":0}
{"t":1790201666.008,"step":"save-create:page 4","method":"GET","uri":"/typo3/record/edit?token=001fb572b64db3d1af71c5c1559216c1dbb14d45be7856ce70551dd2c93947bb&edit[pages][10132]=edit","status":200,"ms":88.97,"peak":6990232,"peak_real":8388608,"hash_ms":0}
{"t":1790201666.271,"step":"save-create:page 4","method":"GET","uri":"/typo3/ajax/usersettings/process?token=87031189766bb367e7c93e5dc6bb5ca72010256155a50a052fbaa7d3becf3c54&action=getAll","status":200,"ms":14.56,"peak":3644424,"peak_real":4194304,"hash_ms":0}
{"t":1790201666.414,"step":"open-create:page 5","method":"GET","uri":"/typo3/record/edit?token=001fb572b64db3d1af71c5c1559216c1dbb14d45be7856ce70551dd2c93947bb&edit[pages][10103]=new","status":200,"ms":107.96,"peak":6849632,"peak_real":8388608,"hash_ms":0}
{"t":1790201666.679,"step":"open-create:page 5","method":"GET","uri":"/typo3/ajax/usersettings/process?token=87031189766bb367e7c93e5dc6bb5ca72010256155a50a052fbaa7d3becf3c54&action=getAll","status":200,"ms":13.6,"peak":3644424,"peak_real":6291456,"hash_ms":0}
{"t":1790201666.954,"step":"save-create:page 5","method":"POST","uri":"/typo3/record/edit?token=001fb572b64db3d1af71c5c1559216c1dbb14d45be7856ce70551dd2c93947bb&edit%5Bpages%5D%5B10103%5D=new&returnUrl=/typo3/module/dashboard?token%3D23cdfe7f8420fc1723050561934b2672fe7f30bd6452ae742afe252d76bfca0e","status":302,"ms":146.04,"peak":4615488,"peak_real":6291456,"hash_ms":0}
{"t":1790201667.14,"step":"save-create:page 5","method":"GET","uri":"/typo3/record/edit?token=001fb572b64db3d1af71c5c1559216c1dbb14d45be7856ce70551dd2c93947bb&edit%5Bpages%5D%5B10133%5D=edit&returnUrl=/typo3/module/dashboard?token%3D23cdfe7f8420fc1723050561934b2672fe7f30bd6452ae742afe252d76bfca0e","status":200,"ms":183.54,"peak":7264376,"peak_real":10485760,"hash_ms":0}
{"t":1790201667.244,"step":"save-create:page 5","method":"GET","uri":"/typo3/ajax/page/tree/fetchData?token=1ce2befc571579f33dc416817216bf3aabc90285b0d7e61168e811a500d187c3","status":200,"ms":32.26,"peak":3909232,"peak_real":6291456,"hash_ms":0}
{"t":1790201667.289,"step":"save-create:page 5","method":"POST","uri":"/typo3/ajax/record/slug/suggest?token=8ea925814a54c5df0d62fa61e2b2004a4a0ab1ffce4a067cd0a0787d29b63933","status":200,"ms":295.22,"peak":3651640,"peak_real":6291456,"hash_ms":0}
{"t":1790201667.315,"step":"save-create:page 5","method":"GET","uri":"/typo3/ajax/usersettings/process?token=87031189766bb367e7c93e5dc6bb5ca72010256155a50a052fbaa7d3becf3c54&action=getAll","status":200,"ms":17.12,"peak":3644744,"peak_real":6291456,"hash_ms":0}
{"t":1790201667.417,"step":"save-create:page 5","method":"GET","uri":"/typo3/record/edit?token=001fb572b64db3d1af71c5c1559216c1dbb14d45be7856ce70551dd2c93947bb&edit[tt_content][10133]=new&defVals[tt_content][CType]=text","status":200,"ms":117.88,"peak":6757040,"peak_real":8388608,"hash_ms":0}
{"t":1790201667.66,"step":"save-create:page 5","method":"GET","uri":"/typo3/ajax/usersettings/process?token=87031189766bb367e7c93e5dc6bb5ca72010256155a50a052fbaa7d3becf3c54&action=getAll","status":200,"ms":16.16,"peak":3644488,"peak_real":6291456,"hash_ms":0}
{"t":1790201667.886,"step":"save-create:page 5","method":"POST","uri":"/typo3/record/edit?token=001fb572b64db3d1af71c5c1559216c1dbb14d45be7856ce70551dd2c93947bb&edit%5Btt_content%5D%5B10133%5D=new&defVals%5Btt_content%5D%5BCType%5D=text&returnUrl=/typo3/module/dashboard?token%3D23cdfe7f8420fc1723050561934b2672fe7f30bd6452ae742afe252d76bfca0e","status":302,"ms":110.22,"peak":4320136,"peak_real":6291456,"hash_ms":0}
{"t":1790201668.005,"step":"save-create:page 5","method":"GET","uri":"/typo3/record/edit?token=001fb572b64db3d1af71c5c1559216c1dbb14d45be7856ce70551dd2c93947bb&edit%5Btt_content%5D%5B10133%5D=edit&returnUrl=/typo3/module/dashboard?token%3D23cdfe7f8420fc1723050561934b2672fe7f30bd6452ae742afe252d76bfca0e","status":200,"ms":116.43,"peak":6857520,"peak_real":8388608,"hash_ms":0}
{"t":1790201668.379,"step":"save-create:page 5","method":"GET","uri":"/typo3/ajax/usersettings/process?token=87031189766bb367e7c93e5dc6bb5ca72010256155a50a052fbaa7d3becf3c54&action=getAll","status":200,"ms":29.2,"peak":3644744,"peak_real":6291456,"hash_ms":0}
{"t":1790201668.48,"step":"save-create:page 5","method":"GET","uri":"/typo3/record/edit?token=001fb572b64db3d1af71c5c1559216c1dbb14d45be7856ce70551dd2c93947bb&edit[pages][10133]=edit","status":200,"ms":123.6,"peak":6990232,"peak_real":8388608,"hash_ms":0}
{"t":1790201668.614,"step":"save-create:page 5","method":"GET","uri":"/typo3/ajax/usersettings/process?token=87031189766bb367e7c93e5dc6bb5ca72010256155a50a052fbaa7d3becf3c54&action=getAll","status":200,"ms":13.85,"peak":3644424,"peak_real":4194304,"hash_ms":0}
{"t":1790201668.746,"step":"logout:round 1","method":"GET","uri":"/typo3/logout?token=6662786d5128c2b4db16b080fcd6dd614e507d6ed723d1308e4aa1b5d1a24c85","status":303,"ms":89.07,"peak":3616112,"peak_real":4194304,"hash_ms":0}
{"t":1790201668.822,"step":"logout:round 1","method":"GET","uri":"/typo3/login","status":200,"ms":70.7,"peak":4718880,"peak_real":6291456,"hash_ms":0}
{"t":1790201668.909,"step":"logout:round 1","method":"GET","uri":"/typo3/ajax/login/preflight","status":200,"ms":27.08,"peak":3503912,"peak_real":4194304,"hash_ms":0}
