{"t":1790201612.281,"step":"warmup","method":"GET","uri":"/user/login","status":200,"ms":2419.29,"peak":12089088,"peak_real":14680064,"hash_ms":0}
{"t":1790201612.788,"step":"warmup","method":"POST","uri":"/user/login","status":303,"ms":549.92,"peak":3432152,"peak_real":4194304,"hash_ms":174.4}
{"t":1790201613.577,"step":"warmup","method":"GET","uri":"/user/1?check_logged_in=1","status":200,"ms":836.58,"peak":5731608,"peak_real":6291456,"hash_ms":0}
{"t":1790201614.639,"step":"warmup","method":"GET","uri":"/node/1/edit","status":200,"ms":1324.36,"peak":7937616,"peak_real":10485760,"hash_ms":0}
{"t":1790201614.939,"step":"warmup","method":"POST","uri":"/node/1/edit","status":303,"ms":332.71,"peak":5607872,"peak_real":6291456,"hash_ms":0}
{"t":1790201615.51,"step":"warmup","method":"GET","uri":"/node/1","status":200,"ms":569.41,"peak":5278512,"peak_real":6291456,"hash_ms":0}
{"t":1790201615.687,"step":"warmup","method":"GET","uri":"/node/add/page","status":200,"ms":220.98,"peak":5112784,"peak_real":6291456,"hash_ms":0}
{"t":1790201615.81,"step":"warmup","method":"GET","uri":"/user/logout","status":302,"ms":65.14,"peak":1574416,"peak_real":2097152,"hash_ms":0}
{"t":1790201616.009,"step":"warmup","method":"GET","uri":"/user/logout/confirm","status":200,"ms":197.27,"peak":3396152,"peak_real":8388608,"hash_ms":0}
{"t":1790201616.106,"step":"warmup","method":"POST","uri":"/user/logout/confirm","status":303,"ms":51.91,"peak":1814328,"peak_real":2097152,"hash_ms":0}
{"t":1790201616.169,"step":"warmup","method":"GET","uri":"/","status":200,"ms":60.29,"peak":2438904,"peak_real":4194304,"hash_ms":0}
{"t":1790201616.209,"step":"warmup","method":"GET","uri":"/user/login","status":200,"ms":7.63,"peak":1572608,"peak_real":6291456,"hash_ms":0}
{"t":1790201616.301,"step":"login:round 1","method":"GET","uri":"/user/login","status":200,"ms":15.31,"peak":1572624,"peak_real":4194304,"hash_ms":0}
{"t":1790201616.628,"step":"login:round 1","method":"POST","uri":"/user/login","status":303,"ms":240.58,"peak":2858720,"peak_real":4194304,"hash_ms":168.93}
{"t":1790201616.678,"step":"login:round 1","method":"GET","uri":"/user/1?check_logged_in=1","status":200,"ms":48.42,"peak":3263744,"peak_real":4194304,"hash_ms":0}
{"t":1790201616.776,"step":"open-edit:page 1","method":"GET","uri":"/node/1/edit","status":200,"ms":70.34,"peak":4985848,"peak_real":6291456,"hash_ms":0}
{"t":1790201617.042,"step":"save-edit:page 1","method":"POST","uri":"/node/1/edit","status":303,"ms":137.44,"peak":4129632,"peak_real":6291456,"hash_ms":0}
{"t":1790201617.182,"step":"save-edit:page 1","method":"GET","uri":"/node/1","status":200,"ms":139.49,"peak":4484304,"peak_real":6291456,"hash_ms":0}
{"t":1790201617.345,"step":"open-edit:page 2","method":"GET","uri":"/node/2/edit","status":200,"ms":118.59,"peak":5056952,"peak_real":6291456,"hash_ms":0}
{"t":1790201617.623,"step":"save-edit:page 2","method":"POST","uri":"/node/2/edit","status":303,"ms":136.21,"peak":4129632,"peak_real":6291456,"hash_ms":0}
{"t":1790201617.816,"step":"save-edit:page 2","method":"GET","uri":"/node/2","status":200,"ms":191.17,"peak":4433128,"peak_real":6291456,"hash_ms":0}
{"t":1790201617.982,"step":"open-edit:page 3","method":"GET","uri":"/node/3/edit","status":200,"ms":134.44,"peak":5056952,"peak_real":6291456,"hash_ms":0}
{"t":1790201618.219,"step":"save-edit:page 3","method":"POST","uri":"/node/3/edit","status":303,"ms":131.06,"peak":4129632,"peak_real":6291456,"hash_ms":0}
{"t":1790201618.41,"step":"save-edit:page 3","method":"GET","uri":"/node/3","status":200,"ms":187.97,"peak":4433128,"peak_real":6291456,"hash_ms":0}
{"t":1790201618.604,"step":"open-edit:page 4","method":"GET","uri":"/node/4/edit","status":200,"ms":170.56,"peak":5056952,"peak_real":6291456,"hash_ms":0}
{"t":1790201618.863,"step":"save-edit:page 4","method":"POST","uri":"/node/4/edit","status":303,"ms":141.54,"peak":4129632,"peak_real":6291456,"hash_ms":0}
{"t":1790201619.068,"step":"save-edit:page 4","method":"GET","uri":"/node/4","status":200,"ms":203.72,"peak":4433128,"peak_real":6291456,"hash_ms":0}
{"t":1790201619.293,"step":"open-edit:page 5","method":"GET","uri":"/node/5/edit","status":200,"ms":180.86,"peak":5056968,"peak_real":6291456,"hash_ms":0}
{"t":1790201619.614,"step":"save-edit:page 5","method":"POST","uri":"/node/5/edit","status":303,"ms":159.86,"peak":4129632,"peak_real":6291456,"hash_ms":0}
{"t":1790201619.798,"step":"save-edit:page 5","method":"GET","uri":"/node/5","status":200,"ms":183.67,"peak":4433128,"peak_real":6291456,"hash_ms":0}
{"t":1790201619.873,"step":"open-create:page 1","method":"GET","uri":"/node/add/page","status":200,"ms":46.33,"peak":4915008,"peak_real":6291456,"hash_ms":0}
{"t":1790201620.114,"step":"save-create:page 1","method":"POST","uri":"/node/add/page","status":303,"ms":127.04,"peak":4059816,"peak_real":6291456,"hash_ms":0}
{"t":1790201620.316,"step":"save-create:page 1","method":"GET","uri":"/node/26","status":200,"ms":200.85,"peak":4433232,"peak_real":6291456,"hash_ms":0}
{"t":1790201620.389,"step":"open-create:page 2","method":"GET","uri":"/node/add/page","status":200,"ms":45.54,"peak":4915008,"peak_real":6291456,"hash_ms":0}
{"t":1790201620.624,"step":"save-create:page 2","method":"POST","uri":"/node/add/page","status":303,"ms":120.29,"peak":4059816,"peak_real":6291456,"hash_ms":0}
{"t":1790201620.815,"step":"save-create:page 2","method":"GET","uri":"/node/27","status":200,"ms":189.32,"peak":4433232,"peak_real":6291456,"hash_ms":0}
{"t":1790201620.888,"step":"open-create:page 3","method":"GET","uri":"/node/add/page","status":200,"ms":46.21,"peak":4915008,"peak_real":6291456,"hash_ms":0}
{"t":1790201621.123,"step":"save-create:page 3","method":"POST","uri":"/node/add/page","status":303,"ms":119.71,"peak":4059816,"peak_real":6291456,"hash_ms":0}
{"t":1790201621.318,"step":"save-create:page 3","method":"GET","uri":"/node/28","status":200,"ms":193.63,"peak":4433232,"peak_real":6291456,"hash_ms":0}
{"t":1790201621.403,"step":"open-create:page 4","method":"GET","uri":"/node/add/page","status":200,"ms":44.33,"peak":4915024,"peak_real":6291456,"hash_ms":0}
{"t":1790201621.644,"step":"save-create:page 4","method":"POST","uri":"/node/add/page","status":303,"ms":123.27,"peak":4059816,"peak_real":6291456,"hash_ms":0}
{"t":1790201621.84,"step":"save-create:page 4","method":"GET","uri":"/node/29","status":200,"ms":193.81,"peak":4433232,"peak_real":6291456,"hash_ms":0}
{"t":1790201621.92,"step":"open-create:page 5","method":"GET","uri":"/node/add/page","status":200,"ms":49.42,"peak":4915008,"peak_real":6291456,"hash_ms":0}
{"t":1790201622.191,"step":"save-create:page 5","method":"POST","uri":"/node/add/page","status":303,"ms":136.66,"peak":4059816,"peak_real":6291456,"hash_ms":0}
{"t":1790201622.379,"step":"save-create:page 5","method":"GET","uri":"/node/30","status":200,"ms":185.82,"peak":4433232,"peak_real":6291456,"hash_ms":0}
{"t":1790201622.444,"step":"logout:round 1","method":"GET","uri":"/user/logout","status":302,"ms":26.58,"peak":1574416,"peak_real":4194304,"hash_ms":0}
{"t":1790201622.487,"step":"logout:round 1","method":"GET","uri":"/user/logout/confirm","status":200,"ms":43.57,"peak":2966280,"peak_real":4194304,"hash_ms":0}
{"t":1790201622.611,"step":"logout:round 1","method":"POST","uri":"/user/logout/confirm","status":303,"ms":41.63,"peak":1814344,"peak_real":4194304,"hash_ms":0}
{"t":1790201622.618,"step":"logout:round 1","method":"GET","uri":"/","status":200,"ms":5.43,"peak":1572872,"peak_real":6291456,"hash_ms":0}
{"t":1790201622.637,"step":"logout:round 1","method":"GET","uri":"/user/login","status":200,"ms":4.41,"peak":1572624,"peak_real":4194304,"hash_ms":0}
