1790730222 26.34MiB
1790730224 26.35MiB
1790730225 26.34MiB
1790730226 26.34MiB
1790730228 26.34MiB
1790730229 26.34MiB
1790730230 26.35MiB
1790730232 26.34MiB
1790730233 26.34MiB
1790730234 26.34MiB
1790730236 26.35MiB
1790730237 26.35MiB
1790730239 26.35MiB
1790730240 26.39MiB
1790730241 26.39MiB
1790730243 26.39MiB
1790730244 26.41MiB
1790730245 26.41MiB
1790730247 26.41MiB
1790730248 26.41MiB
1790730249 26.41MiB
1790730251 26.43MiB
1790730252 26.45MiB
1790730253 26.45MiB
1790730255 26.45MiB
1790730256 26.45MiB
1790730257 26.45MiB
1790730259 26.45MiB
1790730260 26.45MiB
1790730262 26.45MiB
1790730263 26.45MiB
1790730264 26.45MiB
1790730266 26.45MiB
1790730267 26.45MiB
1790730268 26.45MiB
1790730270 26.45MiB
1790730271 26.46MiB
1790730273 26.45MiB
1790730274 26.46MiB
1790730275 26.45MiB
1790730277 26.47MiB
1790730278 26.47MiB
1790730280 26.47MiB
1790730281 26.47MiB
1790730282 26.47MiB
