1790730066 24.39MiB
1790730068 24.39MiB
1790730069 24.40MiB
1790730070 24.40MiB
1790730072 24.40MiB
1790730073 24.39MiB
1790730074 24.45MiB
1790730076 24.45MiB
1790730077 24.45MiB
1790730079 24.45MiB
1790730080 24.48MiB
1790730081 24.47MiB
1790730083 24.47MiB
1790730084 24.49MiB
1790730085 24.50MiB
1790730087 24.49MiB
1790730088 24.48MiB
1790730089 24.49MiB
1790730091 24.51MiB
1790730092 24.51MiB
1790730093 24.51MiB
1790730095 24.52MiB
1790730096 24.51MiB
1790730097 24.51MiB
1790730099 24.50MiB
1790730100 24.51MiB
1790730101 24.51MiB
1790730103 24.50MiB
1790730104 24.51MiB
1790730105 24.51MiB
1790730107 24.50MiB
1790730108 24.51MiB
1790730110 24.51MiB
1790730111 24.51MiB
1790730112 24.51MiB
1790730114 24.53MiB
1790730115 24.54MiB
1790730116 24.53MiB
1790730118 24.54MiB
1790730119 24.53MiB
1790730120 24.53MiB
1790730122 24.53MiB
1790730123 24.54MiB
1790730124 24.54MiB
1790730126 24.54MiB
