1790729987 24.62MiB
1790729989 24.62MiB
1790729990 24.62MiB
1790729991 24.62MiB
1790729993 24.64MiB
1790729994 24.63MiB
1790729996 24.64MiB
1790729997 24.65MiB
1790729998 24.66MiB
1790730000 24.66MiB
1790730001 24.66MiB
1790730002 24.64MiB
1790730004 24.68MiB
1790730005 24.70MiB
1790730006 24.70MiB
1790730008 24.72MiB
1790730009 24.72MiB
1790730010 24.73MiB
1790730012 24.73MiB
1790730013 24.73MiB
1790730014 24.73MiB
1790730016 24.73MiB
1790730017 24.73MiB
1790730019 24.73MiB
1790730020 24.73MiB
1790730021 24.73MiB
1790730023 24.72MiB
1790730024 24.73MiB
1790730025 24.72MiB
1790730032 24.72MiB
1790730033 24.73MiB
1790730034 24.73MiB
1790730036 24.73MiB
1790730037 24.75MiB
1790730039 24.75MiB
1790730040 24.75MiB
1790730041 24.77MiB
1790730043 24.77MiB
1790730044 24.77MiB
1790730045 24.76MiB
1790730047 24.77MiB
