1790730303 26.34MiB
1790730304 26.46MiB
1790730306 26.46MiB
1790730307 26.46MiB
1790730309 26.48MiB
1790730310 26.48MiB
1790730311 26.47MiB
1790730313 26.47MiB
1790730314 26.48MiB
1790730316 26.51MiB
1790730317 26.50MiB
1790730319 26.51MiB
1790730320 26.53MiB
1790730322 26.53MiB
1790730323 26.52MiB
1790730324 26.53MiB
1790730326 26.55MiB
1790730327 26.55MiB
1790730329 26.55MiB
1790730330 26.56MiB
1790730332 26.56MiB
1790730333 26.57MiB
1790730334 26.56MiB
1790730336 26.57MiB
1790730337 26.57MiB
1790730339 26.57MiB
1790730340 26.56MiB
1790730341 26.56MiB
1790730343 26.57MiB
1790730344 26.56MiB
1790730346 26.57MiB
1790730347 26.56MiB
1790730349 26.56MiB
1790730350 26.56MiB
1790730351 26.57MiB
1790730353 26.56MiB
1790730354 26.57MiB
1790730356 26.57MiB
1790730357 26.57MiB
1790730359 26.56MiB
1790730360 26.56MiB
1790730361 26.57MiB
