1790730144 24.39MiB
1790730146 24.39MiB
1790730147 24.41MiB
1790730148 24.40MiB
1790730150 24.41MiB
1790730151 24.43MiB
1790730152 24.43MiB
1790730154 24.44MiB
1790730155 24.44MiB
1790730156 24.44MiB
1790730158 24.45MiB
1790730159 24.44MiB
1790730160 24.44MiB
1790730162 24.45MiB
1790730163 24.44MiB
1790730165 24.44MiB
1790730166 24.45MiB
1790730167 24.47MiB
1790730169 24.47MiB
1790730170 24.47MiB
1790730171 24.49MiB
1790730173 24.48MiB
1790730174 24.49MiB
1790730175 24.50MiB
1790730177 24.51MiB
1790730178 24.51MiB
1790730179 24.51MiB
1790730181 24.51MiB
1790730182 24.51MiB
1790730183 24.51MiB
1790730185 24.52MiB
1790730186 24.52MiB
1790730187 24.51MiB
1790730189 24.51MiB
1790730190 24.51MiB
1790730191 24.52MiB
1790730193 24.51MiB
1790730194 24.52MiB
1790730195 24.51MiB
1790730197 24.54MiB
1790730198 24.54MiB
1790730200 24.57MiB
1790730201 24.57MiB
1790730202 24.57MiB
1790730204 24.57MiB
