{"t":1790020237.657,"step":"warmup","method":"GET","uri":"/manager/","status":200,"ms":350.28,"peak":6464304,"peak_real":10485760}
{"t":1790020239.095,"step":"warmup","method":"POST","uri":"/manager/?a=0","status":200,"ms":420.8,"peak":2440592,"peak_real":4194304}
{"t":1790020239.211,"step":"warmup","method":"GET","uri":"/manager/","status":200,"ms":99.75,"peak":2658368,"peak_real":4194304}
{"t":1790020239.351,"step":"warmup","method":"GET","uri":"/manager/index.php?a=2","status":200,"ms":72.81,"peak":1703208,"peak_real":4194304}
{"t":1790020239.503,"step":"warmup","method":"GET","uri":"/manager/index.php?a=17","status":200,"ms":139.21,"peak":2691920,"peak_real":6291456}
{"t":1790020239.725,"step":"warmup","method":"GET","uri":"/manager/index.php?a=27&id=10104","status":200,"ms":124.68,"peak":1611336,"peak_real":2097152}
{"t":1790020239.77,"step":"warmup","method":"POST","uri":"/manager/media/style/default/ajax.php","status":200,"ms":93.58,"peak":1120792,"peak_real":2097152}
{"t":1790020239.937,"step":"warmup","method":"POST","uri":"/manager/media/style/default/ajax.php","status":200,"ms":60.1,"peak":1082904,"peak_real":2097152}
{"t":1790020240.355,"step":"warmup","method":"POST","uri":"/manager/index.php","status":302,"ms":157.12,"peak":1680616,"peak_real":6291456}
{"t":1790020240.473,"step":"warmup","method":"GET","uri":"/manager/index.php?a=27&id=10104&r=1&stay=2&dir=DESC&sort=createdon&page=0","status":200,"ms":115.89,"peak":1296272,"peak_real":2097152}
{"t":1790020240.612,"step":"warmup","method":"GET","uri":"/manager/index.php?a=4&pid=10103","status":200,"ms":80.13,"peak":1329184,"peak_real":2097152}
{"t":1790020240.664,"step":"warmup","method":"POST","uri":"/manager/media/style/default/ajax.php","status":200,"ms":65.57,"peak":1086824,"peak_real":2097152}
{"t":1790020240.747,"step":"warmup","method":"POST","uri":"/manager/?a=67&type=7&id=10104&_token=tiXpK06ztt1GDvjSahRYvkFht9c362MLhP4eIgIk&o=0.7213014551576724","status":200,"ms":126.02,"peak":1105872,"peak_real":4194304}
{"t":1790020240.83,"step":"warmup","method":"GET","uri":"/manager/index.php?a=8","status":302,"ms":125.08,"peak":1107536,"peak_real":2097152}
{"t":1790020240.851,"step":"warmup","method":"GET","uri":"/manager/","status":200,"ms":17.52,"peak":1053456,"peak_real":4194304}
{"t":1790020240.857,"step":null,"method":"POST","uri":"/manager/?a=67&type=7&id=0&_token=tiXpK06ztt1GDvjSahRYvkFht9c362MLhP4eIgIk&o=0.43753808448873466","status":404,"ms":0.62,"peak":385152,"peak_real":2097152}
{"t":1790020240.93,"step":"login:round 1","method":"GET","uri":"/manager/","status":200,"ms":10.38,"peak":1067080,"peak_real":2097152}
{"t":1790020240.982,"step":"warmup","method":"POST","uri":"/manager/media/style/default/ajax.php","status":200,"ms":262.57,"peak":1086824,"peak_real":2097152}
{"t":1790020241.152,"step":"warmup","method":"POST","uri":"/manager/media/style/default/ajax.php","status":200,"ms":400.21,"peak":1086824,"peak_real":2097152}
{"t":1790020242.246,"step":"login:round 1","method":"POST","uri":"/manager/?a=0","status":200,"ms":321.47,"peak":1176752,"peak_real":2097152}
{"t":1790020242.306,"step":"login:round 1","method":"GET","uri":"/manager/","status":200,"ms":49.25,"peak":1672656,"peak_real":4194304}
{"t":1790020242.415,"step":"login:round 1","method":"GET","uri":"/manager/index.php?a=2","status":200,"ms":87.12,"peak":1333288,"peak_real":2097152}
{"t":1790020242.53,"step":"login:round 1","method":"GET","uri":"/manager/index.php?a=17","status":200,"ms":104.27,"peak":2584024,"peak_real":4194304}
{"t":1790020242.718,"step":"login:round 1","method":"POST","uri":"/manager/media/style/default/ajax.php","status":200,"ms":34.08,"peak":1082312,"peak_real":2097152}
{"t":1790020242.867,"step":"open-edit:page 10104","method":"GET","uri":"/manager/index.php?a=27&id=10104","status":200,"ms":105.69,"peak":1271032,"peak_real":2097152}
{"t":1790020243.026,"step":"save-edit:page 10104","method":"POST","uri":"/manager/media/style/default/ajax.php","status":200,"ms":35.21,"peak":1082448,"peak_real":2097152}
{"t":1790020243.382,"step":"save-edit:page 10104","method":"POST","uri":"/manager/index.php","status":302,"ms":111.53,"peak":1321184,"peak_real":2097152}
{"t":1790020243.502,"step":"save-edit:page 10104","method":"GET","uri":"/manager/index.php?a=27&id=10104&r=1&stay=2&dir=DESC&sort=createdon&page=0","status":200,"ms":116.55,"peak":1278936,"peak_real":2097152}
{"t":1790020243.722,"step":"open-edit:page 10105","method":"GET","uri":"/manager/index.php?a=27&id=10105","status":200,"ms":142.7,"peak":1277064,"peak_real":2097152}
{"t":1790020243.759,"step":"open-edit:page 10105","method":"POST","uri":"/manager/media/style/default/ajax.php","status":200,"ms":132.61,"peak":1086368,"peak_real":2097152}
{"t":1790020243.84,"step":"open-edit:page 10105","method":"POST","uri":"/manager/?a=67&type=7&id=10104&_token=MPGRrnfgaPU3J70fEKIEI0FUHvBTnN9ZjM7mzoa3&o=0.1571148773877844","status":200,"ms":113.5,"peak":1099488,"peak_real":2097152}
{"t":1790020243.872,"step":"open-edit:page 10105","method":"POST","uri":"/manager/media/style/default/ajax.php","status":200,"ms":41.91,"peak":1086368,"peak_real":2097152}
{"t":1790020243.904,"step":"open-edit:page 10105","method":"POST","uri":"/manager/media/style/default/ajax.php","status":200,"ms":51.02,"peak":1086368,"peak_real":2097152}
{"t":1790020244.254,"step":"save-edit:page 10105","method":"POST","uri":"/manager/index.php","status":302,"ms":117.57,"peak":1325248,"peak_real":2097152}
{"t":1790020244.366,"step":"save-edit:page 10105","method":"GET","uri":"/manager/index.php?a=27&id=10105&r=1&stay=2&dir=DESC&sort=createdon&page=0","status":200,"ms":110.39,"peak":1279064,"peak_real":2097152}
{"t":1790020244.52,"step":"open-edit:page 10106","method":"GET","uri":"/manager/index.php?a=27&id=10106","status":200,"ms":91.58,"peak":1276552,"peak_real":2097152}
{"t":1790020244.662,"step":"open-edit:page 10106","method":"POST","uri":"/manager/media/style/default/ajax.php","status":200,"ms":169.5,"peak":1086368,"peak_real":2097152}
{"t":1790020244.774,"step":"open-edit:page 10106","method":"POST","uri":"/manager/?a=67&type=7&id=10105&_token=MPGRrnfgaPU3J70fEKIEI0FUHvBTnN9ZjM7mzoa3&o=0.5506949779167898","status":200,"ms":233.35,"peak":1099488,"peak_real":2097152}
{"t":1790020244.807,"step":"open-edit:page 10106","method":"POST","uri":"/manager/media/style/default/ajax.php","status":200,"ms":142.72,"peak":1086368,"peak_real":2097152}
{"t":1790020244.839,"step":"open-edit:page 10106","method":"POST","uri":"/manager/media/style/default/ajax.php","status":200,"ms":113.33,"peak":1086368,"peak_real":2097152}
{"t":1790020245.178,"step":"save-edit:page 10106","method":"POST","uri":"/manager/index.php","status":302,"ms":109.85,"peak":1325248,"peak_real":2097152}
{"t":1790020245.279,"step":"save-edit:page 10106","method":"GET","uri":"/manager/index.php?a=27&id=10106&r=1&stay=2&dir=DESC&sort=createdon&page=0","status":200,"ms":99.98,"peak":1279064,"peak_real":2097152}
{"t":1790020245.426,"step":"open-edit:page 10107","method":"GET","uri":"/manager/index.php?a=27&id=10107","status":200,"ms":93.54,"peak":1276552,"peak_real":2097152}
{"t":1790020245.459,"step":"open-edit:page 10107","method":"POST","uri":"/manager/media/style/default/ajax.php","status":200,"ms":56.94,"peak":1086368,"peak_real":2097152}
{"t":1790020245.533,"step":"open-edit:page 10107","method":"POST","uri":"/manager/?a=67&type=7&id=10106&_token=MPGRrnfgaPU3J70fEKIEI0FUHvBTnN9ZjM7mzoa3&o=0.025878303812668313","status":200,"ms":99.97,"peak":1099488,"peak_real":2097152}
{"t":1790020245.565,"step":"save-edit:page 10107","method":"POST","uri":"/manager/media/style/default/ajax.php","status":200,"ms":33.06,"peak":1086368,"peak_real":2097152}
{"t":1790020245.597,"step":"save-edit:page 10107","method":"POST","uri":"/manager/media/style/default/ajax.php","status":200,"ms":48.61,"peak":1086368,"peak_real":2097152}
{"t":1790020246.035,"step":"save-edit:page 10107","method":"POST","uri":"/manager/index.php","status":302,"ms":116.38,"peak":1325248,"peak_real":2097152}
{"t":1790020246.135,"step":"save-edit:page 10107","method":"GET","uri":"/manager/index.php?a=27&id=10107&r=1&stay=2&dir=DESC&sort=createdon&page=0","status":200,"ms":95.57,"peak":1279064,"peak_real":2097152}
{"t":1790020246.319,"step":"open-edit:page 10108","method":"GET","uri":"/manager/index.php?a=27&id=10108","status":200,"ms":119.28,"peak":1276552,"peak_real":2097152}
{"t":1790020246.356,"step":"open-edit:page 10108","method":"POST","uri":"/manager/media/style/default/ajax.php","status":200,"ms":98.6,"peak":1086368,"peak_real":2097152}
{"t":1790020246.426,"step":"open-edit:page 10108","method":"POST","uri":"/manager/?a=67&type=7&id=10107&_token=MPGRrnfgaPU3J70fEKIEI0FUHvBTnN9ZjM7mzoa3&o=0.20641597944442402","status":200,"ms":100.89,"peak":1099488,"peak_real":2097152}
{"t":1790020246.457,"step":"save-edit:page 10108","method":"POST","uri":"/manager/media/style/default/ajax.php","status":200,"ms":31.82,"peak":1086368,"peak_real":2097152}
{"t":1790020246.485,"step":"save-edit:page 10108","method":"POST","uri":"/manager/media/style/default/ajax.php","status":200,"ms":40.82,"peak":1086368,"peak_real":2097152}
{"t":1790020246.807,"step":"save-edit:page 10108","method":"POST","uri":"/manager/index.php","status":302,"ms":105.42,"peak":1324456,"peak_real":2097152}
{"t":1790020246.891,"step":"save-edit:page 10108","method":"GET","uri":"/manager/index.php?a=27&id=10108&r=1&stay=2&dir=DESC&sort=createdon&page=0","status":200,"ms":83,"peak":1278904,"peak_real":2097152}
{"t":1790020247.03,"step":"open-create:page 1","method":"GET","uri":"/manager/index.php?a=4&pid=10103","status":200,"ms":81.47,"peak":1280088,"peak_real":2097152}
{"t":1790020247.071,"step":"open-create:page 1","method":"POST","uri":"/manager/media/style/default/ajax.php","status":200,"ms":57.31,"peak":1086368,"peak_real":2097152}
{"t":1790020247.142,"step":"open-create:page 1","method":"POST","uri":"/manager/?a=67&type=7&id=10108&_token=MPGRrnfgaPU3J70fEKIEI0FUHvBTnN9ZjM7mzoa3&o=0.6225940952354931","status":200,"ms":105.93,"peak":1099488,"peak_real":2097152}
{"t":1790020247.183,"step":"save-create:page 1","method":"POST","uri":"/manager/media/style/default/ajax.php","status":200,"ms":46.81,"peak":1086368,"peak_real":2097152}
{"t":1790020247.215,"step":"save-create:page 1","method":"POST","uri":"/manager/media/style/default/ajax.php","status":200,"ms":57.82,"peak":1086368,"peak_real":2097152}
{"t":1790020247.639,"step":"save-create:page 1","method":"POST","uri":"/manager/index.php","status":302,"ms":204.1,"peak":1296040,"peak_real":2097152}
{"t":1790020247.737,"step":"save-create:page 1","method":"GET","uri":"/manager/index.php?a=27&id=10109&r=1&stay=2","status":200,"ms":95.57,"peak":1207216,"peak_real":2097152}
{"t":1790020247.95,"step":"open-create:page 2","method":"GET","uri":"/manager/index.php?a=4&pid=10103","status":200,"ms":85.62,"peak":1279896,"peak_real":2097152}
{"t":1790020247.985,"step":"open-create:page 2","method":"POST","uri":"/manager/media/style/default/ajax.php","status":200,"ms":116.87,"peak":1086320,"peak_real":2097152}
{"t":1790020248.054,"step":"open-create:page 2","method":"POST","uri":"/manager/?a=67&type=7&id=10109&_token=MPGRrnfgaPU3J70fEKIEI0FUHvBTnN9ZjM7mzoa3&o=0.5125005057297108","status":200,"ms":94.54,"peak":1099312,"peak_real":2097152}
{"t":1790020248.093,"step":"save-create:page 2","method":"POST","uri":"/manager/media/style/default/ajax.php","status":200,"ms":34.21,"peak":1086320,"peak_real":2097152}
{"t":1790020248.123,"step":"save-create:page 2","method":"POST","uri":"/manager/media/style/default/ajax.php","status":200,"ms":41.6,"peak":1086320,"peak_real":2097152}
{"t":1790020248.527,"step":"save-create:page 2","method":"POST","uri":"/manager/index.php","status":302,"ms":190.47,"peak":1295944,"peak_real":2097152}
{"t":1790020248.628,"step":"save-create:page 2","method":"GET","uri":"/manager/index.php?a=27&id=10110&r=1&stay=2","status":200,"ms":99.76,"peak":1207120,"peak_real":2097152}
{"t":1790020248.76,"step":"open-create:page 3","method":"GET","uri":"/manager/index.php?a=4&pid=10103","status":200,"ms":79.69,"peak":1279896,"peak_real":2097152}
{"t":1790020248.795,"step":"open-create:page 3","method":"POST","uri":"/manager/media/style/default/ajax.php","status":200,"ms":47.07,"peak":1086320,"peak_real":2097152}
{"t":1790020248.875,"step":"open-create:page 3","method":"POST","uri":"/manager/?a=67&type=7&id=10110&_token=MPGRrnfgaPU3J70fEKIEI0FUHvBTnN9ZjM7mzoa3&o=0.9993975507498852","status":200,"ms":110.01,"peak":1099312,"peak_real":2097152}
{"t":1790020248.905,"step":"save-create:page 3","method":"POST","uri":"/manager/media/style/default/ajax.php","status":200,"ms":38.34,"peak":1086320,"peak_real":2097152}
{"t":1790020248.934,"step":"save-create:page 3","method":"POST","uri":"/manager/media/style/default/ajax.php","status":200,"ms":47.08,"peak":1086320,"peak_real":2097152}
{"t":1790020249.328,"step":"save-create:page 3","method":"POST","uri":"/manager/index.php","status":302,"ms":192.19,"peak":1295944,"peak_real":2097152}
{"t":1790020249.419,"step":"save-create:page 3","method":"GET","uri":"/manager/index.php?a=27&id=10111&r=1&stay=2","status":200,"ms":88.63,"peak":1207120,"peak_real":2097152}
{"t":1790020249.549,"step":"open-create:page 4","method":"GET","uri":"/manager/index.php?a=4&pid=10103","status":200,"ms":78.9,"peak":1279896,"peak_real":2097152}
{"t":1790020249.582,"step":"open-create:page 4","method":"POST","uri":"/manager/media/style/default/ajax.php","status":200,"ms":41.98,"peak":1086320,"peak_real":2097152}
{"t":1790020249.653,"step":"open-create:page 4","method":"POST","uri":"/manager/?a=67&type=7&id=10111&_token=MPGRrnfgaPU3J70fEKIEI0FUHvBTnN9ZjM7mzoa3&o=0.5636719225274629","status":200,"ms":97.8,"peak":1099312,"peak_real":2097152}
{"t":1790020249.687,"step":"save-create:page 4","method":"POST","uri":"/manager/media/style/default/ajax.php","status":200,"ms":31.23,"peak":1086320,"peak_real":2097152}
{"t":1790020249.716,"step":"save-create:page 4","method":"POST","uri":"/manager/media/style/default/ajax.php","status":200,"ms":40.03,"peak":1086320,"peak_real":2097152}
{"t":1790020250.124,"step":"save-create:page 4","method":"POST","uri":"/manager/index.php","status":302,"ms":205.97,"peak":1296104,"peak_real":2097152}
{"t":1790020250.219,"step":"save-create:page 4","method":"GET","uri":"/manager/index.php?a=27&id=10112&r=1&stay=2","status":200,"ms":92.64,"peak":1207120,"peak_real":2097152}
{"t":1790020250.359,"step":"open-create:page 5","method":"GET","uri":"/manager/index.php?a=4&pid=10103","status":200,"ms":79.18,"peak":1279896,"peak_real":2097152}
{"t":1790020250.417,"step":"open-create:page 5","method":"POST","uri":"/manager/media/style/default/ajax.php","status":200,"ms":68.74,"peak":1086320,"peak_real":2097152}
{"t":1790020250.491,"step":"open-create:page 5","method":"POST","uri":"/manager/?a=67&type=7&id=10112&_token=MPGRrnfgaPU3J70fEKIEI0FUHvBTnN9ZjM7mzoa3&o=0.4158871061874615","status":200,"ms":121.35,"peak":1099312,"peak_real":2097152}
{"t":1790020250.522,"step":"save-create:page 5","method":"POST","uri":"/manager/media/style/default/ajax.php","status":200,"ms":49.03,"peak":1086320,"peak_real":2097152}
{"t":1790020250.55,"step":"save-create:page 5","method":"POST","uri":"/manager/media/style/default/ajax.php","status":200,"ms":59.05,"peak":1086320,"peak_real":2097152}
{"t":1790020251.112,"step":"save-create:page 5","method":"POST","uri":"/manager/index.php","status":302,"ms":210.78,"peak":1296104,"peak_real":2097152}
{"t":1790020251.205,"step":"save-create:page 5","method":"GET","uri":"/manager/index.php?a=27&id=10113&r=1&stay=2","status":200,"ms":90.79,"peak":1207152,"peak_real":2097152}
{"t":1790020251.352,"step":"logout:round 1","method":"GET","uri":"/manager/?a=67&type=7&id=10113","status":200,"ms":94.08,"peak":1097872,"peak_real":2097152}
{"t":1790020251.447,"step":"logout:round 1","method":"GET","uri":"/manager/index.php?a=8","status":302,"ms":188.23,"peak":1074024,"peak_real":2097152}
{"t":1790020251.459,"step":"logout:round 1","method":"GET","uri":"/manager/","status":200,"ms":9.56,"peak":1053472,"peak_real":2097152}
{"t":1790020251.463,"step":null,"method":"POST","uri":"/manager/?a=67&type=7&id=10113&_token=MPGRrnfgaPU3J70fEKIEI0FUHvBTnN9ZjM7mzoa3&o=0.6614048871412959","status":404,"ms":0.57,"peak":385232,"peak_real":2097152}
{"t":1790020251.63,"step":"logout:round 1","method":"POST","uri":"/manager/media/style/default/ajax.php","status":200,"ms":302.81,"peak":1086304,"peak_real":2097152}
