{"t":1790024723.195,"step":"warmup","method":"GET","uri":"/manager/","status":200,"ms":253.38,"peak":11659664,"peak_real":16777216}
{"t":1790024724.577,"step":"warmup","method":"POST","uri":"/manager/?a=0","status":200,"ms":409.96,"peak":3041208,"peak_real":4194304}
{"t":1790024724.672,"step":"warmup","method":"GET","uri":"/manager/","status":200,"ms":88.54,"peak":2939792,"peak_real":4194304}
{"t":1790024724.786,"step":"warmup","method":"GET","uri":"/manager/index.php?a=2","status":200,"ms":69.89,"peak":1743664,"peak_real":4194304}
{"t":1790024724.952,"step":"warmup","method":"GET","uri":"/manager/index.php?a=17","status":200,"ms":158.89,"peak":2727856,"peak_real":6291456}
{"t":1790024725.206,"step":"warmup","method":"GET","uri":"/manager/index.php?a=27&id=10104","status":200,"ms":143.86,"peak":1762376,"peak_real":4194304}
{"t":1790024725.256,"step":"warmup","method":"POST","uri":"/manager/media/style/default/ajax.php","status":200,"ms":124.92,"peak":1352488,"peak_real":2097152}
{"t":1790024725.398,"step":"warmup","method":"POST","uri":"/manager/media/style/default/ajax.php","status":200,"ms":45.36,"peak":1167024,"peak_real":2097152}
{"t":1790024725.838,"step":"warmup","method":"POST","uri":"/manager/index.php?a=5","status":200,"ms":131.31,"peak":1936336,"peak_real":8388608}
{"t":1790024725.894,"step":"warmup","method":"POST","uri":"/manager/media/style/default/ajax.php","status":200,"ms":51.35,"peak":1121000,"peak_real":2097152}
{"t":1790024726.007,"step":"warmup","method":"GET","uri":"/manager/index.php?a=4&pid=10103","status":200,"ms":127.66,"peak":1354688,"peak_real":2097152}
{"t":1790024726.205,"step":"warmup","method":"GET","uri":"/manager/index.php?a=8","status":302,"ms":96.81,"peak":1123672,"peak_real":2097152}
{"t":1790024726.218,"step":"warmup","method":"GET","uri":"/manager/","status":200,"ms":10.47,"peak":1071400,"peak_real":2097152}
{"t":1790024726.224,"step":null,"method":"POST","uri":"/manager/?a=67&type=7&id=0&_token=VFqog7tEsWkx32Y50oAkZR7sHR9AYPrCiyuIjayb&o=0.9698689636463701","status":404,"ms":0.58,"peak":385184,"peak_real":2097152}
{"t":1790024726.29,"step":"login:round 1","method":"GET","uri":"/manager/","status":200,"ms":11.47,"peak":1085024,"peak_real":2097152}
{"t":1790024726.356,"step":"warmup","method":"POST","uri":"/manager/media/style/default/ajax.php","status":200,"ms":191.27,"peak":1120936,"peak_real":4194304}
{"t":1790024727.625,"step":"login:round 1","method":"POST","uri":"/manager/?a=0","status":200,"ms":376.37,"peak":1220344,"peak_real":6291456}
{"t":1790024727.669,"step":"login:round 1","method":"GET","uri":"/manager/","status":200,"ms":38.09,"peak":1688848,"peak_real":4194304}
{"t":1790024727.749,"step":"login:round 1","method":"GET","uri":"/manager/index.php?a=2","status":200,"ms":63.06,"peak":1349240,"peak_real":2097152}
{"t":1790024727.86,"step":"login:round 1","method":"GET","uri":"/manager/index.php?a=17","status":200,"ms":101.37,"peak":2813312,"peak_real":4194304}
{"t":1790024728.03,"step":"login:round 1","method":"POST","uri":"/manager/media/style/default/ajax.php","status":200,"ms":30.85,"peak":1118808,"peak_real":2097152}
{"t":1790024728.187,"step":"open-edit:page 10104","method":"GET","uri":"/manager/index.php?a=27&id=10104","status":200,"ms":94.02,"peak":1292616,"peak_real":2097152}
{"t":1790024728.344,"step":"save-edit:page 10104","method":"POST","uri":"/manager/media/style/default/ajax.php","status":200,"ms":34.18,"peak":1116544,"peak_real":2097152}
{"t":1790024728.648,"step":"save-edit:page 10104","method":"POST","uri":"/manager/index.php?a=5","status":200,"ms":92.63,"peak":1324056,"peak_real":2097152}
{"t":1790024728.701,"step":"save-edit:page 10104","method":"POST","uri":"/manager/media/style/default/ajax.php","status":200,"ms":46.17,"peak":1120568,"peak_real":4194304}
{"t":1790024728.852,"step":"open-edit:page 10105","method":"GET","uri":"/manager/index.php?a=27&id=10105","status":200,"ms":104.8,"peak":1293296,"peak_real":2097152}
{"t":1790024729.003,"step":"save-edit:page 10105","method":"POST","uri":"/manager/media/style/default/ajax.php","status":200,"ms":31.44,"peak":1120480,"peak_real":2097152}
{"t":1790024729.31,"step":"save-edit:page 10105","method":"POST","uri":"/manager/index.php?a=5","status":200,"ms":88.41,"peak":1318312,"peak_real":2097152}
{"t":1790024729.356,"step":"save-edit:page 10105","method":"POST","uri":"/manager/media/style/default/ajax.php","status":200,"ms":40.65,"peak":1120568,"peak_real":2097152}
{"t":1790024729.452,"step":"open-edit:page 10106","method":"GET","uri":"/manager/index.php?a=27&id=10106","status":200,"ms":103.62,"peak":1294648,"peak_real":2097152}
{"t":1790024729.605,"step":"save-edit:page 10106","method":"POST","uri":"/manager/media/style/default/ajax.php","status":200,"ms":31.11,"peak":1120480,"peak_real":2097152}
{"t":1790024729.89,"step":"save-edit:page 10106","method":"POST","uri":"/manager/index.php?a=5","status":200,"ms":84.77,"peak":1336408,"peak_real":2097152}
{"t":1790024729.93,"step":"save-edit:page 10106","method":"POST","uri":"/manager/media/style/default/ajax.php","status":200,"ms":32.99,"peak":1120568,"peak_real":2097152}
{"t":1790024730.023,"step":"open-edit:page 10107","method":"GET","uri":"/manager/index.php?a=27&id=10107","status":200,"ms":101.75,"peak":1296216,"peak_real":2097152}
{"t":1790024730.203,"step":"save-edit:page 10107","method":"POST","uri":"/manager/media/style/default/ajax.php","status":200,"ms":33.92,"peak":1120480,"peak_real":2097152}
{"t":1790024730.497,"step":"save-edit:page 10107","method":"POST","uri":"/manager/index.php?a=5","status":200,"ms":91.26,"peak":1314888,"peak_real":2097152}
{"t":1790024730.531,"step":"save-edit:page 10107","method":"POST","uri":"/manager/media/style/default/ajax.php","status":200,"ms":30.04,"peak":1120568,"peak_real":2097152}
{"t":1790024730.649,"step":"open-edit:page 10108","method":"GET","uri":"/manager/index.php?a=27&id=10108","status":200,"ms":119.89,"peak":1296064,"peak_real":2097152}
{"t":1790024730.81,"step":"save-edit:page 10108","method":"POST","uri":"/manager/media/style/default/ajax.php","status":200,"ms":32.87,"peak":1120480,"peak_real":2097152}
{"t":1790024731.091,"step":"save-edit:page 10108","method":"POST","uri":"/manager/index.php?a=5","status":200,"ms":85.32,"peak":1314888,"peak_real":2097152}
{"t":1790024731.129,"step":"save-edit:page 10108","method":"POST","uri":"/manager/media/style/default/ajax.php","status":200,"ms":31.87,"peak":1120568,"peak_real":2097152}
{"t":1790024731.213,"step":"open-create:page 1","method":"GET","uri":"/manager/index.php?a=4&pid=10103","status":200,"ms":93.53,"peak":1305600,"peak_real":2097152}
{"t":1790024731.371,"step":"save-create:page 1","method":"POST","uri":"/manager/media/style/default/ajax.php","status":200,"ms":36.14,"peak":1120480,"peak_real":2097152}
{"t":1790024731.914,"step":"save-create:page 1","method":"POST","uri":"/manager/index.php","status":302,"ms":216.16,"peak":1298784,"peak_real":2097152}
{"t":1790024732.018,"step":"save-create:page 1","method":"GET","uri":"/manager/index.php?a=27&id=10124&r=1&stay=2","status":200,"ms":101.87,"peak":1255280,"peak_real":2097152}
{"t":1790024732.156,"step":"open-create:page 2","method":"GET","uri":"/manager/index.php?a=4&pid=10103","status":200,"ms":79.96,"peak":1305448,"peak_real":2097152}
{"t":1790024732.187,"step":"open-create:page 2","method":"POST","uri":"/manager/media/style/default/ajax.php","status":200,"ms":50.06,"peak":1120496,"peak_real":2097152}
{"t":1790024732.278,"step":"open-create:page 2","method":"POST","uri":"/manager/?a=67&type=7&id=10124&_token=ny2RAUuyci7etdvTn7qqt7PtrJj5oVbGx5vSAMge&o=0.36873467258585857","status":200,"ms":114.41,"peak":1121160,"peak_real":2097152}
{"t":1790024732.318,"step":"open-create:page 2","method":"POST","uri":"/manager/media/style/default/ajax.php","status":200,"ms":53.62,"peak":1120496,"peak_real":2097152}
{"t":1790024732.366,"step":"save-create:page 2","method":"POST","uri":"/manager/media/style/default/ajax.php","status":200,"ms":79.47,"peak":1120496,"peak_real":2097152}
{"t":1790024732.734,"step":"save-create:page 2","method":"POST","uri":"/manager/index.php","status":302,"ms":156.66,"peak":1296296,"peak_real":2097152}
{"t":1790024732.826,"step":"save-create:page 2","method":"GET","uri":"/manager/index.php?a=27&id=10125&r=1&stay=2","status":200,"ms":90.69,"peak":1244720,"peak_real":2097152}
{"t":1790024732.962,"step":"open-create:page 3","method":"GET","uri":"/manager/index.php?a=4&pid=10103","status":200,"ms":79.43,"peak":1305448,"peak_real":2097152}
{"t":1790024733.007,"step":"open-create:page 3","method":"POST","uri":"/manager/media/style/default/ajax.php","status":200,"ms":52.96,"peak":1120496,"peak_real":2097152}
{"t":1790024733.076,"step":"open-create:page 3","method":"POST","uri":"/manager/?a=67&type=7&id=10125&_token=ny2RAUuyci7etdvTn7qqt7PtrJj5oVbGx5vSAMge&o=0.2327018565435407","status":200,"ms":108.29,"peak":1115616,"peak_real":2097152}
{"t":1790024733.112,"step":"save-create:page 3","method":"POST","uri":"/manager/media/style/default/ajax.php","status":200,"ms":44.88,"peak":1120496,"peak_real":2097152}
{"t":1790024733.156,"step":"save-create:page 3","method":"POST","uri":"/manager/media/style/default/ajax.php","status":200,"ms":66.72,"peak":1120496,"peak_real":2097152}
{"t":1790024733.529,"step":"save-create:page 3","method":"POST","uri":"/manager/index.php","status":302,"ms":150.51,"peak":1296296,"peak_real":2097152}
{"t":1790024733.627,"step":"save-create:page 3","method":"GET","uri":"/manager/index.php?a=27&id=10126&r=1&stay=2","status":200,"ms":95.95,"peak":1244720,"peak_real":2097152}
{"t":1790024733.753,"step":"open-create:page 4","method":"GET","uri":"/manager/index.php?a=4&pid=10103","status":200,"ms":80.37,"peak":1305448,"peak_real":2097152}
{"t":1790024733.787,"step":"open-create:page 4","method":"POST","uri":"/manager/media/style/default/ajax.php","status":200,"ms":42.66,"peak":1120496,"peak_real":2097152}
{"t":1790024733.856,"step":"open-create:page 4","method":"POST","uri":"/manager/?a=67&type=7&id=10126&_token=ny2RAUuyci7etdvTn7qqt7PtrJj5oVbGx5vSAMge&o=0.23858647907069308","status":200,"ms":96.61,"peak":1115616,"peak_real":2097152}
{"t":1790024733.891,"step":"save-create:page 4","method":"POST","uri":"/manager/media/style/default/ajax.php","status":200,"ms":32.05,"peak":1120496,"peak_real":2097152}
{"t":1790024733.921,"step":"save-create:page 4","method":"POST","uri":"/manager/media/style/default/ajax.php","status":200,"ms":38.26,"peak":1120496,"peak_real":2097152}
{"t":1790024734.292,"step":"save-create:page 4","method":"POST","uri":"/manager/index.php","status":302,"ms":146.49,"peak":1296296,"peak_real":2097152}
{"t":1790024734.398,"step":"save-create:page 4","method":"GET","uri":"/manager/index.php?a=27&id=10127&r=1&stay=2","status":200,"ms":102.78,"peak":1244720,"peak_real":2097152}
{"t":1790024734.534,"step":"open-create:page 5","method":"GET","uri":"/manager/index.php?a=4&pid=10103","status":200,"ms":78.62,"peak":1305448,"peak_real":2097152}
{"t":1790024734.568,"step":"open-create:page 5","method":"POST","uri":"/manager/media/style/default/ajax.php","status":200,"ms":50.61,"peak":1120496,"peak_real":2097152}
{"t":1790024734.639,"step":"open-create:page 5","method":"POST","uri":"/manager/?a=67&type=7&id=10127&_token=ny2RAUuyci7etdvTn7qqt7PtrJj5oVbGx5vSAMge&o=0.974599330791714","status":200,"ms":100.7,"peak":1115616,"peak_real":2097152}
{"t":1790024734.675,"step":"save-create:page 5","method":"POST","uri":"/manager/media/style/default/ajax.php","status":200,"ms":35.29,"peak":1120496,"peak_real":2097152}
{"t":1790024734.703,"step":"save-create:page 5","method":"POST","uri":"/manager/media/style/default/ajax.php","status":200,"ms":40.75,"peak":1120496,"peak_real":2097152}
{"t":1790024735.08,"step":"save-create:page 5","method":"POST","uri":"/manager/index.php","status":302,"ms":164.31,"peak":1299968,"peak_real":2097152}
{"t":1790024735.182,"step":"save-create:page 5","method":"GET","uri":"/manager/index.php?a=27&id=10128&r=1&stay=2","status":200,"ms":98.67,"peak":1244752,"peak_real":2097152}
{"t":1790024735.335,"step":"logout:round 1","method":"GET","uri":"/manager/index.php?a=8","status":302,"ms":101.7,"peak":1100104,"peak_real":2097152}
{"t":1790024735.352,"step":"logout:round 1","method":"GET","uri":"/manager/","status":200,"ms":12.31,"peak":1152208,"peak_real":2097152}
{"t":1790024735.358,"step":null,"method":"POST","uri":"/manager/?a=67&type=7&id=10128&_token=ny2RAUuyci7etdvTn7qqt7PtrJj5oVbGx5vSAMge&o=0.8819840187129095","status":404,"ms":1.52,"peak":385264,"peak_real":2097152}
{"t":1790024735.386,"step":"logout:round 1","method":"GET","uri":"/manager/?a=67&type=7&id=10128","status":200,"ms":152.74,"peak":1104840,"peak_real":2097152}
{"t":1790024735.418,"step":"logout:round 1","method":"POST","uri":"/manager/media/style/default/ajax.php","status":200,"ms":117.93,"peak":1120480,"peak_real":2097152}
