{"t":1790024684.174,"step":"warmup","method":"GET","uri":"/manager/","status":200,"ms":279.02,"peak":11659664,"peak_real":16777216}
{"t":1790024685.56,"step":"warmup","method":"POST","uri":"/manager/?a=0","status":200,"ms":403.83,"peak":3041208,"peak_real":4194304}
{"t":1790024685.686,"step":"warmup","method":"GET","uri":"/manager/","status":200,"ms":118.62,"peak":2939792,"peak_real":4194304}
{"t":1790024685.827,"step":"warmup","method":"GET","uri":"/manager/index.php?a=2","status":200,"ms":91.68,"peak":1743664,"peak_real":4194304}
{"t":1790024686.032,"step":"warmup","method":"GET","uri":"/manager/index.php?a=17","status":200,"ms":195.8,"peak":2727856,"peak_real":6291456}
{"t":1790024686.254,"step":"warmup","method":"GET","uri":"/manager/index.php?a=27&id=10104","status":200,"ms":135.74,"peak":1762376,"peak_real":4194304}
{"t":1790024686.299,"step":"warmup","method":"POST","uri":"/manager/media/style/default/ajax.php","status":200,"ms":96.71,"peak":1352488,"peak_real":2097152}
{"t":1790024686.44,"step":"warmup","method":"POST","uri":"/manager/media/style/default/ajax.php","status":200,"ms":37.29,"peak":1167024,"peak_real":2097152}
{"t":1790024686.899,"step":"warmup","method":"POST","uri":"/manager/index.php?a=5","status":200,"ms":139.44,"peak":1936336,"peak_real":8388608}
{"t":1790024686.94,"step":"warmup","method":"POST","uri":"/manager/media/style/default/ajax.php","status":200,"ms":35.44,"peak":1121000,"peak_real":2097152}
{"t":1790024687.049,"step":"warmup","method":"GET","uri":"/manager/index.php?a=4&pid=10103","status":200,"ms":125.53,"peak":1354688,"peak_real":2097152}
{"t":1790024687.197,"step":"warmup","method":"GET","uri":"/manager/index.php?a=8","status":302,"ms":97.1,"peak":1123672,"peak_real":2097152}
{"t":1790024687.213,"step":"warmup","method":"GET","uri":"/manager/","status":200,"ms":12.3,"peak":1071400,"peak_real":2097152}
{"t":1790024687.219,"step":null,"method":"POST","uri":"/manager/?a=67&type=7&id=0&_token=DJL5PPxsQxa3KB5saYD2GkgJr7zdGYucOetA2Hhl&o=0.5749849289047957","status":404,"ms":0.9,"peak":385184,"peak_real":2097152}
{"t":1790024687.286,"step":"login:round 1","method":"GET","uri":"/manager/","status":200,"ms":13.77,"peak":1085024,"peak_real":2097152}
{"t":1790024687.334,"step":"warmup","method":"POST","uri":"/manager/media/style/default/ajax.php","status":200,"ms":164.88,"peak":1120936,"peak_real":4194304}
{"t":1790024688.615,"step":"login:round 1","method":"POST","uri":"/manager/?a=0","status":200,"ms":361.81,"peak":1220344,"peak_real":6291456}
{"t":1790024688.664,"step":"login:round 1","method":"GET","uri":"/manager/","status":200,"ms":42.13,"peak":1688848,"peak_real":4194304}
{"t":1790024688.769,"step":"login:round 1","method":"GET","uri":"/manager/index.php?a=2","status":200,"ms":75.12,"peak":1349240,"peak_real":2097152}
{"t":1790024688.866,"step":"login:round 1","method":"GET","uri":"/manager/index.php?a=17","status":200,"ms":91.38,"peak":2813312,"peak_real":4194304}
{"t":1790024689.037,"step":"login:round 1","method":"POST","uri":"/manager/media/style/default/ajax.php","status":200,"ms":37.96,"peak":1118808,"peak_real":2097152}
{"t":1790024689.192,"step":"open-edit:page 10104","method":"GET","uri":"/manager/index.php?a=27&id=10104","status":200,"ms":96.57,"peak":1287816,"peak_real":2097152}
{"t":1790024689.352,"step":"save-edit:page 10104","method":"POST","uri":"/manager/media/style/default/ajax.php","status":200,"ms":36.6,"peak":1116544,"peak_real":2097152}
{"t":1790024689.652,"step":"save-edit:page 10104","method":"POST","uri":"/manager/index.php?a=5","status":200,"ms":93.44,"peak":1341736,"peak_real":2097152}
{"t":1790024689.694,"step":"save-edit:page 10104","method":"POST","uri":"/manager/media/style/default/ajax.php","status":200,"ms":36.02,"peak":1120568,"peak_real":4194304}
{"t":1790024689.792,"step":"open-edit:page 10105","method":"GET","uri":"/manager/index.php?a=27&id=10105","status":200,"ms":100.33,"peak":1293296,"peak_real":2097152}
{"t":1790024689.95,"step":"save-edit:page 10105","method":"POST","uri":"/manager/media/style/default/ajax.php","status":200,"ms":33.95,"peak":1120480,"peak_real":2097152}
{"t":1790024690.27,"step":"save-edit:page 10105","method":"POST","uri":"/manager/index.php?a=5","status":200,"ms":89.52,"peak":1318312,"peak_real":2097152}
{"t":1790024690.307,"step":"save-edit:page 10105","method":"POST","uri":"/manager/media/style/default/ajax.php","status":200,"ms":32.09,"peak":1120568,"peak_real":2097152}
{"t":1790024690.414,"step":"open-edit:page 10106","method":"GET","uri":"/manager/index.php?a=27&id=10106","status":200,"ms":112.43,"peak":1294648,"peak_real":2097152}
{"t":1790024690.571,"step":"save-edit:page 10106","method":"POST","uri":"/manager/media/style/default/ajax.php","status":200,"ms":38.32,"peak":1120480,"peak_real":2097152}
{"t":1790024690.977,"step":"save-edit:page 10106","method":"POST","uri":"/manager/index.php?a=5","status":200,"ms":101.5,"peak":1336408,"peak_real":2097152}
{"t":1790024691.022,"step":"save-edit:page 10106","method":"POST","uri":"/manager/media/style/default/ajax.php","status":200,"ms":38.13,"peak":1120568,"peak_real":2097152}
{"t":1790024691.128,"step":"open-edit:page 10107","method":"GET","uri":"/manager/index.php?a=27&id=10107","status":200,"ms":117,"peak":1296216,"peak_real":2097152}
{"t":1790024691.287,"step":"save-edit:page 10107","method":"POST","uri":"/manager/media/style/default/ajax.php","status":200,"ms":35.27,"peak":1120480,"peak_real":2097152}
{"t":1790024691.563,"step":"save-edit:page 10107","method":"POST","uri":"/manager/index.php?a=5","status":200,"ms":87.9,"peak":1314888,"peak_real":2097152}
{"t":1790024691.599,"step":"save-edit:page 10107","method":"POST","uri":"/manager/media/style/default/ajax.php","status":200,"ms":31.66,"peak":1120568,"peak_real":2097152}
{"t":1790024691.72,"step":"open-edit:page 10108","method":"GET","uri":"/manager/index.php?a=27&id=10108","status":200,"ms":97.8,"peak":1295552,"peak_real":2097152}
{"t":1790024691.893,"step":"save-edit:page 10108","method":"POST","uri":"/manager/media/style/default/ajax.php","status":200,"ms":36.22,"peak":1120480,"peak_real":2097152}
{"t":1790024692.197,"step":"save-edit:page 10108","method":"POST","uri":"/manager/index.php?a=5","status":200,"ms":89.35,"peak":1314888,"peak_real":2097152}
{"t":1790024692.233,"step":"save-edit:page 10108","method":"POST","uri":"/manager/media/style/default/ajax.php","status":200,"ms":31.9,"peak":1120568,"peak_real":2097152}
{"t":1790024692.306,"step":"open-create:page 1","method":"GET","uri":"/manager/index.php?a=4&pid=10103","status":200,"ms":81.85,"peak":1305600,"peak_real":2097152}
{"t":1790024692.459,"step":"save-create:page 1","method":"POST","uri":"/manager/media/style/default/ajax.php","status":200,"ms":32.01,"peak":1120480,"peak_real":2097152}
{"t":1790024692.824,"step":"save-create:page 1","method":"POST","uri":"/manager/index.php","status":302,"ms":174.91,"peak":1302088,"peak_real":2097152}
{"t":1790024692.925,"step":"save-create:page 1","method":"GET","uri":"/manager/index.php?a=27&id=10119&r=1&stay=2","status":200,"ms":98.5,"peak":1255280,"peak_real":2097152}
{"t":1790024693.064,"step":"open-create:page 2","method":"GET","uri":"/manager/index.php?a=4&pid=10103","status":200,"ms":85.58,"peak":1305448,"peak_real":2097152}
{"t":1790024693.093,"step":"open-create:page 2","method":"POST","uri":"/manager/media/style/default/ajax.php","status":200,"ms":48.45,"peak":1120496,"peak_real":2097152}
{"t":1790024693.169,"step":"open-create:page 2","method":"POST","uri":"/manager/?a=67&type=7&id=10119&_token=elnzRwEERE9waOoD4EM1X2dDTX4p3vkus47svQZl&o=0.06652424553216818","status":200,"ms":97.66,"peak":1121160,"peak_real":2097152}
{"t":1790024693.211,"step":"save-create:page 2","method":"POST","uri":"/manager/media/style/default/ajax.php","status":200,"ms":38.74,"peak":1120496,"peak_real":2097152}
{"t":1790024693.247,"step":"save-create:page 2","method":"POST","uri":"/manager/media/style/default/ajax.php","status":200,"ms":54.07,"peak":1120496,"peak_real":2097152}
{"t":1790024693.634,"step":"save-create:page 2","method":"POST","uri":"/manager/index.php","status":302,"ms":168,"peak":1296296,"peak_real":2097152}
{"t":1790024693.736,"step":"save-create:page 2","method":"GET","uri":"/manager/index.php?a=27&id=10120&r=1&stay=2","status":200,"ms":98.64,"peak":1244720,"peak_real":2097152}
{"t":1790024693.868,"step":"open-create:page 3","method":"GET","uri":"/manager/index.php?a=4&pid=10103","status":200,"ms":73.32,"peak":1305448,"peak_real":2097152}
{"t":1790024693.903,"step":"open-create:page 3","method":"POST","uri":"/manager/media/style/default/ajax.php","status":200,"ms":43.95,"peak":1120496,"peak_real":2097152}
{"t":1790024693.975,"step":"open-create:page 3","method":"POST","uri":"/manager/?a=67&type=7&id=10120&_token=elnzRwEERE9waOoD4EM1X2dDTX4p3vkus47svQZl&o=0.9087119996440315","status":200,"ms":100.52,"peak":1115616,"peak_real":2097152}
{"t":1790024694.01,"step":"save-create:page 3","method":"POST","uri":"/manager/media/style/default/ajax.php","status":200,"ms":36.33,"peak":1120496,"peak_real":2097152}
{"t":1790024694.049,"step":"save-create:page 3","method":"POST","uri":"/manager/media/style/default/ajax.php","status":200,"ms":54.92,"peak":1120496,"peak_real":2097152}
{"t":1790024694.382,"step":"save-create:page 3","method":"POST","uri":"/manager/index.php","status":302,"ms":150.41,"peak":1296296,"peak_real":2097152}
{"t":1790024694.474,"step":"save-create:page 3","method":"GET","uri":"/manager/index.php?a=27&id=10121&r=1&stay=2","status":200,"ms":89.98,"peak":1244720,"peak_real":2097152}
{"t":1790024694.603,"step":"open-create:page 4","method":"GET","uri":"/manager/index.php?a=4&pid=10103","status":200,"ms":82.63,"peak":1305448,"peak_real":2097152}
{"t":1790024694.645,"step":"open-create:page 4","method":"POST","uri":"/manager/media/style/default/ajax.php","status":200,"ms":53.28,"peak":1120496,"peak_real":2097152}
{"t":1790024694.717,"step":"open-create:page 4","method":"POST","uri":"/manager/?a=67&type=7&id=10121&_token=elnzRwEERE9waOoD4EM1X2dDTX4p3vkus47svQZl&o=0.350362927145195","status":200,"ms":108.06,"peak":1115616,"peak_real":2097152}
{"t":1790024694.747,"step":"save-create:page 4","method":"POST","uri":"/manager/media/style/default/ajax.php","status":200,"ms":37.21,"peak":1120496,"peak_real":2097152}
{"t":1790024694.786,"step":"save-create:page 4","method":"POST","uri":"/manager/media/style/default/ajax.php","status":200,"ms":52.48,"peak":1120496,"peak_real":2097152}
{"t":1790024695.138,"step":"save-create:page 4","method":"POST","uri":"/manager/index.php","status":302,"ms":153.41,"peak":1296296,"peak_real":2097152}
{"t":1790024695.253,"step":"save-create:page 4","method":"GET","uri":"/manager/index.php?a=27&id=10122&r=1&stay=2","status":200,"ms":113.53,"peak":1244720,"peak_real":2097152}
{"t":1790024695.392,"step":"open-create:page 5","method":"GET","uri":"/manager/index.php?a=4&pid=10103","status":200,"ms":82.44,"peak":1305848,"peak_real":2097152}
{"t":1790024695.428,"step":"open-create:page 5","method":"POST","uri":"/manager/media/style/default/ajax.php","status":200,"ms":55.23,"peak":1120496,"peak_real":2097152}
{"t":1790024695.496,"step":"open-create:page 5","method":"POST","uri":"/manager/?a=67&type=7&id=10122&_token=elnzRwEERE9waOoD4EM1X2dDTX4p3vkus47svQZl&o=0.3096277110974208","status":200,"ms":92.85,"peak":1115616,"peak_real":2097152}
{"t":1790024695.533,"step":"save-create:page 5","method":"POST","uri":"/manager/media/style/default/ajax.php","status":200,"ms":31.03,"peak":1120496,"peak_real":2097152}
{"t":1790024695.561,"step":"save-create:page 5","method":"POST","uri":"/manager/media/style/default/ajax.php","status":200,"ms":41.34,"peak":1120496,"peak_real":2097152}
{"t":1790024695.914,"step":"save-create:page 5","method":"POST","uri":"/manager/index.php","status":302,"ms":164.61,"peak":1323896,"peak_real":2097152}
{"t":1790024696.031,"step":"save-create:page 5","method":"GET","uri":"/manager/index.php?a=27&id=10123&r=1&stay=2","status":200,"ms":109.89,"peak":1244752,"peak_real":2097152}
{"t":1790024696.158,"step":"logout:round 1","method":"GET","uri":"/manager/?a=67&type=7&id=10123","status":200,"ms":68.52,"peak":1114064,"peak_real":2097152}
{"t":1790024696.248,"step":"logout:round 1","method":"GET","uri":"/manager/index.php?a=8","status":302,"ms":158.12,"peak":1100104,"peak_real":2097152}
{"t":1790024696.264,"step":"logout:round 1","method":"GET","uri":"/manager/","status":200,"ms":13.51,"peak":1152208,"peak_real":2097152}
{"t":1790024696.27,"step":null,"method":"POST","uri":"/manager/?a=67&type=7&id=10123&_token=elnzRwEERE9waOoD4EM1X2dDTX4p3vkus47svQZl&o=0.7182614948630669","status":404,"ms":0.52,"peak":385264,"peak_real":2097152}
{"t":1790024696.414,"step":"logout:round 1","method":"POST","uri":"/manager/media/style/default/ajax.php","status":200,"ms":257.06,"peak":1120480,"peak_real":2097152}
