{"t":1790023734.468,"step":"warmup","method":"GET","uri":"/manager/","status":200,"ms":256.46,"peak":11585952,"peak_real":16777216}
{"t":1790023735.826,"step":"warmup","method":"POST","uri":"/manager/?a=0","status":200,"ms":391.11,"peak":3221168,"peak_real":4194304}
{"t":1790023735.923,"step":"warmup","method":"GET","uri":"/manager/","status":200,"ms":89.7,"peak":2932896,"peak_real":4194304}
{"t":1790023736.046,"step":"warmup","method":"GET","uri":"/manager/index.php?a=2","status":200,"ms":78.69,"peak":1717744,"peak_real":4194304}
{"t":1790023736.212,"step":"warmup","method":"GET","uri":"/manager/index.php?a=17","status":200,"ms":158.7,"peak":2717752,"peak_real":6291456}
{"t":1790023736.493,"step":"warmup","method":"GET","uri":"/manager/index.php?a=27&id=10104","status":200,"ms":145.75,"peak":1755400,"peak_real":4194304}
{"t":1790023736.555,"step":"warmup","method":"POST","uri":"/manager/media/style/default/ajax.php","status":200,"ms":168.5,"peak":1315992,"peak_real":2097152}
{"t":1790023736.672,"step":"warmup","method":"POST","uri":"/manager/media/style/default/ajax.php","status":200,"ms":41.61,"peak":1259864,"peak_real":2097152}
{"t":1790023737.002,"step":"warmup","method":"POST","uri":"/manager/index.php?a=5","status":200,"ms":127.43,"peak":1905536,"peak_real":8388608}
{"t":1790023737.056,"step":"warmup","method":"POST","uri":"/manager/media/style/default/ajax.php","status":200,"ms":48.11,"peak":1112792,"peak_real":2097152}
{"t":1790023737.145,"step":"warmup","method":"GET","uri":"/manager/index.php?a=4&pid=10103","status":200,"ms":88.27,"peak":1346736,"peak_real":2097152}
{"t":1790023737.3,"step":"warmup","method":"GET","uri":"/manager/index.php?a=8","status":302,"ms":108.19,"peak":1119592,"peak_real":2097152}
{"t":1790023737.317,"step":"warmup","method":"GET","uri":"/manager/","status":200,"ms":13,"peak":1063544,"peak_real":2097152}
{"t":1790023737.335,"step":null,"method":"POST","uri":"/manager/?a=67&type=7&id=0&_token=0TfJgfLfBVGbRdO6kYcSqwZHXdjUGj1ST1L9m7Id&o=0.4202971590060276","status":404,"ms":10.97,"peak":385184,"peak_real":2097152}
{"t":1790023737.424,"step":"login:round 1","method":"GET","uri":"/manager/","status":200,"ms":13.74,"peak":1077168,"peak_real":2097152}
{"t":1790023737.457,"step":"warmup","method":"POST","uri":"/manager/media/style/default/ajax.php","status":200,"ms":191.68,"peak":1112728,"peak_real":4194304}
{"t":1790023738.769,"step":"login:round 1","method":"POST","uri":"/manager/?a=0","status":200,"ms":364.94,"peak":1215352,"peak_real":6291456}
{"t":1790023738.81,"step":"login:round 1","method":"GET","uri":"/manager/","status":200,"ms":36.06,"peak":1681920,"peak_real":4194304}
{"t":1790023738.884,"step":"login:round 1","method":"GET","uri":"/manager/index.php?a=2","status":200,"ms":58.7,"peak":1342312,"peak_real":2097152}
{"t":1790023738.983,"step":"login:round 1","method":"GET","uri":"/manager/index.php?a=17","status":200,"ms":90.9,"peak":2806384,"peak_real":4194304}
{"t":1790023739.152,"step":"login:round 1","method":"POST","uri":"/manager/media/style/default/ajax.php","status":200,"ms":34.27,"peak":1111880,"peak_real":2097152}
{"t":1790023739.349,"step":"open-edit:page 10104","method":"GET","uri":"/manager/index.php?a=27&id=10104","status":200,"ms":96.66,"peak":1296480,"peak_real":2097152}
{"t":1790023739.504,"step":"save-edit:page 10104","method":"POST","uri":"/manager/media/style/default/ajax.php","status":200,"ms":33.78,"peak":1108336,"peak_real":2097152}
{"t":1790023739.832,"step":"save-edit:page 10104","method":"POST","uri":"/manager/index.php?a=5","status":200,"ms":91.46,"peak":1331688,"peak_real":2097152}
{"t":1790023739.869,"step":"save-edit:page 10104","method":"POST","uri":"/manager/media/style/default/ajax.php","status":200,"ms":32.64,"peak":1112360,"peak_real":4194304}
{"t":1790023739.965,"step":"open-edit:page 10105","method":"GET","uri":"/manager/index.php?a=27&id=10105","status":200,"ms":95.5,"peak":1286368,"peak_real":2097152}
{"t":1790023740.12,"step":"save-edit:page 10105","method":"POST","uri":"/manager/media/style/default/ajax.php","status":200,"ms":31.97,"peak":1112272,"peak_real":2097152}
{"t":1790023740.432,"step":"save-edit:page 10105","method":"POST","uri":"/manager/index.php?a=5","status":200,"ms":94.34,"peak":1311384,"peak_real":2097152}
{"t":1790023740.473,"step":"save-edit:page 10105","method":"POST","uri":"/manager/media/style/default/ajax.php","status":200,"ms":35.34,"peak":1112360,"peak_real":2097152}
{"t":1790023740.579,"step":"open-edit:page 10106","method":"GET","uri":"/manager/index.php?a=27&id=10106","status":200,"ms":115.94,"peak":1287120,"peak_real":2097152}
{"t":1790023740.75,"step":"save-edit:page 10106","method":"POST","uri":"/manager/media/style/default/ajax.php","status":200,"ms":44.25,"peak":1112272,"peak_real":2097152}
{"t":1790023741.069,"step":"save-edit:page 10106","method":"POST","uri":"/manager/index.php?a=5","status":200,"ms":94.8,"peak":1329480,"peak_real":2097152}
{"t":1790023741.107,"step":"save-edit:page 10106","method":"POST","uri":"/manager/media/style/default/ajax.php","status":200,"ms":32.87,"peak":1112360,"peak_real":2097152}
{"t":1790023741.2,"step":"open-edit:page 10107","method":"GET","uri":"/manager/index.php?a=27&id=10107","status":200,"ms":101.16,"peak":1288384,"peak_real":2097152}
{"t":1790023741.353,"step":"save-edit:page 10107","method":"POST","uri":"/manager/media/style/default/ajax.php","status":200,"ms":31.46,"peak":1112272,"peak_real":2097152}
{"t":1790023741.662,"step":"save-edit:page 10107","method":"POST","uri":"/manager/index.php?a=5","status":200,"ms":89.16,"peak":1307960,"peak_real":2097152}
{"t":1790023741.707,"step":"save-edit:page 10107","method":"POST","uri":"/manager/media/style/default/ajax.php","status":200,"ms":39.77,"peak":1112360,"peak_real":2097152}
{"t":1790023741.838,"step":"open-edit:page 10108","method":"GET","uri":"/manager/index.php?a=27&id=10108","status":200,"ms":127.51,"peak":1288624,"peak_real":2097152}
{"t":1790023741.999,"step":"save-edit:page 10108","method":"POST","uri":"/manager/media/style/default/ajax.php","status":200,"ms":33.86,"peak":1112272,"peak_real":2097152}
{"t":1790023742.299,"step":"save-edit:page 10108","method":"POST","uri":"/manager/index.php?a=5","status":200,"ms":94.65,"peak":1307960,"peak_real":2097152}
{"t":1790023742.337,"step":"save-edit:page 10108","method":"POST","uri":"/manager/media/style/default/ajax.php","status":200,"ms":34.19,"peak":1112360,"peak_real":2097152}
{"t":1790023742.428,"step":"open-create:page 1","method":"GET","uri":"/manager/index.php?a=4&pid=10103","status":200,"ms":97.84,"peak":1297648,"peak_real":2097152}
{"t":1790023742.58,"step":"save-create:page 1","method":"POST","uri":"/manager/media/style/default/ajax.php","status":200,"ms":31.75,"peak":1112272,"peak_real":2097152}
{"t":1790023743.079,"step":"save-create:page 1","method":"POST","uri":"/manager/index.php","status":302,"ms":168.28,"peak":1289336,"peak_real":2097152}
{"t":1790023743.173,"step":"save-create:page 1","method":"GET","uri":"/manager/index.php?a=27&id=10124&r=1&stay=2","status":200,"ms":90.41,"peak":1248608,"peak_real":2097152}
{"t":1790023743.556,"step":"open-create:page 2","method":"GET","uri":"/manager/index.php?a=4&pid=10103","status":200,"ms":293.87,"peak":1297496,"peak_real":2097152}
{"t":1790023743.612,"step":"open-create:page 2","method":"POST","uri":"/manager/media/style/default/ajax.php","status":200,"ms":317.59,"peak":1112288,"peak_real":2097152}
{"t":1790023743.691,"step":"open-create:page 2","method":"POST","uri":"/manager/?a=67&type=7&id=10124&_token=8DVet9vMpctOYE9MfjTx54PW4Xv2rMrSswpM5QUX&o=0.4413198223127339","status":200,"ms":339.83,"peak":1114232,"peak_real":2097152}
{"t":1790023743.723,"step":"open-create:page 2","method":"POST","uri":"/manager/media/style/default/ajax.php","status":200,"ms":271.49,"peak":1112272,"peak_real":2097152}
{"t":1790023743.759,"step":"save-create:page 2","method":"POST","uri":"/manager/media/style/default/ajax.php","status":200,"ms":85.16,"peak":1112288,"peak_real":2097152}
{"t":1790023744.078,"step":"save-create:page 2","method":"POST","uri":"/manager/index.php","status":302,"ms":147.16,"peak":1289368,"peak_real":2097152}
{"t":1790023744.176,"step":"save-create:page 2","method":"GET","uri":"/manager/index.php?a=27&id=10125&r=1&stay=2","status":200,"ms":96.22,"peak":1237792,"peak_real":2097152}
{"t":1790023744.308,"step":"open-create:page 3","method":"GET","uri":"/manager/index.php?a=4&pid=10103","status":200,"ms":80.26,"peak":1297496,"peak_real":2097152}
{"t":1790023744.34,"step":"open-create:page 3","method":"POST","uri":"/manager/media/style/default/ajax.php","status":200,"ms":44.4,"peak":1112288,"peak_real":2097152}
{"t":1790023744.412,"step":"open-create:page 3","method":"POST","uri":"/manager/?a=67&type=7&id=10125&_token=8DVet9vMpctOYE9MfjTx54PW4Xv2rMrSswpM5QUX&o=0.9729332356558956","status":200,"ms":95.19,"peak":1108688,"peak_real":2097152}
{"t":1790023744.449,"step":"save-create:page 3","method":"POST","uri":"/manager/media/style/default/ajax.php","status":200,"ms":33.25,"peak":1112288,"peak_real":2097152}
{"t":1790023744.479,"step":"save-create:page 3","method":"POST","uri":"/manager/media/style/default/ajax.php","status":200,"ms":36.81,"peak":1112288,"peak_real":2097152}
{"t":1790023744.833,"step":"save-create:page 3","method":"POST","uri":"/manager/index.php","status":302,"ms":155.61,"peak":1289368,"peak_real":2097152}
{"t":1790023744.925,"step":"save-create:page 3","method":"GET","uri":"/manager/index.php?a=27&id=10126&r=1&stay=2","status":200,"ms":88.61,"peak":1237792,"peak_real":2097152}
{"t":1790023745.056,"step":"open-create:page 4","method":"GET","uri":"/manager/index.php?a=4&pid=10103","status":200,"ms":82.24,"peak":1297496,"peak_real":2097152}
{"t":1790023745.092,"step":"open-create:page 4","method":"POST","uri":"/manager/media/style/default/ajax.php","status":200,"ms":48.67,"peak":1112288,"peak_real":2097152}
{"t":1790023745.192,"step":"open-create:page 4","method":"POST","uri":"/manager/?a=67&type=7&id=10126&_token=8DVet9vMpctOYE9MfjTx54PW4Xv2rMrSswpM5QUX&o=0.6142894367043025","status":200,"ms":126.58,"peak":1108688,"peak_real":2097152}
{"t":1790023745.232,"step":"open-create:page 4","method":"POST","uri":"/manager/media/style/default/ajax.php","status":200,"ms":65.46,"peak":1112288,"peak_real":2097152}
{"t":1790023745.331,"step":"save-create:page 4","method":"POST","uri":"/manager/media/style/default/ajax.php","status":200,"ms":126.34,"peak":1112288,"peak_real":2097152}
{"t":1790023745.592,"step":"save-create:page 4","method":"POST","uri":"/manager/index.php","status":302,"ms":147.18,"peak":1289368,"peak_real":2097152}
{"t":1790023745.7,"step":"save-create:page 4","method":"GET","uri":"/manager/index.php?a=27&id=10127&r=1&stay=2","status":200,"ms":104.37,"peak":1238472,"peak_real":2097152}
{"t":1790023745.832,"step":"open-create:page 5","method":"GET","uri":"/manager/index.php?a=4&pid=10103","status":200,"ms":75.91,"peak":1297496,"peak_real":2097152}
{"t":1790023745.862,"step":"open-create:page 5","method":"POST","uri":"/manager/media/style/default/ajax.php","status":200,"ms":39.76,"peak":1112288,"peak_real":2097152}
{"t":1790023745.933,"step":"open-create:page 5","method":"POST","uri":"/manager/?a=67&type=7&id=10127&_token=8DVet9vMpctOYE9MfjTx54PW4Xv2rMrSswpM5QUX&o=0.7459894697116753","status":200,"ms":94.76,"peak":1108688,"peak_real":2097152}
{"t":1790023745.97,"step":"save-create:page 5","method":"POST","uri":"/manager/media/style/default/ajax.php","status":200,"ms":32.4,"peak":1112288,"peak_real":2097152}
{"t":1790023746.003,"step":"save-create:page 5","method":"POST","uri":"/manager/media/style/default/ajax.php","status":200,"ms":45.69,"peak":1112288,"peak_real":2097152}
{"t":1790023746.342,"step":"save-create:page 5","method":"POST","uri":"/manager/index.php","status":302,"ms":147.47,"peak":1289368,"peak_real":2097152}
{"t":1790023746.447,"step":"save-create:page 5","method":"GET","uri":"/manager/index.php?a=27&id=10128&r=1&stay=2","status":200,"ms":102.68,"peak":1237824,"peak_real":2097152}
{"t":1790023746.586,"step":"logout:round 1","method":"GET","uri":"/manager/?a=67&type=7&id=10128","status":200,"ms":76.54,"peak":1107136,"peak_real":2097152}
{"t":1790023746.678,"step":"logout:round 1","method":"GET","uri":"/manager/index.php?a=8","status":302,"ms":168.42,"peak":1093176,"peak_real":2097152}
{"t":1790023746.692,"step":"logout:round 1","method":"GET","uri":"/manager/","status":200,"ms":11.45,"peak":1144352,"peak_real":2097152}
{"t":1790023746.699,"step":null,"method":"POST","uri":"/manager/?a=67&type=7&id=10128&_token=8DVet9vMpctOYE9MfjTx54PW4Xv2rMrSswpM5QUX&o=0.40407289039736494","status":404,"ms":1.01,"peak":385264,"peak_real":2097152}
{"t":1790023746.857,"step":"logout:round 1","method":"POST","uri":"/manager/media/style/default/ajax.php","status":200,"ms":287.9,"peak":1112272,"peak_real":2097152}
