{"t":1790024249.218,"step":"warmup","method":"GET","uri":"/manager/","status":200,"ms":259.15,"peak":11586048,"peak_real":16777216}
{"t":1790024250.606,"step":"warmup","method":"POST","uri":"/manager/?a=0","status":200,"ms":399.33,"peak":3221264,"peak_real":4194304}
{"t":1790024250.699,"step":"warmup","method":"GET","uri":"/manager/","status":200,"ms":87.65,"peak":2932976,"peak_real":4194304}
{"t":1790024250.822,"step":"warmup","method":"GET","uri":"/manager/index.php?a=2","status":200,"ms":81.06,"peak":1717824,"peak_real":4194304}
{"t":1790024250.983,"step":"warmup","method":"GET","uri":"/manager/index.php?a=17","status":200,"ms":152.63,"peak":2721024,"peak_real":6291456}
{"t":1790024251.227,"step":"warmup","method":"GET","uri":"/manager/index.php?a=27&id=10104","status":200,"ms":136.69,"peak":1755528,"peak_real":4194304}
{"t":1790024251.275,"step":"warmup","method":"POST","uri":"/manager/media/style/default/ajax.php","status":200,"ms":119.17,"peak":1255504,"peak_real":2097152}
{"t":1790024251.411,"step":"warmup","method":"POST","uri":"/manager/media/style/default/ajax.php","status":200,"ms":41.86,"peak":1108872,"peak_real":2097152}
{"t":1790024251.884,"step":"warmup","method":"POST","uri":"/manager/index.php?a=5","status":200,"ms":125.93,"peak":1893408,"peak_real":8388608}
{"t":1790024251.931,"step":"warmup","method":"POST","uri":"/manager/media/style/default/ajax.php","status":200,"ms":42.16,"peak":1112872,"peak_real":2097152}
{"t":1790024252.017,"step":"warmup","method":"GET","uri":"/manager/index.php?a=4&pid=10103","status":200,"ms":105.9,"peak":1494296,"peak_real":2097152}
{"t":1790024252.19,"step":"warmup","method":"GET","uri":"/manager/index.php?a=8","status":302,"ms":110.63,"peak":1142456,"peak_real":2097152}
{"t":1790024252.207,"step":"warmup","method":"GET","uri":"/manager/","status":200,"ms":13.8,"peak":1063912,"peak_real":2097152}
{"t":1790024252.213,"step":null,"method":"POST","uri":"/manager/?a=67&type=7&id=0&_token=gHIutRbP7On2AOgOTa6gg15yGzfBUL2olyVQhq0Q&o=0.5383852564449021","status":404,"ms":0.6,"peak":385248,"peak_real":2097152}
{"t":1790024252.296,"step":"login:round 1","method":"GET","uri":"/manager/","status":200,"ms":17.51,"peak":1078192,"peak_real":2097152}
{"t":1790024252.366,"step":"warmup","method":"POST","uri":"/manager/media/style/default/ajax.php","status":200,"ms":216.99,"peak":1112808,"peak_real":4194304}
{"t":1790024253.65,"step":"login:round 1","method":"POST","uri":"/manager/?a=0","status":200,"ms":378.16,"peak":1215312,"peak_real":6291456}
{"t":1790024253.689,"step":"login:round 1","method":"GET","uri":"/manager/","status":200,"ms":32.78,"peak":1682000,"peak_real":4194304}
{"t":1790024253.762,"step":"login:round 1","method":"GET","uri":"/manager/index.php?a=2","status":200,"ms":55.64,"peak":1342392,"peak_real":2097152}
{"t":1790024253.859,"step":"login:round 1","method":"GET","uri":"/manager/index.php?a=17","status":200,"ms":89.14,"peak":2806448,"peak_real":4194304}
{"t":1790024254.024,"step":"login:round 1","method":"POST","uri":"/manager/media/style/default/ajax.php","status":200,"ms":33.83,"peak":1111960,"peak_real":2097152}
{"t":1790024254.23,"step":"open-edit:page 10104","method":"GET","uri":"/manager/index.php?a=27&id=10104","status":200,"ms":122.4,"peak":1280936,"peak_real":2097152}
{"t":1790024254.408,"step":"save-edit:page 10104","method":"POST","uri":"/manager/media/style/default/ajax.php","status":200,"ms":40.37,"peak":1108416,"peak_real":2097152}
{"t":1790024254.735,"step":"save-edit:page 10104","method":"POST","uri":"/manager/index.php?a=5","status":200,"ms":89.55,"peak":1332704,"peak_real":2097152}
{"t":1790024254.773,"step":"save-edit:page 10104","method":"POST","uri":"/manager/media/style/default/ajax.php","status":200,"ms":32.89,"peak":1112440,"peak_real":4194304}
{"t":1790024254.869,"step":"open-edit:page 10105","method":"GET","uri":"/manager/index.php?a=27&id=10105","status":200,"ms":105.88,"peak":1286416,"peak_real":2097152}
{"t":1790024255.03,"step":"save-edit:page 10105","method":"POST","uri":"/manager/media/style/default/ajax.php","status":200,"ms":35.67,"peak":1112352,"peak_real":2097152}
{"t":1790024255.358,"step":"save-edit:page 10105","method":"POST","uri":"/manager/index.php?a=5","status":200,"ms":96.15,"peak":1311480,"peak_real":2097152}
{"t":1790024255.401,"step":"save-edit:page 10105","method":"POST","uri":"/manager/media/style/default/ajax.php","status":200,"ms":38.31,"peak":1112440,"peak_real":2097152}
{"t":1790024255.508,"step":"open-edit:page 10106","method":"GET","uri":"/manager/index.php?a=27&id=10106","status":200,"ms":113.61,"peak":1287168,"peak_real":2097152}
{"t":1790024255.771,"step":"save-edit:page 10106","method":"POST","uri":"/manager/media/style/default/ajax.php","status":200,"ms":128.14,"peak":1112352,"peak_real":2097152}
{"t":1790024256.067,"step":"save-edit:page 10106","method":"POST","uri":"/manager/index.php?a=5","status":200,"ms":88.92,"peak":1329576,"peak_real":2097152}
{"t":1790024256.105,"step":"save-edit:page 10106","method":"POST","uri":"/manager/media/style/default/ajax.php","status":200,"ms":33.79,"peak":1112440,"peak_real":2097152}
{"t":1790024256.206,"step":"open-edit:page 10107","method":"GET","uri":"/manager/index.php?a=27&id=10107","status":200,"ms":111.43,"peak":1332600,"peak_real":2097152}
{"t":1790024256.374,"step":"save-edit:page 10107","method":"POST","uri":"/manager/media/style/default/ajax.php","status":200,"ms":37.28,"peak":1112352,"peak_real":2097152}
{"t":1790024256.814,"step":"save-edit:page 10107","method":"POST","uri":"/manager/index.php?a=5","status":200,"ms":118.69,"peak":1308056,"peak_real":2097152}
{"t":1790024256.858,"step":"save-edit:page 10107","method":"POST","uri":"/manager/media/style/default/ajax.php","status":200,"ms":37.46,"peak":1112440,"peak_real":2097152}
{"t":1790024256.954,"step":"open-edit:page 10108","method":"GET","uri":"/manager/index.php?a=27&id=10108","status":200,"ms":101.78,"peak":1324752,"peak_real":2097152}
{"t":1790024257.114,"step":"save-edit:page 10108","method":"POST","uri":"/manager/media/style/default/ajax.php","status":200,"ms":35.09,"peak":1112352,"peak_real":2097152}
{"t":1790024257.411,"step":"save-edit:page 10108","method":"POST","uri":"/manager/index.php?a=5","status":200,"ms":91.03,"peak":1308056,"peak_real":2097152}
{"t":1790024257.451,"step":"save-edit:page 10108","method":"POST","uri":"/manager/media/style/default/ajax.php","status":200,"ms":35.28,"peak":1112440,"peak_real":2097152}
{"t":1790024257.577,"step":"open-create:page 1","method":"GET","uri":"/manager/index.php?a=4&pid=10103","status":200,"ms":129.09,"peak":1298720,"peak_real":2097152}
{"t":1790024257.73,"step":"save-create:page 1","method":"POST","uri":"/manager/media/style/default/ajax.php","status":200,"ms":33.77,"peak":1112352,"peak_real":2097152}
{"t":1790024258.126,"step":"save-create:page 1","method":"POST","uri":"/manager/index.php","status":302,"ms":190.8,"peak":1355368,"peak_real":2097152}
{"t":1790024258.241,"step":"save-create:page 1","method":"GET","uri":"/manager/index.php?a=27&id=10124&r=1&stay=2","status":200,"ms":112.66,"peak":1248696,"peak_real":2097152}
{"t":1790024258.406,"step":"open-create:page 2","method":"GET","uri":"/manager/index.php?a=4&pid=10103","status":200,"ms":91.38,"peak":1298568,"peak_real":2097152}
{"t":1790024258.462,"step":"open-create:page 2","method":"POST","uri":"/manager/media/style/default/ajax.php","status":200,"ms":97.06,"peak":1112368,"peak_real":2097152}
{"t":1790024258.581,"step":"open-create:page 2","method":"POST","uri":"/manager/?a=67&type=7&id=10124&_token=GUFOBNuchtbkJRWFoF4Xe78GmmUmrGIXSFaUipzI&o=0.9444835797969293","status":200,"ms":167.54,"peak":1114328,"peak_real":2097152}
{"t":1790024258.611,"step":"open-create:page 2","method":"POST","uri":"/manager/media/style/default/ajax.php","status":200,"ms":85.44,"peak":1112368,"peak_real":2097152}
{"t":1790024258.643,"step":"open-create:page 2","method":"POST","uri":"/manager/media/style/default/ajax.php","status":200,"ms":100.96,"peak":1112368,"peak_real":2097152}
{"t":1790024259,"step":"save-create:page 2","method":"POST","uri":"/manager/index.php","status":302,"ms":148.66,"peak":1289464,"peak_real":2097152}
{"t":1790024259.101,"step":"save-create:page 2","method":"GET","uri":"/manager/index.php?a=27&id=10125&r=1&stay=2","status":200,"ms":99.06,"peak":1237872,"peak_real":2097152}
{"t":1790024259.234,"step":"open-create:page 3","method":"GET","uri":"/manager/index.php?a=4&pid=10103","status":200,"ms":78.6,"peak":1298568,"peak_real":2097152}
{"t":1790024259.266,"step":"open-create:page 3","method":"POST","uri":"/manager/media/style/default/ajax.php","status":200,"ms":45.31,"peak":1112368,"peak_real":2097152}
{"t":1790024259.341,"step":"open-create:page 3","method":"POST","uri":"/manager/?a=67&type=7&id=10125&_token=GUFOBNuchtbkJRWFoF4Xe78GmmUmrGIXSFaUipzI&o=0.10851958396156647","status":200,"ms":100.05,"peak":1108784,"peak_real":2097152}
{"t":1790024259.376,"step":"save-create:page 3","method":"POST","uri":"/manager/media/style/default/ajax.php","status":200,"ms":35.53,"peak":1112368,"peak_real":2097152}
{"t":1790024259.414,"step":"save-create:page 3","method":"POST","uri":"/manager/media/style/default/ajax.php","status":200,"ms":51.22,"peak":1112368,"peak_real":2097152}
{"t":1790024259.777,"step":"save-create:page 3","method":"POST","uri":"/manager/index.php","status":302,"ms":142.68,"peak":1289464,"peak_real":2097152}
{"t":1790024259.875,"step":"save-create:page 3","method":"GET","uri":"/manager/index.php?a=27&id=10126&r=1&stay=2","status":200,"ms":96.16,"peak":1237872,"peak_real":2097152}
{"t":1790024260.047,"step":"open-create:page 4","method":"GET","uri":"/manager/index.php?a=4&pid=10103","status":200,"ms":104.88,"peak":1298568,"peak_real":2097152}
{"t":1790024260.102,"step":"open-create:page 4","method":"POST","uri":"/manager/media/style/default/ajax.php","status":200,"ms":105.59,"peak":1112368,"peak_real":2097152}
{"t":1790024260.253,"step":"open-create:page 4","method":"POST","uri":"/manager/?a=67&type=7&id=10126&_token=GUFOBNuchtbkJRWFoF4Xe78GmmUmrGIXSFaUipzI&o=0.2975404939199576","status":200,"ms":189.33,"peak":1108784,"peak_real":2097152}
{"t":1790024260.294,"step":"open-create:page 4","method":"POST","uri":"/manager/media/style/default/ajax.php","status":200,"ms":129.57,"peak":1112368,"peak_real":2097152}
{"t":1790024260.328,"step":"open-create:page 4","method":"POST","uri":"/manager/media/style/default/ajax.php","status":200,"ms":119.02,"peak":1112368,"peak_real":2097152}
{"t":1790024260.69,"step":"save-create:page 4","method":"POST","uri":"/manager/index.php","status":302,"ms":171.17,"peak":1289464,"peak_real":2097152}
{"t":1790024260.788,"step":"save-create:page 4","method":"GET","uri":"/manager/index.php?a=27&id=10127&r=1&stay=2","status":200,"ms":95.48,"peak":1238560,"peak_real":2097152}
{"t":1790024260.935,"step":"open-create:page 5","method":"GET","uri":"/manager/index.php?a=4&pid=10103","status":200,"ms":87.95,"peak":1298568,"peak_real":2097152}
{"t":1790024260.973,"step":"open-create:page 5","method":"POST","uri":"/manager/media/style/default/ajax.php","status":200,"ms":59.68,"peak":1112368,"peak_real":2097152}
{"t":1790024261.044,"step":"open-create:page 5","method":"POST","uri":"/manager/?a=67&type=7&id=10127&_token=GUFOBNuchtbkJRWFoF4Xe78GmmUmrGIXSFaUipzI&o=0.2084409684599422","status":200,"ms":103.6,"peak":1108784,"peak_real":2097152}
{"t":1790024261.075,"step":"save-create:page 5","method":"POST","uri":"/manager/media/style/default/ajax.php","status":200,"ms":35.27,"peak":1112368,"peak_real":2097152}
{"t":1790024261.105,"step":"save-create:page 5","method":"POST","uri":"/manager/media/style/default/ajax.php","status":200,"ms":33.95,"peak":1112368,"peak_real":2097152}
{"t":1790024261.472,"step":"save-create:page 5","method":"POST","uri":"/manager/index.php","status":302,"ms":152.88,"peak":1289464,"peak_real":2097152}
{"t":1790024261.574,"step":"save-create:page 5","method":"GET","uri":"/manager/index.php?a=27&id=10128&r=1&stay=2","status":200,"ms":100.36,"peak":1237904,"peak_real":2097152}
{"t":1790024261.722,"step":"logout:round 1","method":"GET","uri":"/manager/?a=67&type=7&id=10128","status":200,"ms":81.45,"peak":1107200,"peak_real":2097152}
{"t":1790024261.814,"step":"logout:round 1","method":"GET","uri":"/manager/index.php?a=8","status":302,"ms":171.08,"peak":1093224,"peak_real":2097152}
{"t":1790024261.827,"step":"logout:round 1","method":"GET","uri":"/manager/","status":200,"ms":10.79,"peak":1145360,"peak_real":2097152}
{"t":1790024261.837,"step":null,"method":"POST","uri":"/manager/?a=67&type=7&id=10128&_token=GUFOBNuchtbkJRWFoF4Xe78GmmUmrGIXSFaUipzI&o=0.7490125606111585","status":404,"ms":0.69,"peak":385296,"peak_real":2097152}
{"t":1790024262,"step":"logout:round 1","method":"POST","uri":"/manager/media/style/default/ajax.php","status":200,"ms":293.56,"peak":1112352,"peak_real":2097152}
