{"t":1790022907.059,"step":"warmup","method":"GET","uri":"/manager/","status":200,"ms":482.51,"peak":6464392,"peak_real":10485760}
{"t":1790022908.659,"step":"warmup","method":"POST","uri":"/manager/?a=0","status":200,"ms":522.96,"peak":2437528,"peak_real":4194304}
{"t":1790022908.778,"step":"warmup","method":"GET","uri":"/manager/","status":200,"ms":110.53,"peak":2658312,"peak_real":4194304}
{"t":1790022908.899,"step":"warmup","method":"GET","uri":"/manager/index.php?a=2","status":200,"ms":66.22,"peak":1703232,"peak_real":4194304}
{"t":1790022909.058,"step":"warmup","method":"GET","uri":"/manager/index.php?a=17","status":200,"ms":150.72,"peak":2691944,"peak_real":6291456}
{"t":1790022909.286,"step":"warmup","method":"GET","uri":"/manager/index.php?a=27&id=10104","status":200,"ms":128.63,"peak":1614528,"peak_real":2097152}
{"t":1790022909.335,"step":"warmup","method":"POST","uri":"/manager/media/style/default/ajax.php","status":200,"ms":95.83,"peak":1120816,"peak_real":2097152}
{"t":1790022909.519,"step":"warmup","method":"POST","uri":"/manager/media/style/default/ajax.php","status":200,"ms":47.06,"peak":1082928,"peak_real":2097152}
{"t":1790022909.816,"step":"warmup","method":"POST","uri":"/manager/index.php?a=5","status":200,"ms":137.4,"peak":1711016,"peak_real":6291456}
{"t":1790022909.868,"step":"warmup","method":"POST","uri":"/manager/media/style/default/ajax.php","status":200,"ms":47.16,"peak":1086848,"peak_real":2097152}
{"t":1790022909.966,"step":"warmup","method":"GET","uri":"/manager/index.php?a=4&pid=10103","status":200,"ms":107.99,"peak":1337320,"peak_real":2097152}
{"t":1790022910.162,"step":"warmup","method":"GET","uri":"/manager/index.php?a=8","status":302,"ms":114.33,"peak":1107432,"peak_real":2097152}
{"t":1790022910.176,"step":"warmup","method":"GET","uri":"/manager/","status":200,"ms":9.19,"peak":1053480,"peak_real":2097152}
{"t":1790022910.186,"step":null,"method":"POST","uri":"/manager/?a=67&type=7&id=0&_token=afLinatWYTrBl3zgHp1hGp0JLwqmC9Ub7F70fm9Q&o=0.31129106055511213","status":404,"ms":1.24,"peak":385152,"peak_real":2097152}
{"t":1790022910.265,"step":"login:round 1","method":"GET","uri":"/manager/","status":200,"ms":20.59,"peak":1067104,"peak_real":2097152}
{"t":1790022910.351,"step":"warmup","method":"POST","uri":"/manager/media/style/default/ajax.php","status":200,"ms":258.27,"peak":1086784,"peak_real":4194304}
{"t":1790022911.623,"step":"login:round 1","method":"POST","uri":"/manager/?a=0","status":200,"ms":387.97,"peak":1173432,"peak_real":4194304}
{"t":1790022911.665,"step":"login:round 1","method":"GET","uri":"/manager/","status":200,"ms":34.76,"peak":1672600,"peak_real":4194304}
{"t":1790022911.744,"step":"login:round 1","method":"GET","uri":"/manager/index.php?a=2","status":200,"ms":61.69,"peak":1333312,"peak_real":2097152}
{"t":1790022911.851,"step":"login:round 1","method":"GET","uri":"/manager/index.php?a=17","status":200,"ms":98.07,"peak":2584256,"peak_real":4194304}
{"t":1790022912.026,"step":"login:round 1","method":"POST","uri":"/manager/media/style/default/ajax.php","status":200,"ms":38.72,"peak":1082336,"peak_real":2097152}
{"t":1790022912.223,"step":"open-edit:page 10104","method":"GET","uri":"/manager/index.php?a=27&id=10104","status":200,"ms":141.93,"peak":1271072,"peak_real":2097152}
{"t":1790022912.386,"step":"save-edit:page 10104","method":"POST","uri":"/manager/media/style/default/ajax.php","status":200,"ms":36.79,"peak":1082472,"peak_real":2097152}
{"t":1790022912.703,"step":"save-edit:page 10104","method":"POST","uri":"/manager/index.php?a=5","status":200,"ms":112.59,"peak":1305192,"peak_real":2097152}
{"t":1790022912.743,"step":"save-edit:page 10104","method":"POST","uri":"/manager/media/style/default/ajax.php","status":200,"ms":35.78,"peak":1086416,"peak_real":2097152}
{"t":1790022912.842,"step":"open-edit:page 10105","method":"GET","uri":"/manager/index.php?a=27&id=10105","status":200,"ms":102.83,"peak":1276552,"peak_real":2097152}
{"t":1790022912.997,"step":"save-edit:page 10105","method":"POST","uri":"/manager/media/style/default/ajax.php","status":200,"ms":35.04,"peak":1086328,"peak_real":2097152}
{"t":1790022913.293,"step":"save-edit:page 10105","method":"POST","uri":"/manager/index.php?a=5","status":200,"ms":100.33,"peak":1309128,"peak_real":2097152}
{"t":1790022913.329,"step":"save-edit:page 10105","method":"POST","uri":"/manager/media/style/default/ajax.php","status":200,"ms":31.42,"peak":1086416,"peak_real":2097152}
{"t":1790022913.432,"step":"open-edit:page 10106","method":"GET","uri":"/manager/index.php?a=27&id=10106","status":200,"ms":109.65,"peak":1277304,"peak_real":2097152}
{"t":1790022913.594,"step":"save-edit:page 10106","method":"POST","uri":"/manager/media/style/default/ajax.php","status":200,"ms":37.67,"peak":1086328,"peak_real":2097152}
{"t":1790022913.93,"step":"save-edit:page 10106","method":"POST","uri":"/manager/index.php?a=5","status":200,"ms":122.61,"peak":1309128,"peak_real":2097152}
{"t":1790022913.965,"step":"save-edit:page 10106","method":"POST","uri":"/manager/media/style/default/ajax.php","status":200,"ms":31.79,"peak":1086416,"peak_real":2097152}
{"t":1790022914.063,"step":"open-edit:page 10107","method":"GET","uri":"/manager/index.php?a=27&id=10107","status":200,"ms":105.36,"peak":1278056,"peak_real":2097152}
{"t":1790022914.226,"step":"save-edit:page 10107","method":"POST","uri":"/manager/media/style/default/ajax.php","status":200,"ms":36.6,"peak":1086328,"peak_real":2097152}
{"t":1790022914.604,"step":"save-edit:page 10107","method":"POST","uri":"/manager/index.php?a=5","status":200,"ms":156.93,"peak":1309128,"peak_real":2097152}
{"t":1790022914.663,"step":"save-edit:page 10107","method":"POST","uri":"/manager/media/style/default/ajax.php","status":200,"ms":46,"peak":1086416,"peak_real":2097152}
{"t":1790022914.787,"step":"open-edit:page 10108","method":"GET","uri":"/manager/index.php?a=27&id=10108","status":200,"ms":127.05,"peak":1278808,"peak_real":2097152}
{"t":1790022914.946,"step":"save-edit:page 10108","method":"POST","uri":"/manager/media/style/default/ajax.php","status":200,"ms":31.61,"peak":1086808,"peak_real":2097152}
{"t":1790022915.268,"step":"save-edit:page 10108","method":"POST","uri":"/manager/index.php?a=5","status":200,"ms":109,"peak":1309128,"peak_real":2097152}
{"t":1790022915.314,"step":"save-edit:page 10108","method":"POST","uri":"/manager/media/style/default/ajax.php","status":200,"ms":40.11,"peak":1086896,"peak_real":2097152}
{"t":1790022915.397,"step":"open-create:page 1","method":"GET","uri":"/manager/index.php?a=4&pid=10103","status":200,"ms":77.78,"peak":1288264,"peak_real":2097152}
{"t":1790022915.565,"step":"save-create:page 1","method":"POST","uri":"/manager/media/style/default/ajax.php","status":200,"ms":42.42,"peak":1086808,"peak_real":2097152}
{"t":1790022915.964,"step":"save-create:page 1","method":"POST","uri":"/manager/index.php","status":302,"ms":164.54,"peak":1290184,"peak_real":2097152}
{"t":1790022916.064,"step":"save-create:page 1","method":"GET","uri":"/manager/index.php?a=27&id=10109&r=1&stay=2","status":200,"ms":97.47,"peak":1227944,"peak_real":2097152}
{"t":1790022916.209,"step":"open-create:page 2","method":"GET","uri":"/manager/index.php?a=4&pid=10103","status":200,"ms":80.89,"peak":1288112,"peak_real":2097152}
{"t":1790022916.279,"step":"open-create:page 2","method":"POST","uri":"/manager/media/style/default/ajax.php","status":200,"ms":88.77,"peak":1087576,"peak_real":2097152}
{"t":1790022916.363,"step":"open-create:page 2","method":"POST","uri":"/manager/?a=67&type=7&id=10109&_token=CVoTJq75AmzGiSAwc1vs1jXvs93oIJJNynZaRsYX&o=0.18958045140717983","status":200,"ms":144.23,"peak":1104896,"peak_real":2097152}
{"t":1790022916.403,"step":"open-create:page 2","method":"POST","uri":"/manager/media/style/default/ajax.php","status":200,"ms":85.11,"peak":1086824,"peak_real":2097152}
{"t":1790022916.483,"step":"save-create:page 2","method":"POST","uri":"/manager/media/style/default/ajax.php","status":200,"ms":140.58,"peak":1086824,"peak_real":2097152}
{"t":1790022916.891,"step":"save-create:page 2","method":"POST","uri":"/manager/index.php","status":302,"ms":210.09,"peak":1290216,"peak_real":2097152}
{"t":1790022917.029,"step":"save-create:page 2","method":"GET","uri":"/manager/index.php?a=27&id=10110&r=1&stay=2","status":200,"ms":129.15,"peak":1227976,"peak_real":2097152}
{"t":1790022917.18,"step":"open-create:page 3","method":"GET","uri":"/manager/index.php?a=4&pid=10103","status":200,"ms":83.5,"peak":1288112,"peak_real":2097152}
{"t":1790022917.217,"step":"open-create:page 3","method":"POST","uri":"/manager/media/style/default/ajax.php","status":200,"ms":60.66,"peak":1087576,"peak_real":2097152}
{"t":1790022917.295,"step":"open-create:page 3","method":"POST","uri":"/manager/?a=67&type=7&id=10110&_token=CVoTJq75AmzGiSAwc1vs1jXvs93oIJJNynZaRsYX&o=0.7178641511679447","status":200,"ms":108.26,"peak":1099336,"peak_real":2097152}
{"t":1790022917.346,"step":"save-create:page 3","method":"POST","uri":"/manager/media/style/default/ajax.php","status":200,"ms":58.16,"peak":1086824,"peak_real":2097152}
{"t":1790022917.388,"step":"save-create:page 3","method":"POST","uri":"/manager/media/style/default/ajax.php","status":200,"ms":63.19,"peak":1086824,"peak_real":2097152}
{"t":1790022917.753,"step":"save-create:page 3","method":"POST","uri":"/manager/index.php","status":302,"ms":171.79,"peak":1290216,"peak_real":2097152}
{"t":1790022917.862,"step":"save-create:page 3","method":"GET","uri":"/manager/index.php?a=27&id=10111&r=1&stay=2","status":200,"ms":106.91,"peak":1227976,"peak_real":2097152}
{"t":1790022918.011,"step":"open-create:page 4","method":"GET","uri":"/manager/index.php?a=4&pid=10103","status":200,"ms":86.31,"peak":1288112,"peak_real":2097152}
{"t":1790022918.054,"step":"open-create:page 4","method":"POST","uri":"/manager/media/style/default/ajax.php","status":200,"ms":67.07,"peak":1087576,"peak_real":2097152}
{"t":1790022918.144,"step":"open-create:page 4","method":"POST","uri":"/manager/?a=67&type=7&id=10111&_token=CVoTJq75AmzGiSAwc1vs1jXvs93oIJJNynZaRsYX&o=0.6796105885859748","status":200,"ms":121.99,"peak":1099448,"peak_real":2097152}
{"t":1790022918.179,"step":"open-create:page 4","method":"POST","uri":"/manager/media/style/default/ajax.php","status":200,"ms":56.23,"peak":1086824,"peak_real":2097152}
{"t":1790022918.209,"step":"open-create:page 4","method":"POST","uri":"/manager/media/style/default/ajax.php","status":200,"ms":53.54,"peak":1086824,"peak_real":2097152}
{"t":1790022918.604,"step":"save-create:page 4","method":"POST","uri":"/manager/index.php","status":302,"ms":173.84,"peak":1290216,"peak_real":2097152}
{"t":1790022918.708,"step":"save-create:page 4","method":"GET","uri":"/manager/index.php?a=27&id=10112&r=1&stay=2","status":200,"ms":102.16,"peak":1228088,"peak_real":2097152}
{"t":1790022918.848,"step":"open-create:page 5","method":"GET","uri":"/manager/index.php?a=4&pid=10103","status":200,"ms":88.34,"peak":1288112,"peak_real":2097152}
{"t":1790022918.883,"step":"open-create:page 5","method":"POST","uri":"/manager/media/style/default/ajax.php","status":200,"ms":54.65,"peak":1087576,"peak_real":2097152}
{"t":1790022918.953,"step":"open-create:page 5","method":"POST","uri":"/manager/?a=67&type=7&id=10112&_token=CVoTJq75AmzGiSAwc1vs1jXvs93oIJJNynZaRsYX&o=0.7349961855995104","status":200,"ms":99.29,"peak":1099336,"peak_real":2097152}
{"t":1790022918.986,"step":"save-create:page 5","method":"POST","uri":"/manager/media/style/default/ajax.php","status":200,"ms":32.46,"peak":1086824,"peak_real":2097152}
{"t":1790022919.016,"step":"save-create:page 5","method":"POST","uri":"/manager/media/style/default/ajax.php","status":200,"ms":41.9,"peak":1086824,"peak_real":2097152}
{"t":1790022919.367,"step":"save-create:page 5","method":"POST","uri":"/manager/index.php","status":302,"ms":153.67,"peak":1290216,"peak_real":2097152}
{"t":1790022919.472,"step":"save-create:page 5","method":"GET","uri":"/manager/index.php?a=27&id=10113&r=1&stay=2","status":200,"ms":103.36,"peak":1228008,"peak_real":2097152}
{"t":1790022919.614,"step":"logout:round 1","method":"GET","uri":"/manager/?a=67&type=7&id=10113","status":200,"ms":69.35,"peak":1097784,"peak_real":2097152}
{"t":1790022919.705,"step":"logout:round 1","method":"GET","uri":"/manager/index.php?a=8","status":302,"ms":159.07,"peak":1083840,"peak_real":2097152}
{"t":1790022919.717,"step":"logout:round 1","method":"GET","uri":"/manager/","status":200,"ms":9.76,"peak":1053496,"peak_real":2097152}
{"t":1790022919.723,"step":null,"method":"POST","uri":"/manager/?a=67&type=7&id=10113&_token=CVoTJq75AmzGiSAwc1vs1jXvs93oIJJNynZaRsYX&o=0.740530969760465","status":404,"ms":0.59,"peak":385232,"peak_real":2097152}
{"t":1790022919.994,"step":"logout:round 1","method":"POST","uri":"/manager/media/style/default/ajax.php","status":200,"ms":397.34,"peak":1086328,"peak_real":2097152}
