1790023600 84.55MiB 
1790023602 84MiB 
1790023605 84.06MiB 
1790023608 84.56MiB 
1790023610 84.51MiB 
1790023612 84.81MiB 
1790023615 84.45MiB 
1790023618 84.49MiB 
1790023620 84.06MiB 
1790023623 84.55MiB 
1790023625 84.66MiB 
1790023628 84.55MiB 
1790023630 84.73MiB 
1790023633 84.57MiB 
1790023635 84.71MiB 
1790023638 84.55MiB 
1790023640 84.55MiB 
1790023643 84.55MiB 
1790023645 84.39MiB 
1790023648 84.39MiB 
1790023650 84.59MiB 
1790023653 84.73MiB 
1790023655 84.81MiB 
1790023658 84.8MiB 
