1790022734 79.14MiB 
1790022737 79.25MiB 
1790022739 79.11MiB 
1790022742 79.31MiB 
1790022744 79.17MiB 
1790022747 79.04MiB 
1790022749 79.27MiB 
1790022752 79.48MiB 
1790022754 79.41MiB 
1790022757 79.4MiB 
1790022759 78.94MiB 
1790022762 79.19MiB 
1790022764 79.05MiB 
1790022767 79.14MiB 
1790022769 78.8MiB 
1790022772 79.46MiB 
1790022774 79.41MiB 
1790022777 79.15MiB 
1790022780 79.38MiB 
1790022782 79.31MiB 
1790022784 79.38MiB 
1790022787 79.33MiB 
1790022790 78.75MiB 
1790022792 78.98MiB 
