1790023077 82.19MiB 
1790023079 82.16MiB 
1790023082 82.26MiB 
1790023084 82.41MiB 
1790023087 82.39MiB 
1790023090 82.53MiB 
1790023092 82.43MiB 
1790023094 82.39MiB 
1790023097 82.11MiB 
1790023100 82.07MiB 
1790023102 82.3MiB 
1790023104 82.54MiB 
1790023107 82.4MiB 
1790023110 82.29MiB 
1790023112 82.6MiB 
1790023114 82.19MiB 
1790023118 82.52MiB 
1790023120 82.35MiB 
1790023122 82.25MiB 
1790023124 81.94MiB 
1790023128 82.23MiB 
1790023130 82.7MiB 
1790023132 82.68MiB 
1790023135 82.45MiB 
