1790022818 76.77MiB 
1790022820 76.71MiB 
1790022823 76.38MiB 
1790022826 76.51MiB 
1790022828 76.64MiB 
1790022831 76.95MiB 
1790022833 76.8MiB 
1790022836 76.56MiB 
1790022838 77.06MiB 
1790022841 76.83MiB 
1790022843 76.57MiB 
1790022846 76.56MiB 
1790022848 76.84MiB 
1790022851 77.1MiB 
1790022853 76.91MiB 
1790022856 76.62MiB 
1790022859 76.5MiB 
1790022861 76.57MiB 
1790022863 76.62MiB 
1790022867 76.68MiB 
1790022869 76.55MiB 
1790022871 76.97MiB 
1790022873 76.82MiB 
1790022877 76.86MiB 
