1790023252 75.39MiB 
1790023254 75.24MiB 
1790023257 75.04MiB 
1790023259 75.04MiB 
1790023262 75.09MiB 
1790023264 75.32MiB 
1790023267 75.37MiB 
1790023269 75.21MiB 
1790023272 75.59MiB 
1790023274 75.26MiB 
1790023277 75.36MiB 
1790023280 75.18MiB 
1790023282 74.99MiB 
1790023284 75.24MiB 
1790023287 75.16MiB 
1790023290 75.44MiB 
1790023292 75.63MiB 
1790023294 75.44MiB 
1790023297 75.64MiB 
1790023300 75.24MiB 
1790023302 75.3MiB 
1790023304 75.42MiB 
1790023308 75.11MiB 
1790023310 75.47MiB 
