1790020279 83.67MiB 
1790020281 83.76MiB 
1790020284 84.51MiB 
1790020287 84.82MiB 
1790020289 84.86MiB 
1790020291 85.57MiB 
1790020294 85.77MiB 
1790020297 86.2MiB 
1790020299 86.63MiB 
1790020301 86.86MiB 
1790020304 87.48MiB 
1790020307 87.57MiB 
1790020309 87.79MiB 
1790020311 88.2MiB 
1790020314 88.77MiB 
1790020317 89.34MiB 
1790020319 89.68MiB 
1790020321 89.89MiB 
1790020325 90.68MiB 
1790020328 91.09MiB 
1790020331 91.3MiB 
1790020333 91.96MiB 
1790020336 92.22MiB 
1790020338 92.89MiB 
