1790016489 85.08MiB 
1790016492 85.3MiB 
1790016494 85.29MiB 
1790016497 84.98MiB 
1790016499 84.68MiB 
1790016502 85.2MiB 
1790016504 84.97MiB 
1790016506 85.19MiB 
1790016509 85.32MiB 
1790016512 85.13MiB 
1790016514 85.42MiB 
1790016516 85.11MiB 
1790016519 85.32MiB 
1790016522 85.32MiB 
1790016524 85.08MiB 
1790016527 84.92MiB 
1790016529 84.79MiB 
1790016532 84.75MiB 
1790016534 85.1MiB 
1790016536 85.4MiB 
1790016539 85.53MiB 
1790016542 85.6MiB 
1790016544 85.32MiB 
1790016546 85.41MiB 
1790016549 85.23MiB 
