1790020537 86.69MiB 
1790020540 86.8MiB 
1790020542 87.57MiB 
1790020545 87.81MiB 
1790020547 88.13MiB 
1790020550 88.71MiB 
1790020552 89.02MiB 
1790020555 89.75MiB 
1790020557 90.03MiB 
1790020560 90.27MiB 
1790020562 90.49MiB 
1790020565 91.07MiB 
1790020567 91.36MiB 
1790020570 91.64MiB 
1790020572 92.01MiB 
1790020575 92.52MiB 
1790020577 92.98MiB 
1790020580 93.33MiB 
1790020582 93.73MiB 
1790020585 94.42MiB 
1790020588 94.46MiB 
1790020590 95.03MiB 
1790020592 95.04MiB 
1790020595 95.33MiB 
