1790024601 67.42MiB 
1790024604 67.44MiB 
1790024606 67.51MiB 
1790024609 67.54MiB 
1790024611 67.88MiB 
1790024614 67.57MiB 
1790024616 67.9MiB 
1790024619 67.91MiB 
1790024621 67.95MiB 
1790024624 67.86MiB 
1790024626 67.8MiB 
1790024629 67.58MiB 
1790024631 67.85MiB 
1790024634 67.68MiB 
1790024636 68.12MiB 
1790024639 67.57MiB 
1790024641 67.71MiB 
1790024644 67.89MiB 
1790024646 67.95MiB 
1790024649 68.13MiB 
1790024651 67.71MiB 
1790024654 67.75MiB 
1790024656 67.72MiB 
1790024659 67.7MiB 
