1790023778 75.16MiB 
1790023780 75.11MiB 
1790023782 75.21MiB 
1790023785 75.11MiB 
1790023788 75.41MiB 
1790023790 75.29MiB 
1790023793 75.34MiB 
1790023795 75.33MiB 
1790023798 75.4MiB 
1790023800 75.06MiB 
1790023803 75.11MiB 
1790023805 75.57MiB 
1790023808 74.93MiB 
1790023810 75.46MiB 
1790023813 75.51MiB 
1790023815 75.39MiB 
1790023818 75.43MiB 
1790023821 75.46MiB 
1790023823 75.47MiB 
1790023825 75.13MiB 
1790023828 75.43MiB 
1790023831 75.39MiB 
1790023833 75.53MiB 
1790023835 75.68MiB 
