1790016231 85.12MiB 
1790016233 85.37MiB 
1790016235 85.46MiB 
1790016237 85.47MiB 
1790016240 85.43MiB 
1790016242 85.39MiB 
1790016244 85.29MiB 
1790016247 85.27MiB 
1790016249 85.27MiB 
1790016251 85.46MiB 
1790016254 85.58MiB 
1790016256 85.68MiB 
1790016258 85.66MiB 
1790016260 85.37MiB 
1790016263 85.35MiB 
1790016265 85.4MiB 
1790016267 85.68MiB 
1790016270 85.57MiB 
1790016272 85.68MiB 
1790016274 85.46MiB 
1790016277 85.4MiB 
1790016279 85.07MiB 
1790016281 85.56MiB 
1790016283 85.46MiB 
1790016286 85.52MiB 
1790016288 85.52MiB 
