1790020150 74.91MiB 
1790020152 75.09MiB 
1790020155 75.53MiB 
1790020157 76.06MiB 
1790020160 76.3MiB 
1790020162 76.66MiB 
1790020165 77.15MiB 
1790020168 77.61MiB 
1790020170 77.92MiB 
1790020172 78.1MiB 
1790020175 78.75MiB 
1790020178 79.06MiB 
1790020180 79.02MiB 
1790020182 79.53MiB 
1790020185 80.16MiB 
1790020188 80.51MiB 
1790020190 80.87MiB 
1790020192 80.98MiB 
1790020195 81.68MiB 
1790020198 81.95MiB 
1790020200 82.33MiB 
1790020202 82.49MiB 
1790020205 82.9MiB 
1790020208 83.21MiB 
