1790024523 67.2MiB 
1790024525 67.11MiB 
1790024528 67.53MiB 
1790024530 67.55MiB 
1790024533 67.54MiB 
1790024535 67.41MiB 
1790024538 67.45MiB 
1790024540 67.71MiB 
1790024543 67.49MiB 
1790024545 67.57MiB 
1790024548 67.48MiB 
1790024550 67.7MiB 
1790024553 67.41MiB 
1790024555 67.63MiB 
1790024558 67.61MiB 
1790024560 67.89MiB 
1790024563 67.62MiB 
1790024565 67.47MiB 
1790024568 67.7MiB 
1790024570 67.82MiB 
1790024573 67.64MiB 
1790024575 67.58MiB 
1790024578 67.48MiB 
1790024580 67.57MiB 
