1790016612 63.08MiB 
1790016615 63.43MiB 
1790016617 63.36MiB 
1790016619 63.24MiB 
1790016622 63.46MiB 
1790016624 63.29MiB 
1790016627 63.55MiB 
1790016629 63.39MiB 
1790016632 63.43MiB 
1790016634 63.38MiB 
1790016637 63.12MiB 
1790016639 63.33MiB 
1790016642 63.34MiB 
1790016644 63.52MiB 
1790016647 63.18MiB 
1790016649 63.18MiB 
1790016652 63.53MiB 
1790016654 63.41MiB 
1790016657 63.67MiB 
1790016659 63.23MiB 
1790016662 63.55MiB 
1790016664 63.69MiB 
1790016667 63.46MiB 
1790016669 63.25MiB 
