1790020409 76.34MiB 
1790020411 76.53MiB 
1790020414 76.65MiB 
1790020417 77.34MiB 
1790020419 77.6MiB 
1790020421 78.04MiB 
1790020424 78.8MiB 
1790020427 79.02MiB 
1790020429 79.76MiB 
1790020431 79.92MiB 
1790020434 80.35MiB 
1790020437 80.54MiB 
1790020439 80.82MiB 
1790020441 81.37MiB 
1790020444 81.7MiB 
1790020447 82.25MiB 
1790020449 82.46MiB 
1790020451 82.46MiB 
1790020455 83.25MiB 
1790020457 83.7MiB 
1790020459 83.78MiB 
1790020462 84.37MiB 
1790020465 84.33MiB 
1790020467 85.14MiB 
