1790016105 79.64MiB 
1790016107 79.44MiB 
1790016109 79.2MiB 
1790016112 79.78MiB 
1790016114 79.83MiB 
1790016116 79.88MiB 
1790016118 79.84MiB 
1790016121 79.7MiB 
1790016123 79.59MiB 
1790016125 79.89MiB 
1790016128 79.8MiB 
1790016130 79.95MiB 
1790016132 79.89MiB 
1790016135 79.36MiB 
1790016137 79.71MiB 
1790016139 80.02MiB 
1790016142 79.86MiB 
1790016144 79.79MiB 
1790016146 79.92MiB 
1790016149 79.61MiB 
1790016151 79.91MiB 
1790016153 80.14MiB 
1790016155 80.11MiB 
1790016158 80.18MiB 
1790016160 79.98MiB 
1790016162 79.35MiB 
