1790016357 82.94MiB 
1790016360 83.08MiB 
1790016362 82.93MiB 
1790016364 83.13MiB 
1790016367 83.15MiB 
1790016369 83.3MiB 
1790016371 82.83MiB 
1790016374 82.73MiB 
1790016376 82.55MiB 
1790016378 83.07MiB 
1790016381 83.2MiB 
1790016383 83.23MiB 
1790016385 83.14MiB 
1790016387 83.07MiB 
1790016390 83.06MiB 
1790016392 83.02MiB 
1790016394 83.28MiB 
1790016397 83.15MiB 
1790016399 83.25MiB 
1790016401 82.83MiB 
1790016404 83.19MiB 
1790016406 82.88MiB 
1790016408 83.43MiB 
1790016410 82.96MiB 
1790016413 83.38MiB 
1790016415 83.03MiB 
