1790023335 75.38MiB 
1790023338 75.36MiB 
1790023340 75.13MiB 
1790023343 75.31MiB 
1790023345 75.66MiB 
1790023348 75.55MiB 
1790023350 75.33MiB 
1790023352 75.22MiB 
1790023355 75.14MiB 
1790023358 75.45MiB 
1790023360 75.32MiB 
1790023362 75.41MiB 
1790023365 75.52MiB 
1790023368 75.4MiB 
1790023370 75.24MiB 
1790023372 75.32MiB 
1790023375 75.57MiB 
1790023378 75.13MiB 
1790023380 75.46MiB 
1790023382 75.21MiB 
1790023385 75.57MiB 
1790023388 75.27MiB 
1790023390 75.65MiB 
1790023392 75.4MiB 
1790023395 75.57MiB 
