1790016727 67.35MiB 
1790016730 67.11MiB 
1790016733 67.54MiB 
1790016735 67.09MiB 
1790016737 67.43MiB 
1790016740 67.54MiB 
1790016743 67.22MiB 
1790016745 67.41MiB 
1790016747 67.3MiB 
1790016750 67.13MiB 
1790016753 67.34MiB 
1790016755 67.52MiB 
1790016757 67.15MiB 
1790016760 67.34MiB 
1790016763 67.22MiB 
1790016765 67.59MiB 
1790016767 67.2MiB 
1790016770 67.23MiB 
1790016773 67.64MiB 
1790016775 67.16MiB 
1790016777 67.49MiB 
1790016780 67.32MiB 
1790016783 67.37MiB 
1790016785 67.32MiB 
