1790024366 59.69MiB 
1790024369 59.5MiB 
1790024371 59.79MiB 
1790024373 59.82MiB 
1790024376 60.18MiB 
1790024379 59.87MiB 
1790024381 59.74MiB 
1790024383 59.58MiB 
1790024386 59.96MiB 
1790024389 60.02MiB 
1790024391 60.02MiB 
1790024393 59.8MiB 
1790024396 59.79MiB 
1790024399 60.08MiB 
1790024401 59.86MiB 
1790024403 60.26MiB 
1790024406 59.97MiB 
1790024409 60.02MiB 
1790024411 59.85MiB 
1790024413 59.91MiB 
1790024416 59.84MiB 
1790024419 60.16MiB 
1790024421 60.06MiB 
1790024423 59.83MiB 
