1790015848 80.11MiB 
1790015850 80.28MiB 
1790015853 80.15MiB 
1790015855 80.05MiB 
1790015857 80.27MiB 
1790015859 80.22MiB 
1790015862 80.3MiB 
1790015864 80.17MiB 
1790015866 80.27MiB 
1790015869 79.85MiB 
1790015871 80.22MiB 
1790015873 80.12MiB 
1790015876 80.35MiB 
1790015878 79.89MiB 
1790015880 80.27MiB 
1790015883 80.06MiB 
1790015885 80.35MiB 
1790015887 80.22MiB 
1790015890 80.33MiB 
1790015892 80.18MiB 
1790015894 80MiB 
1790015897 80MiB 
1790015899 80.18MiB 
1790015901 80.45MiB 
1790015903 80.1MiB 
1790015906 79.94MiB 
