1790024118 84.27MiB 
1790024120 84.36MiB 
1790024123 84.19MiB 
1790024125 84.84MiB 
1790024128 84.51MiB 
1790024130 84.55MiB 
1790024133 84.8MiB 
1790024135 84.83MiB 
1790024138 84.77MiB 
1790024141 84.59MiB 
1790024143 84.59MiB 
1790024145 84.86MiB 
1790024148 84.49MiB 
1790024151 84.75MiB 
1790024153 84.69MiB 
1790024155 84.66MiB 
1790024158 84.65MiB 
1790024161 84.31MiB 
1790024163 84.44MiB 
1790024165 84.55MiB 
1790024169 84.76MiB 
1790024171 84.75MiB 
1790024173 84.69MiB 
1790024176 84.64MiB 
