1790022994 82.94MiB 
1790022997 82.77MiB 
1790022999 82.82MiB 
1790023002 82.72MiB 
1790023004 82.87MiB 
1790023007 82.72MiB 
1790023009 82.98MiB 
1790023012 82.95MiB 
1790023014 83.03MiB 
1790023017 83.14MiB 
1790023019 83.2MiB 
1790023022 82.47MiB 
1790023024 82.71MiB 
1790023027 83.1MiB 
1790023029 82.76MiB 
1790023032 82.74MiB 
1790023034 83.02MiB 
1790023037 83.09MiB 
1790023039 83.05MiB 
1790023042 83.02MiB 
1790023044 82.97MiB 
1790023047 83.14MiB 
1790023049 82.82MiB 
1790023052 82.71MiB 
