1790015977 82.73MiB 
1790015979 82.49MiB 
1790015982 83.03MiB 
1790015984 83.02MiB 
1790015986 83.07MiB 
1790015989 82.92MiB 
1790015991 82.98MiB 
1790015993 82.69MiB 
1790015995 82.66MiB 
1790015998 82.95MiB 
1790016000 83.12MiB 
1790016002 83.03MiB 
1790016005 82.82MiB 
1790016007 82.74MiB 
1790016009 82.85MiB 
1790016012 83.07MiB 
1790016014 82.96MiB 
1790016016 82.84MiB 
1790016019 82.64MiB 
1790016021 82.99MiB 
1790016023 82.9MiB 
1790016025 82.98MiB 
1790016028 82.93MiB 
1790016030 83.05MiB 
1790016032 82.95MiB 
1790016035 82.7MiB 
