1790023517 84.84MiB 
1790023519 85.19MiB 
1790023521 85.14MiB 
1790023524 84.89MiB 
1790023527 84.95MiB 
1790023529 85.16MiB 
1790023531 85.04MiB 
1790023534 85.04MiB 
1790023537 85.3MiB 
1790023539 85.21MiB 
1790023542 85.11MiB 
1790023544 84.72MiB 
1790023547 84.98MiB 
1790023549 84.85MiB 
1790023552 85.03MiB 
1790023554 85.03MiB 
1790023557 85.14MiB 
1790023559 85.16MiB 
1790023562 85.08MiB 
1790023564 85.16MiB 
1790023567 85.32MiB 
1790023569 85.03MiB 
1790023572 85.28MiB 
1790023574 84.66MiB 
