{"t":1789987446.079,"step":"warmup","method":"GET","uri":"/manager/","status":200,"ms":864.37,"peak":6463200,"peak_real":12582912}
{"t":1789987448.083,"step":"warmup","method":"POST","uri":"/manager/?a=0","status":200,"ms":705.19,"peak":2434552,"peak_real":4194304}
{"t":1789987448.356,"step":"warmup","method":"GET","uri":"/manager/","status":200,"ms":251.49,"peak":2663536,"peak_real":4194304}
{"t":1789987448.789,"step":"warmup","method":"GET","uri":"/manager/index.php?a=2","status":200,"ms":237.69,"peak":1700808,"peak_real":4194304}
{"t":1789987448.996,"step":"warmup","method":"GET","uri":"/manager/index.php?a=17","status":200,"ms":179.25,"peak":2689520,"peak_real":6291456}
{"t":1789987449.424,"step":"warmup","method":"POST","uri":"/manager/media/style/default/ajax.php","status":200,"ms":102.17,"peak":1144152,"peak_real":2097152}
{"t":1789987449.606,"step":"warmup","method":"GET","uri":"/manager/index.php?a=27&id=10104","status":200,"ms":241.87,"peak":1608752,"peak_real":2097152}
{"t":1789987449.994,"step":"warmup","method":"POST","uri":"/manager/media/style/default/ajax.php","status":200,"ms":124.25,"peak":1079944,"peak_real":2097152}
{"t":1789987450.403,"step":"warmup","method":"POST","uri":"/manager/index.php","status":302,"ms":234,"peak":2009696,"peak_real":6291456}
{"t":1789987451.071,"step":"warmup","method":"GET","uri":"/manager/index.php?a=27&id=10104&r=1&stay=2&dir=DESC&sort=createdon&page=0","status":200,"ms":663.57,"peak":6228888,"peak_real":10485760}
{"t":1789987451.362,"step":"warmup","method":"GET","uri":"/manager/index.php?a=4&pid=10103","status":200,"ms":125.93,"peak":1324864,"peak_real":2097152}
{"t":1789987451.544,"step":"warmup","method":"POST","uri":"/manager/media/style/default/ajax.php","status":200,"ms":298.72,"peak":1125392,"peak_real":2097152}
{"t":1789987451.659,"step":"warmup","method":"POST","uri":"/manager/?a=67&type=7&id=10104&_token=AarfQVD6ZQ9vgO9hIyHAsBIzS9nPnd996vtb7uz2&o=0.5130085615439494","status":200,"ms":199.47,"peak":1107696,"peak_real":4194304}
{"t":1789987451.755,"step":"warmup","method":"POST","uri":"/manager/media/style/default/ajax.php","status":200,"ms":250.74,"peak":1087848,"peak_real":2097152}
{"t":1789987451.811,"step":"warmup","method":"POST","uri":"/manager/media/style/default/ajax.php","status":200,"ms":249.23,"peak":1087912,"peak_real":2097152}
{"t":1789987451.945,"step":"warmup","method":"GET","uri":"/manager/index.php?a=8","status":302,"ms":349.62,"peak":2225096,"peak_real":4194304}
{"t":1789987451.966,"step":"warmup","method":"GET","uri":"/manager/","status":200,"ms":18.13,"peak":1057496,"peak_real":4194304}
{"t":1789987451.977,"step":null,"method":"POST","uri":"/manager/?a=67&type=7&id=0&_token=AarfQVD6ZQ9vgO9hIyHAsBIzS9nPnd996vtb7uz2&o=0.21904142016306272","status":404,"ms":0.71,"peak":385152,"peak_real":6291456}
{"t":1789987452.19,"step":"login:round 1","method":"GET","uri":"/manager/","status":200,"ms":15.64,"peak":1061424,"peak_real":2097152}
{"t":1789987453.793,"step":"login:round 1","method":"POST","uri":"/manager/?a=0","status":200,"ms":522.43,"peak":1260688,"peak_real":2097152}
{"t":1789987453.914,"step":"login:round 1","method":"GET","uri":"/manager/","status":200,"ms":108.17,"peak":2464992,"peak_real":4194304}
{"t":1789987454.011,"step":"login:round 1","method":"GET","uri":"/manager/index.php?a=2","status":200,"ms":72.34,"peak":1700376,"peak_real":4194304}
{"t":1789987454.315,"step":"login:round 1","method":"GET","uri":"/manager/index.php?a=17","status":200,"ms":294.89,"peak":2623208,"peak_real":6291456}
{"t":1789987454.741,"step":"open-edit:page 10104","method":"GET","uri":"/manager/index.php?a=27&id=10104","status":200,"ms":232.06,"peak":1264584,"peak_real":2097152}
{"t":1789987454.861,"step":"open-edit:page 10104","method":"POST","uri":"/manager/media/style/default/ajax.php","status":200,"ms":319.91,"peak":1079912,"peak_real":2097152}
{"t":1789987454.978,"step":"open-edit:page 10104","method":"POST","uri":"/manager/media/style/default/ajax.php","status":200,"ms":80.51,"peak":1080016,"peak_real":4194304}
{"t":1789987455.405,"step":"save-edit:page 10104","method":"POST","uri":"/manager/index.php","status":302,"ms":250.41,"peak":2011984,"peak_real":4194304}
{"t":1789987455.983,"step":"save-edit:page 10104","method":"GET","uri":"/manager/index.php?a=27&id=10104&r=1&stay=2&dir=DESC&sort=createdon&page=0","status":200,"ms":569.02,"peak":6228920,"peak_real":10485760}
{"t":1789987456.287,"step":"open-edit:page 10105","method":"POST","uri":"/manager/media/style/default/ajax.php","status":200,"ms":116.16,"peak":1125424,"peak_real":2097152}
{"t":1789987456.431,"step":"open-edit:page 10105","method":"GET","uri":"/manager/index.php?a=27&id=10105","status":200,"ms":260.43,"peak":1290424,"peak_real":2097152}
{"t":1789987456.562,"step":"open-edit:page 10105","method":"POST","uri":"/manager/?a=67&type=7&id=10104&_token=7KWHmn6nJbd1oKqwhMtygn2b2566Td1ov5gfpArG&o=0.6960977184449251","status":200,"ms":120.55,"peak":1107664,"peak_real":4194304}
{"t":1789987456.681,"step":"open-edit:page 10105","method":"POST","uri":"/manager/media/style/default/ajax.php","status":200,"ms":140.06,"peak":1087880,"peak_real":2097152}
{"t":1789987456.804,"step":"open-edit:page 10105","method":"POST","uri":"/manager/media/style/default/ajax.php","status":200,"ms":227.4,"peak":1087880,"peak_real":2097152}
{"t":1789987457.081,"step":"save-edit:page 10105","method":"POST","uri":"/manager/index.php","status":302,"ms":196.39,"peak":2096336,"peak_real":4194304}
{"t":1789987457.667,"step":"save-edit:page 10105","method":"GET","uri":"/manager/index.php?a=27&id=10105&r=1&stay=2&dir=DESC&sort=createdon&page=0","status":200,"ms":578.72,"peak":6228984,"peak_real":10485760}
{"t":1789987457.933,"step":"save-edit:page 10105","method":"POST","uri":"/manager/media/style/default/ajax.php","status":200,"ms":119,"peak":1125424,"peak_real":6291456}
{"t":1789987458.101,"step":"open-edit:page 10106","method":"GET","uri":"/manager/index.php?a=27&id=10106","status":200,"ms":180.67,"peak":1289928,"peak_real":2097152}
{"t":1789987458.201,"step":"open-edit:page 10106","method":"POST","uri":"/manager/?a=67&type=7&id=10105&_token=7KWHmn6nJbd1oKqwhMtygn2b2566Td1ov5gfpArG&o=0.34189198765982576","status":200,"ms":91.55,"peak":1107664,"peak_real":2097152}
{"t":1789987458.289,"step":"open-edit:page 10106","method":"POST","uri":"/manager/media/style/default/ajax.php","status":200,"ms":54.51,"peak":1087880,"peak_real":2097152}
{"t":1789987458.346,"step":"open-edit:page 10106","method":"POST","uri":"/manager/media/style/default/ajax.php","status":200,"ms":75.91,"peak":1087880,"peak_real":2097152}
{"t":1789987458.695,"step":"save-edit:page 10106","method":"POST","uri":"/manager/index.php","status":302,"ms":155.26,"peak":2095072,"peak_real":4194304}
{"t":1789987459.246,"step":"save-edit:page 10106","method":"GET","uri":"/manager/index.php?a=27&id=10106&r=1&stay=2&dir=DESC&sort=createdon&page=0","status":200,"ms":548.08,"peak":6228984,"peak_real":10485760}
{"t":1789987459.516,"step":"save-edit:page 10106","method":"POST","uri":"/manager/media/style/default/ajax.php","status":200,"ms":72.37,"peak":1125424,"peak_real":6291456}
{"t":1789987459.64,"step":"open-edit:page 10107","method":"GET","uri":"/manager/index.php?a=27&id=10107","status":200,"ms":156.11,"peak":1289928,"peak_real":4194304}
{"t":1789987459.802,"step":"open-edit:page 10107","method":"POST","uri":"/manager/?a=67&type=7&id=10106&_token=7KWHmn6nJbd1oKqwhMtygn2b2566Td1ov5gfpArG&o=0.04152974464635395","status":200,"ms":132.01,"peak":1107664,"peak_real":2097152}
{"t":1789987459.888,"step":"open-edit:page 10107","method":"POST","uri":"/manager/media/style/default/ajax.php","status":200,"ms":133.32,"peak":1087880,"peak_real":2097152}
{"t":1789987460.07,"step":"open-edit:page 10107","method":"POST","uri":"/manager/media/style/default/ajax.php","status":200,"ms":289.77,"peak":1087880,"peak_real":2097152}
{"t":1789987460.273,"step":"save-edit:page 10107","method":"POST","uri":"/manager/index.php","status":302,"ms":188.34,"peak":2088648,"peak_real":4194304}
{"t":1789987460.721,"step":"save-edit:page 10107","method":"GET","uri":"/manager/index.php?a=27&id=10107&r=1&stay=2&dir=DESC&sort=createdon&page=0","status":200,"ms":445.04,"peak":6228984,"peak_real":10485760}
{"t":1789987460.977,"step":"open-edit:page 10108","method":"GET","uri":"/manager/index.php?a=27&id=10108","status":200,"ms":133.83,"peak":1290048,"peak_real":6291456}
{"t":1789987461.056,"step":"open-edit:page 10108","method":"POST","uri":"/manager/media/style/default/ajax.php","status":200,"ms":193.78,"peak":1125424,"peak_real":4194304}
{"t":1789987461.303,"step":"open-edit:page 10108","method":"POST","uri":"/manager/?a=67&type=7&id=10107&_token=7KWHmn6nJbd1oKqwhMtygn2b2566Td1ov5gfpArG&o=0.7028623700316743","status":200,"ms":312.42,"peak":1107728,"peak_real":2097152}
{"t":1789987461.374,"step":"open-edit:page 10108","method":"POST","uri":"/manager/media/style/default/ajax.php","status":200,"ms":279.72,"peak":1087944,"peak_real":2097152}
{"t":1789987461.457,"step":"open-edit:page 10108","method":"POST","uri":"/manager/media/style/default/ajax.php","status":200,"ms":255.21,"peak":1087944,"peak_real":2097152}
{"t":1789987461.64,"step":"save-edit:page 10108","method":"POST","uri":"/manager/index.php","status":302,"ms":221.06,"peak":2095200,"peak_real":4194304}
{"t":1789987462.076,"step":"save-edit:page 10108","method":"GET","uri":"/manager/index.php?a=27&id=10108&r=1&stay=2&dir=DESC&sort=createdon&page=0","status":200,"ms":428.78,"peak":6229112,"peak_real":10485760}
{"t":1789987462.372,"step":"open-create:page 1","method":"GET","uri":"/manager/index.php?a=4&pid=10103","status":200,"ms":149.35,"peak":1325016,"peak_real":6291456}
{"t":1789987462.425,"step":"open-create:page 1","method":"POST","uri":"/manager/media/style/default/ajax.php","status":200,"ms":184.02,"peak":1125424,"peak_real":4194304}
{"t":1789987462.637,"step":"open-create:page 1","method":"POST","uri":"/manager/?a=67&type=7&id=10108&_token=7KWHmn6nJbd1oKqwhMtygn2b2566Td1ov5gfpArG&o=0.921485588811403","status":200,"ms":266.73,"peak":1107728,"peak_real":2097152}
{"t":1789987462.666,"step":"open-create:page 1","method":"POST","uri":"/manager/media/style/default/ajax.php","status":200,"ms":197.32,"peak":1087944,"peak_real":2097152}
{"t":1789987462.695,"step":"open-create:page 1","method":"POST","uri":"/manager/media/style/default/ajax.php","status":200,"ms":175.06,"peak":1087944,"peak_real":2097152}
{"t":1789987463.131,"step":"save-create:page 1","method":"POST","uri":"/manager/index.php","status":302,"ms":348.08,"peak":2065408,"peak_real":4194304}
{"t":1789987463.77,"step":"save-create:page 1","method":"GET","uri":"/manager/index.php?a=27&id=10109&r=1&stay=2","status":200,"ms":634.31,"peak":6216096,"peak_real":10485760}
{"t":1789987464.13,"step":"save-create:page 1","method":"POST","uri":"/manager/media/style/default/ajax.php","status":200,"ms":108.51,"peak":1125376,"peak_real":6291456}
{"t":1789987464.463,"step":"open-create:page 2","method":"GET","uri":"/manager/index.php?a=4&pid=10103","status":200,"ms":223.39,"peak":1324800,"peak_real":4194304}
{"t":1789987464.601,"step":"open-create:page 2","method":"POST","uri":"/manager/?a=67&type=7&id=10109&_token=7KWHmn6nJbd1oKqwhMtygn2b2566Td1ov5gfpArG&o=0.46693094796216406","status":200,"ms":123.42,"peak":1107536,"peak_real":2097152}
{"t":1789987464.759,"step":"open-create:page 2","method":"POST","uri":"/manager/media/style/default/ajax.php","status":200,"ms":178.11,"peak":1087880,"peak_real":2097152}
{"t":1789987464.832,"step":"open-create:page 2","method":"POST","uri":"/manager/media/style/default/ajax.php","status":200,"ms":179.95,"peak":1087880,"peak_real":2097152}
{"t":1789987465.293,"step":"save-create:page 2","method":"POST","uri":"/manager/index.php","status":302,"ms":321.57,"peak":2065120,"peak_real":4194304}
{"t":1789987465.901,"step":"save-create:page 2","method":"GET","uri":"/manager/index.php?a=27&id=10110&r=1&stay=2","status":200,"ms":603.68,"peak":6215968,"peak_real":10485760}
{"t":1789987466.23,"step":"open-create:page 3","method":"GET","uri":"/manager/index.php?a=4&pid=10103","status":200,"ms":161.97,"peak":1324920,"peak_real":6291456}
{"t":1789987466.374,"step":"open-create:page 3","method":"POST","uri":"/manager/media/style/default/ajax.php","status":200,"ms":290.67,"peak":1125376,"peak_real":4194304}
{"t":1789987466.538,"step":"open-create:page 3","method":"POST","uri":"/manager/?a=67&type=7&id=10110&_token=7KWHmn6nJbd1oKqwhMtygn2b2566Td1ov5gfpArG&o=0.9044284505525035","status":200,"ms":282.78,"peak":1107552,"peak_real":2097152}
{"t":1789987466.706,"step":"open-create:page 3","method":"POST","uri":"/manager/media/style/default/ajax.php","status":200,"ms":351.17,"peak":1087896,"peak_real":2097152}
{"t":1789987466.768,"step":"open-create:page 3","method":"POST","uri":"/manager/media/style/default/ajax.php","status":200,"ms":341.8,"peak":1087896,"peak_real":2097152}
{"t":1789987467.124,"step":"save-create:page 3","method":"POST","uri":"/manager/index.php","status":302,"ms":421.76,"peak":2065312,"peak_real":4194304}
{"t":1789987467.773,"step":"save-create:page 3","method":"GET","uri":"/manager/index.php?a=27&id=10111&r=1&stay=2","status":200,"ms":638.22,"peak":6216304,"peak_real":10485760}
{"t":1789987467.952,"step":"open-create:page 4","method":"POST","uri":"/manager/media/style/default/ajax.php","status":200,"ms":85.75,"peak":1125376,"peak_real":6291456}
{"t":1789987468.065,"step":"open-create:page 4","method":"GET","uri":"/manager/index.php?a=4&pid=10103","status":200,"ms":145.11,"peak":1324800,"peak_real":4194304}
{"t":1789987468.203,"step":"open-create:page 4","method":"POST","uri":"/manager/?a=67&type=7&id=10111&_token=7KWHmn6nJbd1oKqwhMtygn2b2566Td1ov5gfpArG&o=0.6111412768509518","status":200,"ms":129.1,"peak":1107536,"peak_real":2097152}
{"t":1789987468.251,"step":"open-create:page 4","method":"POST","uri":"/manager/media/style/default/ajax.php","status":200,"ms":63.3,"peak":1087880,"peak_real":2097152}
{"t":1789987468.437,"step":"open-create:page 4","method":"POST","uri":"/manager/media/style/default/ajax.php","status":200,"ms":175.62,"peak":1087880,"peak_real":2097152}
{"t":1789987468.819,"step":"save-create:page 4","method":"POST","uri":"/manager/index.php","status":302,"ms":292.3,"peak":2066384,"peak_real":4194304}
{"t":1789987469.35,"step":"save-create:page 4","method":"GET","uri":"/manager/index.php?a=27&id=10112&r=1&stay=2","status":200,"ms":526.36,"peak":6215968,"peak_real":10485760}
{"t":1789987469.722,"step":"open-create:page 5","method":"GET","uri":"/manager/index.php?a=4&pid=10103","status":200,"ms":202.7,"peak":1324800,"peak_real":6291456}
{"t":1789987469.793,"step":"open-create:page 5","method":"POST","uri":"/manager/media/style/default/ajax.php","status":200,"ms":265.43,"peak":1125376,"peak_real":4194304}
{"t":1789987469.888,"step":"open-create:page 5","method":"POST","uri":"/manager/?a=67&type=7&id=10112&_token=7KWHmn6nJbd1oKqwhMtygn2b2566Td1ov5gfpArG&o=0.49170168737759634","status":200,"ms":166.45,"peak":1107552,"peak_real":2097152}
{"t":1789987469.942,"step":"open-create:page 5","method":"POST","uri":"/manager/media/style/default/ajax.php","status":200,"ms":97.93,"peak":1087896,"peak_real":2097152}
{"t":1789987470.15,"step":"open-create:page 5","method":"POST","uri":"/manager/media/style/default/ajax.php","status":200,"ms":221.61,"peak":1087896,"peak_real":2097152}
{"t":1789987470.633,"step":"save-create:page 5","method":"POST","uri":"/manager/index.php","status":302,"ms":419.31,"peak":2058728,"peak_real":4194304}
{"t":1789987470.974,"step":"save-create:page 5","method":"GET","uri":"/manager/index.php?a=27&id=10113&r=1&stay=2","status":200,"ms":338.18,"peak":6216000,"peak_real":10485760}
{"t":1789987471.232,"step":"logout:round 1","method":"GET","uri":"/manager/?a=67&type=7&id=10113","status":200,"ms":150.09,"peak":1106120,"peak_real":6291456}
{"t":1789987471.381,"step":"logout:round 1","method":"GET","uri":"/manager/index.php?a=8","status":302,"ms":293.03,"peak":2225136,"peak_real":4194304}
{"t":1789987471.45,"step":"logout:round 1","method":"GET","uri":"/manager/","status":200,"ms":60.67,"peak":1057512,"peak_real":2097152}
{"t":1789987471.45,"step":null,"method":"POST","uri":"/manager/?a=67&type=7&id=10113&_token=7KWHmn6nJbd1oKqwhMtygn2b2566Td1ov5gfpArG&o=0.295513794342108","status":404,"ms":1.77,"peak":385232,"peak_real":2097152}
{"t":1789987471.978,"step":"logout:round 1","method":"POST","uri":"/manager/media/style/default/ajax.php","status":200,"ms":848.82,"peak":1125360,"peak_real":2097152}
