{"t":1789988675.307,"step":"warmup","method":"GET","uri":"/manager/","status":200,"ms":390.21,"peak":11576088,"peak_real":16777216}
{"t":1789988677.377,"step":"warmup","method":"POST","uri":"/manager/?a=0","status":200,"ms":829.23,"peak":3023320,"peak_real":4194304}
{"t":1789988677.61,"step":"warmup","method":"GET","uri":"/manager/","status":200,"ms":218.53,"peak":2926368,"peak_real":4194304}
{"t":1789988677.863,"step":"warmup","method":"GET","uri":"/manager/index.php?a=2","status":200,"ms":88.51,"peak":1702272,"peak_real":4194304}
{"t":1789988678.112,"step":"warmup","method":"GET","uri":"/manager/index.php?a=17","status":200,"ms":222.61,"peak":2690240,"peak_real":6291456}
{"t":1789988678.613,"step":"warmup","method":"GET","uri":"/manager/index.php?a=27&id=10104","status":200,"ms":297.46,"peak":1647256,"peak_real":2097152}
{"t":1789988678.739,"step":"warmup","method":"POST","uri":"/manager/media/style/default/ajax.php","status":200,"ms":352.29,"peak":1299096,"peak_real":2097152}
{"t":1789988678.943,"step":"warmup","method":"POST","uri":"/manager/media/style/default/ajax.php","status":200,"ms":91.62,"peak":1129968,"peak_real":2097152}
{"t":1789988679.569,"step":"warmup","method":"POST","uri":"/manager/index.php","status":302,"ms":406.69,"peak":2308872,"peak_real":8388608}
{"t":1789988680.3,"step":"warmup","method":"GET","uri":"/manager/index.php?a=27&id=10104&r=1&stay=2&dir=DESC&sort=createdon&page=0","status":200,"ms":725.25,"peak":11996904,"peak_real":16777216}
{"t":1789988680.625,"step":"warmup","method":"GET","uri":"/manager/index.php?a=4&pid=10103","status":200,"ms":172.62,"peak":1580656,"peak_real":2097152}
{"t":1789988680.727,"step":"warmup","method":"POST","uri":"/manager/media/style/default/ajax.php","status":200,"ms":239.09,"peak":1363464,"peak_real":2097152}
{"t":1789988680.816,"step":"warmup","method":"POST","uri":"/manager/?a=67&type=7&id=10104&_token=RrqMKIw6hUnvL4mhZhNsjZjGSi8IJmWHcMqv66Ll&o=0.017470000971576582","status":200,"ms":144.72,"peak":1108408,"peak_real":4194304}
{"t":1789988680.866,"step":"warmup","method":"POST","uri":"/manager/media/style/default/ajax.php","status":200,"ms":79.41,"peak":1155552,"peak_real":2097152}
{"t":1789988680.918,"step":"warmup","method":"POST","uri":"/manager/media/style/default/ajax.php","status":200,"ms":105.84,"peak":1105640,"peak_real":2097152}
{"t":1789988681.2,"step":"warmup","method":"GET","uri":"/manager/index.php?a=8","status":302,"ms":253.55,"peak":2422704,"peak_real":4194304}
{"t":1789988681.24,"step":"warmup","method":"GET","uri":"/manager/","status":200,"ms":30.31,"peak":1258520,"peak_real":6291456}
{"t":1789988681.25,"step":null,"method":"POST","uri":"/manager/?a=67&type=7&id=0&_token=RrqMKIw6hUnvL4mhZhNsjZjGSi8IJmWHcMqv66Ll&o=0.3054762940686979","status":404,"ms":0.63,"peak":385184,"peak_real":8388608}
{"t":1789988681.525,"step":"login:round 1","method":"GET","uri":"/manager/","status":200,"ms":121.8,"peak":1063200,"peak_real":2097152}
{"t":1789988683.249,"step":"login:round 1","method":"POST","uri":"/manager/?a=0","status":200,"ms":682.58,"peak":1710688,"peak_real":2097152}
{"t":1789988683.389,"step":"login:round 1","method":"GET","uri":"/manager/","status":200,"ms":119.86,"peak":2596864,"peak_real":4194304}
{"t":1789988683.522,"step":"login:round 1","method":"GET","uri":"/manager/index.php?a=2","status":200,"ms":72.47,"peak":1701064,"peak_real":4194304}
{"t":1789988683.836,"step":"login:round 1","method":"GET","uri":"/manager/index.php?a=17","status":200,"ms":262.92,"peak":2689464,"peak_real":6291456}
{"t":1789988684.149,"step":"open-edit:page 10104","method":"GET","uri":"/manager/index.php?a=27&id=10104","status":200,"ms":170.73,"peak":1284968,"peak_real":2097152}
{"t":1789988684.225,"step":"open-edit:page 10104","method":"POST","uri":"/manager/media/style/default/ajax.php","status":200,"ms":193.69,"peak":1097560,"peak_real":4194304}
{"t":1789988684.426,"step":"open-edit:page 10104","method":"POST","uri":"/manager/media/style/default/ajax.php","status":200,"ms":73.87,"peak":1097664,"peak_real":4194304}
{"t":1789988684.834,"step":"save-edit:page 10104","method":"POST","uri":"/manager/index.php","status":302,"ms":228.17,"peak":2275064,"peak_real":4194304}
{"t":1789988685.646,"step":"save-edit:page 10104","method":"GET","uri":"/manager/index.php?a=27&id=10104&r=1&stay=2&dir=DESC&sort=createdon&page=0","status":200,"ms":810.13,"peak":11996968,"peak_real":16777216}
{"t":1789988685.959,"step":"save-edit:page 10104","method":"POST","uri":"/manager/media/style/default/ajax.php","status":200,"ms":141.4,"peak":1316584,"peak_real":2097152}
{"t":1789988686.185,"step":"open-edit:page 10105","method":"GET","uri":"/manager/index.php?a=27&id=10105","status":200,"ms":339.48,"peak":1591328,"peak_real":2097152}
{"t":1789988686.333,"step":"open-edit:page 10105","method":"POST","uri":"/manager/?a=67&type=7&id=10104&_token=1WOb5j7LVtY1b04VoUh7dqhL3lkNzqyZLa9vEa8m&o=0.9911442018773547","status":200,"ms":137.3,"peak":1266192,"peak_real":4194304}
{"t":1789988686.436,"step":"open-edit:page 10105","method":"POST","uri":"/manager/media/style/default/ajax.php","status":200,"ms":92.35,"peak":1235072,"peak_real":2097152}
{"t":1789988686.561,"step":"open-edit:page 10105","method":"POST","uri":"/manager/media/style/default/ajax.php","status":200,"ms":111.42,"peak":1097912,"peak_real":2097152}
{"t":1789988686.945,"step":"save-edit:page 10105","method":"POST","uri":"/manager/index.php","status":302,"ms":231.02,"peak":2512736,"peak_real":4194304}
{"t":1789988687.527,"step":"save-edit:page 10105","method":"GET","uri":"/manager/index.php?a=27&id=10105&r=1&stay=2&dir=DESC&sort=createdon&page=0","status":200,"ms":576.25,"peak":11997000,"peak_real":16777216}
{"t":1789988687.807,"step":"open-edit:page 10106","method":"POST","uri":"/manager/media/style/default/ajax.php","status":200,"ms":129.14,"peak":1310576,"peak_real":8388608}
{"t":1789988688.096,"step":"open-edit:page 10106","method":"GET","uri":"/manager/index.php?a=27&id=10106","status":200,"ms":391.06,"peak":1751760,"peak_real":2097152}
{"t":1789988688.293,"step":"open-edit:page 10106","method":"POST","uri":"/manager/?a=67&type=7&id=10105&_token=1WOb5j7LVtY1b04VoUh7dqhL3lkNzqyZLa9vEa8m&o=0.6996978982564865","status":200,"ms":197.21,"peak":1148392,"peak_real":2097152}
{"t":1789988688.325,"step":"open-edit:page 10106","method":"POST","uri":"/manager/media/style/default/ajax.php","status":200,"ms":190.4,"peak":1215696,"peak_real":2097152}
{"t":1789988688.361,"step":"open-edit:page 10106","method":"POST","uri":"/manager/media/style/default/ajax.php","status":200,"ms":190.6,"peak":1119264,"peak_real":2097152}
{"t":1789988688.726,"step":"save-edit:page 10106","method":"POST","uri":"/manager/index.php","status":302,"ms":274.19,"peak":2405720,"peak_real":4194304}
{"t":1789988689.478,"step":"save-edit:page 10106","method":"GET","uri":"/manager/index.php?a=27&id=10106&r=1&stay=2&dir=DESC&sort=createdon&page=0","status":200,"ms":740.48,"peak":11997000,"peak_real":16777216}
{"t":1789988689.91,"step":"open-edit:page 10107","method":"GET","uri":"/manager/index.php?a=27&id=10107","status":200,"ms":296.27,"peak":1511672,"peak_real":10485760}
{"t":1789988690.047,"step":"open-edit:page 10107","method":"POST","uri":"/manager/media/style/default/ajax.php","status":200,"ms":413.25,"peak":1544144,"peak_real":4194304}
{"t":1789988690.256,"step":"open-edit:page 10107","method":"POST","uri":"/manager/?a=67&type=7&id=10106&_token=1WOb5j7LVtY1b04VoUh7dqhL3lkNzqyZLa9vEa8m&o=0.6598571710953913","status":200,"ms":326.97,"peak":1207760,"peak_real":6291456}
{"t":1789988690.364,"step":"open-edit:page 10107","method":"POST","uri":"/manager/media/style/default/ajax.php","status":200,"ms":395.87,"peak":1200072,"peak_real":2097152}
{"t":1789988690.439,"step":"open-edit:page 10107","method":"POST","uri":"/manager/media/style/default/ajax.php","status":200,"ms":410.8,"peak":1139680,"peak_real":2097152}
{"t":1789988690.68,"step":"save-edit:page 10107","method":"POST","uri":"/manager/index.php","status":302,"ms":272.63,"peak":2442664,"peak_real":4194304}
{"t":1789988691.352,"step":"save-edit:page 10107","method":"GET","uri":"/manager/index.php?a=27&id=10107&r=1&stay=2&dir=DESC&sort=createdon&page=0","status":200,"ms":667.91,"peak":11997000,"peak_real":16777216}
{"t":1789988691.706,"step":"open-edit:page 10108","method":"GET","uri":"/manager/index.php?a=27&id=10108","status":200,"ms":234.31,"peak":1593168,"peak_real":8388608}
{"t":1789988691.934,"step":"open-edit:page 10108","method":"POST","uri":"/manager/media/style/default/ajax.php","status":200,"ms":424.55,"peak":1439872,"peak_real":2097152}
{"t":1789988692.106,"step":"open-edit:page 10108","method":"POST","uri":"/manager/?a=67&type=7&id=10107&_token=1WOb5j7LVtY1b04VoUh7dqhL3lkNzqyZLa9vEa8m&o=0.8996792926978314","status":200,"ms":337.17,"peak":1152536,"peak_real":2097152}
{"t":1789988692.176,"step":"open-edit:page 10108","method":"POST","uri":"/manager/media/style/default/ajax.php","status":200,"ms":357.63,"peak":1141824,"peak_real":4194304}
{"t":1789988692.274,"step":"open-edit:page 10108","method":"POST","uri":"/manager/media/style/default/ajax.php","status":200,"ms":427.99,"peak":1105608,"peak_real":2097152}
{"t":1789988692.502,"step":"save-edit:page 10108","method":"POST","uri":"/manager/index.php","status":302,"ms":374.06,"peak":2540608,"peak_real":4194304}
{"t":1789988693.076,"step":"save-edit:page 10108","method":"GET","uri":"/manager/index.php?a=27&id=10108&r=1&stay=2&dir=DESC&sort=createdon&page=0","status":200,"ms":569.6,"peak":11997000,"peak_real":16777216}
{"t":1789988693.41,"step":"save-edit:page 10108","method":"POST","uri":"/manager/media/style/default/ajax.php","status":200,"ms":161.7,"peak":1310576,"peak_real":8388608}
{"t":1789988693.56,"step":"open-create:page 1","method":"GET","uri":"/manager/index.php?a=4&pid=10103","status":200,"ms":249.63,"peak":1802792,"peak_real":4194304}
{"t":1789988693.74,"step":"open-create:page 1","method":"POST","uri":"/manager/?a=67&type=7&id=10108&_token=1WOb5j7LVtY1b04VoUh7dqhL3lkNzqyZLa9vEa8m&o=0.21349634629323233","status":200,"ms":171.19,"peak":1187904,"peak_real":2097152}
{"t":1789988693.833,"step":"open-create:page 1","method":"POST","uri":"/manager/media/style/default/ajax.php","status":200,"ms":156.62,"peak":1210568,"peak_real":2097152}
{"t":1789988693.993,"step":"open-create:page 1","method":"POST","uri":"/manager/media/style/default/ajax.php","status":200,"ms":284.06,"peak":1313048,"peak_real":2097152}
{"t":1789988694.337,"step":"save-create:page 1","method":"POST","uri":"/manager/index.php","status":302,"ms":348.23,"peak":2383064,"peak_real":4194304}
{"t":1789988695.01,"step":"save-create:page 1","method":"GET","uri":"/manager/index.php?a=27&id=10114&r=1&stay=2","status":200,"ms":669.41,"peak":11983984,"peak_real":16777216}
{"t":1789988695.34,"step":"open-create:page 2","method":"POST","uri":"/manager/media/style/default/ajax.php","status":200,"ms":169.01,"peak":1339584,"peak_real":8388608}
{"t":1789988695.554,"step":"open-create:page 2","method":"GET","uri":"/manager/index.php?a=4&pid=10103","status":200,"ms":332.6,"peak":1506456,"peak_real":6291456}
{"t":1789988695.661,"step":"open-create:page 2","method":"POST","uri":"/manager/?a=67&type=7&id=10114&_token=1WOb5j7LVtY1b04VoUh7dqhL3lkNzqyZLa9vEa8m&o=0.7437875309493018","status":200,"ms":100.64,"peak":1128520,"peak_real":4194304}
{"t":1789988695.785,"step":"open-create:page 2","method":"POST","uri":"/manager/media/style/default/ajax.php","status":200,"ms":112.86,"peak":1242688,"peak_real":2097152}
{"t":1789988695.902,"step":"open-create:page 2","method":"POST","uri":"/manager/media/style/default/ajax.php","status":200,"ms":180.38,"peak":1258672,"peak_real":2097152}
{"t":1789988696.436,"step":"save-create:page 2","method":"POST","uri":"/manager/index.php","status":302,"ms":416.62,"peak":2559296,"peak_real":4194304}
{"t":1789988697.118,"step":"save-create:page 2","method":"GET","uri":"/manager/index.php?a=27&id=10115&r=1&stay=2","status":200,"ms":678.27,"peak":11983984,"peak_real":16777216}
{"t":1789988697.473,"step":"save-create:page 2","method":"POST","uri":"/manager/media/style/default/ajax.php","status":200,"ms":167.5,"peak":1413792,"peak_real":8388608}
{"t":1789988697.63,"step":"open-create:page 3","method":"GET","uri":"/manager/index.php?a=4&pid=10103","status":200,"ms":241.23,"peak":1482752,"peak_real":4194304}
{"t":1789988697.871,"step":"open-create:page 3","method":"POST","uri":"/manager/?a=67&type=7&id=10115&_token=1WOb5j7LVtY1b04VoUh7dqhL3lkNzqyZLa9vEa8m&o=0.23451634510966024","status":200,"ms":225.89,"peak":1254240,"peak_real":4194304}
{"t":1789988697.922,"step":"open-create:page 3","method":"POST","uri":"/manager/media/style/default/ajax.php","status":200,"ms":142.96,"peak":1245008,"peak_real":2097152}
{"t":1789988698.019,"step":"open-create:page 3","method":"POST","uri":"/manager/media/style/default/ajax.php","status":200,"ms":206.2,"peak":1207208,"peak_real":2097152}
{"t":1789988698.492,"step":"save-create:page 3","method":"POST","uri":"/manager/index.php","status":302,"ms":421.93,"peak":2412992,"peak_real":4194304}
{"t":1789988699.09,"step":"save-create:page 3","method":"GET","uri":"/manager/index.php?a=27&id=10116&r=1&stay=2","status":200,"ms":593.34,"peak":11983984,"peak_real":16777216}
{"t":1789988699.338,"step":"save-create:page 3","method":"POST","uri":"/manager/media/style/default/ajax.php","status":200,"ms":99.61,"peak":1363448,"peak_real":8388608}
{"t":1789988699.454,"step":"open-create:page 4","method":"GET","uri":"/manager/index.php?a=4&pid=10103","status":200,"ms":178.28,"peak":1483600,"peak_real":4194304}
{"t":1789988699.568,"step":"open-create:page 4","method":"POST","uri":"/manager/?a=67&type=7&id=10116&_token=1WOb5j7LVtY1b04VoUh7dqhL3lkNzqyZLa9vEa8m&o=0.4463269736817629","status":200,"ms":106.97,"peak":1241056,"peak_real":4194304}
{"t":1789988699.769,"step":"open-create:page 4","method":"POST","uri":"/manager/media/style/default/ajax.php","status":200,"ms":176.35,"peak":1178920,"peak_real":2097152}
{"t":1789988699.946,"step":"open-create:page 4","method":"POST","uri":"/manager/media/style/default/ajax.php","status":200,"ms":259.58,"peak":1245008,"peak_real":2097152}
{"t":1789988700.58,"step":"save-create:page 4","method":"POST","uri":"/manager/index.php","status":302,"ms":459.56,"peak":2414184,"peak_real":4194304}
{"t":1789988701.167,"step":"save-create:page 4","method":"GET","uri":"/manager/index.php?a=27&id=10117&r=1&stay=2","status":200,"ms":584.24,"peak":11983984,"peak_real":16777216}
{"t":1789988701.461,"step":"open-create:page 5","method":"GET","uri":"/manager/index.php?a=4&pid=10103","status":200,"ms":165.45,"peak":1524608,"peak_real":8388608}
{"t":1789988701.6,"step":"open-create:page 5","method":"POST","uri":"/manager/media/style/default/ajax.php","status":200,"ms":262.15,"peak":1361704,"peak_real":4194304}
{"t":1789988701.736,"step":"open-create:page 5","method":"POST","uri":"/manager/?a=67&type=7&id=10117&_token=1WOb5j7LVtY1b04VoUh7dqhL3lkNzqyZLa9vEa8m&o=0.004997524882335402","status":200,"ms":248.32,"peak":1268384,"peak_real":4194304}
{"t":1789988701.97,"step":"open-create:page 5","method":"POST","uri":"/manager/media/style/default/ajax.php","status":200,"ms":341.36,"peak":1645992,"peak_real":2097152}
{"t":1789988702.075,"step":"open-create:page 5","method":"POST","uri":"/manager/media/style/default/ajax.php","status":200,"ms":317.23,"peak":1207696,"peak_real":2097152}
{"t":1789988702.387,"step":"save-create:page 5","method":"POST","uri":"/manager/index.php","status":302,"ms":363.78,"peak":2414000,"peak_real":4194304}
{"t":1789988702.998,"step":"save-create:page 5","method":"GET","uri":"/manager/index.php?a=27&id=10118&r=1&stay=2","status":200,"ms":606.19,"peak":11984016,"peak_real":16777216}
{"t":1789988703.343,"step":"save-create:page 5","method":"POST","uri":"/manager/media/style/default/ajax.php","status":200,"ms":175.99,"peak":1413792,"peak_real":8388608}
{"t":1789988703.5,"step":"logout:round 1","method":"GET","uri":"/manager/index.php?a=8","status":302,"ms":205.07,"peak":2356784,"peak_real":6291456}
{"t":1789988703.578,"step":"logout:round 1","method":"GET","uri":"/manager/","status":200,"ms":56.86,"peak":1240480,"peak_real":2097152}
{"t":1789988703.586,"step":"logout:round 1","method":"GET","uri":"/manager/?a=67&type=7&id=10118","status":200,"ms":290.87,"peak":1149424,"peak_real":4194304}
{"t":1789988703.593,"step":null,"method":"POST","uri":"/manager/?a=67&type=7&id=10118&_token=1WOb5j7LVtY1b04VoUh7dqhL3lkNzqyZLa9vEa8m&o=0.1869463518854788","status":404,"ms":1.43,"peak":385264,"peak_real":2097152}
