{"t":1789910926.279,"step":"warmup","method":"GET","uri":"/manager/","status":200,"ms":255.81,"peak":11657384,"peak_real":16777216}
{"t":1789910927.57,"step":"warmup","method":"POST","uri":"/manager/?a=0","status":200,"ms":312.34,"peak":3033528,"peak_real":4194304}
{"t":1789910927.688,"step":"warmup","method":"GET","uri":"/manager/","status":200,"ms":107.39,"peak":2946008,"peak_real":4194304}
{"t":1789910927.803,"step":"warmup","method":"GET","uri":"/manager/index.php?a=2","status":200,"ms":75.71,"peak":1723096,"peak_real":4194304}
{"t":1789910927.959,"step":"warmup","method":"GET","uri":"/manager/index.php?a=17","status":200,"ms":150.16,"peak":2726344,"peak_real":6291456}
{"t":1789910928.223,"step":"warmup","method":"GET","uri":"/manager/index.php?a=27&id=10104","status":200,"ms":131.5,"peak":1671096,"peak_real":2097152}
{"t":1789910928.272,"step":"warmup","method":"POST","uri":"/manager/media/style/default/ajax.php","status":200,"ms":147.26,"peak":1727992,"peak_real":2097152}
{"t":1789910928.397,"step":"warmup","method":"POST","uri":"/manager/media/style/default/ajax.php","status":200,"ms":36.4,"peak":1216264,"peak_real":2097152}
{"t":1789910928.753,"step":"warmup","method":"POST","uri":"/manager/index.php","status":302,"ms":149.45,"peak":2321192,"peak_real":8388608}
{"t":1789910929.146,"step":"warmup","method":"GET","uri":"/manager/index.php?a=27&id=10104&r=1&stay=2&dir=DESC&sort=createdon&page=0","status":200,"ms":390.72,"peak":12109720,"peak_real":16777216}
{"t":1789910929.356,"step":"warmup","method":"GET","uri":"/manager/index.php?a=4&pid=10103","status":200,"ms":138.1,"peak":1496040,"peak_real":2097152}
{"t":1789910929.406,"step":"warmup","method":"POST","uri":"/manager/media/style/default/ajax.php","status":200,"ms":132.86,"peak":1362312,"peak_real":2097152}
{"t":1789910929.481,"step":"warmup","method":"POST","uri":"/manager/?a=67&type=7&id=10104&_token=DU3tJb3TUFg9DpvLj9qCtDJYlmsrSNnBvULyz9uS&o=0.9847754097860502","status":200,"ms":114.69,"peak":1179592,"peak_real":4194304}
{"t":1789910929.581,"step":"warmup","method":"GET","uri":"/manager/index.php?a=8","status":302,"ms":163.52,"peak":2371824,"peak_real":4194304}
{"t":1789910929.636,"step":"warmup","method":"GET","uri":"/manager/","status":200,"ms":49.7,"peak":1254848,"peak_real":6291456}
{"t":1789910929.641,"step":null,"method":"POST","uri":"/manager/?a=67&type=7&id=0&_token=DU3tJb3TUFg9DpvLj9qCtDJYlmsrSNnBvULyz9uS&o=0.7777837699732995","status":404,"ms":0.57,"peak":385184,"peak_real":8388608}
{"t":1789910929.712,"step":"login:round 1","method":"GET","uri":"/manager/","status":200,"ms":17.2,"peak":1186304,"peak_real":2097152}
{"t":1789910929.729,"step":"warmup","method":"POST","uri":"/manager/media/style/default/ajax.php","status":200,"ms":266.5,"peak":1140408,"peak_real":2097152}
{"t":1789910929.89,"step":"warmup","method":"POST","uri":"/manager/media/style/default/ajax.php","status":200,"ms":404.14,"peak":1175136,"peak_real":2097152}
{"t":1789910931.023,"step":"login:round 1","method":"POST","uri":"/manager/?a=0","status":200,"ms":335.31,"peak":1574552,"peak_real":2097152}
{"t":1789910931.087,"step":"login:round 1","method":"GET","uri":"/manager/","status":200,"ms":57.63,"peak":2612416,"peak_real":4194304}
{"t":1789910931.162,"step":"login:round 1","method":"GET","uri":"/manager/index.php?a=2","status":200,"ms":60.49,"peak":1737224,"peak_real":4194304}
{"t":1789910931.303,"step":"login:round 1","method":"GET","uri":"/manager/index.php?a=17","status":200,"ms":134.72,"peak":2721400,"peak_real":6291456}
{"t":1789910931.477,"step":"login:round 1","method":"POST","uri":"/manager/media/style/default/ajax.php","status":200,"ms":32.45,"peak":1136304,"peak_real":4194304}
{"t":1789910931.621,"step":"open-edit:page 10104","method":"GET","uri":"/manager/index.php?a=27&id=10104","status":200,"ms":100.66,"peak":1413648,"peak_real":2097152}
{"t":1789910931.784,"step":"open-edit:page 10104","method":"POST","uri":"/manager/media/style/default/ajax.php","status":200,"ms":37.9,"peak":1114512,"peak_real":2097152}
{"t":1789910932.187,"step":"save-edit:page 10104","method":"POST","uri":"/manager/index.php","status":302,"ms":134.96,"peak":2325288,"peak_real":4194304}
{"t":1789910932.616,"step":"save-edit:page 10104","method":"GET","uri":"/manager/index.php?a=27&id=10104&r=1&stay=2&dir=DESC&sort=createdon&page=0","status":200,"ms":426.8,"peak":12082312,"peak_real":16777216}
{"t":1789910932.805,"step":"open-edit:page 10105","method":"GET","uri":"/manager/index.php?a=27&id=10105","status":200,"ms":133.09,"peak":1708256,"peak_real":2097152}
{"t":1789910932.853,"step":"open-edit:page 10105","method":"POST","uri":"/manager/media/style/default/ajax.php","status":200,"ms":117.66,"peak":1311672,"peak_real":2097152}
{"t":1789910932.973,"step":"open-edit:page 10105","method":"POST","uri":"/manager/?a=67&type=7&id=10104&_token=lY0PxEPMDnj7KvtyDdbHatutcGiIpUAJZ4ZTmkk8&o=0.9264317998125715","status":200,"ms":161.59,"peak":1287264,"peak_real":4194304}
{"t":1789910933.009,"step":"open-edit:page 10105","method":"POST","uri":"/manager/media/style/default/ajax.php","status":200,"ms":90.18,"peak":1139992,"peak_real":4194304}
{"t":1789910933.045,"step":"open-edit:page 10105","method":"POST","uri":"/manager/media/style/default/ajax.php","status":200,"ms":97.6,"peak":1148680,"peak_real":2097152}
{"t":1789910933.392,"step":"save-edit:page 10105","method":"POST","uri":"/manager/index.php","status":302,"ms":141.31,"peak":2530992,"peak_real":4194304}
{"t":1789910933.834,"step":"save-edit:page 10105","method":"GET","uri":"/manager/index.php?a=27&id=10105&r=1&stay=2&dir=DESC&sort=createdon&page=0","status":200,"ms":440.68,"peak":12082440,"peak_real":16777216}
{"t":1789910934.026,"step":"open-edit:page 10106","method":"GET","uri":"/manager/index.php?a=27&id=10106","status":200,"ms":136.99,"peak":1669896,"peak_real":8388608}
{"t":1789910934.075,"step":"open-edit:page 10106","method":"POST","uri":"/manager/media/style/default/ajax.php","status":200,"ms":121.34,"peak":1541904,"peak_real":2097152}
{"t":1789910934.156,"step":"open-edit:page 10106","method":"POST","uri":"/manager/?a=67&type=7&id=10105&_token=lY0PxEPMDnj7KvtyDdbHatutcGiIpUAJZ4ZTmkk8&o=0.6247488494108502","status":200,"ms":123.81,"peak":1430488,"peak_real":2097152}
{"t":1789910934.186,"step":"open-edit:page 10106","method":"POST","uri":"/manager/media/style/default/ajax.php","status":200,"ms":54.09,"peak":1150880,"peak_real":2097152}
{"t":1789910934.219,"step":"save-edit:page 10106","method":"POST","uri":"/manager/media/style/default/ajax.php","status":200,"ms":65.43,"peak":1414240,"peak_real":2097152}
{"t":1789910934.559,"step":"save-edit:page 10106","method":"POST","uri":"/manager/index.php","status":302,"ms":140.76,"peak":2489416,"peak_real":4194304}
{"t":1789910934.985,"step":"save-edit:page 10106","method":"GET","uri":"/manager/index.php?a=27&id=10106&r=1&stay=2&dir=DESC&sort=createdon&page=0","status":200,"ms":424.01,"peak":12082136,"peak_real":16777216}
{"t":1789910935.229,"step":"open-edit:page 10107","method":"GET","uri":"/manager/index.php?a=27&id=10107","status":200,"ms":150.61,"peak":1669744,"peak_real":8388608}
{"t":1789910935.285,"step":"open-edit:page 10107","method":"POST","uri":"/manager/media/style/default/ajax.php","status":200,"ms":156.62,"peak":1311640,"peak_real":4194304}
{"t":1789910935.368,"step":"open-edit:page 10107","method":"POST","uri":"/manager/?a=67&type=7&id=10106&_token=lY0PxEPMDnj7KvtyDdbHatutcGiIpUAJZ4ZTmkk8&o=0.6606027535938661","status":200,"ms":131.85,"peak":1176384,"peak_real":2097152}
{"t":1789910935.406,"step":"save-edit:page 10107","method":"POST","uri":"/manager/media/style/default/ajax.php","status":200,"ms":69.82,"peak":1202904,"peak_real":2097152}
{"t":1789910935.437,"step":"save-edit:page 10107","method":"POST","uri":"/manager/media/style/default/ajax.php","status":200,"ms":84.94,"peak":1120888,"peak_real":2097152}
{"t":1789910935.766,"step":"save-edit:page 10107","method":"POST","uri":"/manager/index.php","status":302,"ms":166.51,"peak":2412344,"peak_real":4194304}
{"t":1789910936.159,"step":"save-edit:page 10107","method":"GET","uri":"/manager/index.php?a=27&id=10107&r=1&stay=2&dir=DESC&sort=createdon&page=0","status":200,"ms":390.39,"peak":12108952,"peak_real":16777216}
{"t":1789910936.351,"step":"open-edit:page 10108","method":"GET","uri":"/manager/index.php?a=27&id=10108","status":200,"ms":127.26,"peak":1549088,"peak_real":8388608}
{"t":1789910936.401,"step":"open-edit:page 10108","method":"POST","uri":"/manager/media/style/default/ajax.php","status":200,"ms":117.71,"peak":1398144,"peak_real":4194304}
{"t":1789910936.473,"step":"open-edit:page 10108","method":"POST","uri":"/manager/?a=67&type=7&id=10107&_token=lY0PxEPMDnj7KvtyDdbHatutcGiIpUAJZ4ZTmkk8&o=0.3459083079559008","status":200,"ms":115.51,"peak":1122408,"peak_real":2097152}
{"t":1789910936.509,"step":"save-edit:page 10108","method":"POST","uri":"/manager/media/style/default/ajax.php","status":200,"ms":50.53,"peak":1120920,"peak_real":2097152}
{"t":1789910936.544,"step":"save-edit:page 10108","method":"POST","uri":"/manager/media/style/default/ajax.php","status":200,"ms":61.98,"peak":1120920,"peak_real":2097152}
{"t":1789910936.912,"step":"save-edit:page 10108","method":"POST","uri":"/manager/index.php","status":302,"ms":145.41,"peak":2577328,"peak_real":4194304}
{"t":1789910937.3,"step":"save-edit:page 10108","method":"GET","uri":"/manager/index.php?a=27&id=10108&r=1&stay=2&dir=DESC&sort=createdon&page=0","status":200,"ms":385.81,"peak":12108952,"peak_real":16777216}
{"t":1789910937.46,"step":"open-create:page 1","method":"GET","uri":"/manager/index.php?a=4&pid=10103","status":200,"ms":108.29,"peak":1495848,"peak_real":8388608}
{"t":1789910937.522,"step":"open-create:page 1","method":"POST","uri":"/manager/media/style/default/ajax.php","status":200,"ms":102.6,"peak":1299256,"peak_real":4194304}
{"t":1789910937.598,"step":"open-create:page 1","method":"POST","uri":"/manager/?a=67&type=7&id=10108&_token=lY0PxEPMDnj7KvtyDdbHatutcGiIpUAJZ4ZTmkk8&o=0.3532863124337092","status":200,"ms":134.39,"peak":1122408,"peak_real":4194304}
{"t":1789910937.631,"step":"save-create:page 1","method":"POST","uri":"/manager/media/style/default/ajax.php","status":200,"ms":65.16,"peak":1180472,"peak_real":2097152}
{"t":1789910937.663,"step":"save-create:page 1","method":"POST","uri":"/manager/media/style/default/ajax.php","status":200,"ms":75.63,"peak":1125568,"peak_real":2097152}
{"t":1789910938.08,"step":"save-create:page 1","method":"POST","uri":"/manager/index.php","status":302,"ms":247.06,"peak":2600640,"peak_real":4194304}
{"t":1789910938.51,"step":"save-create:page 1","method":"GET","uri":"/manager/index.php?a=27&id=10124&r=1&stay=2","status":200,"ms":427.99,"peak":12065024,"peak_real":16777216}
{"t":1789910938.694,"step":"open-create:page 2","method":"GET","uri":"/manager/index.php?a=4&pid=10103","status":200,"ms":130.2,"peak":1526056,"peak_real":8388608}
{"t":1789910938.764,"step":"open-create:page 2","method":"POST","uri":"/manager/media/style/default/ajax.php","status":200,"ms":135.66,"peak":1313760,"peak_real":4194304}
{"t":1789910938.849,"step":"open-create:page 2","method":"POST","uri":"/manager/?a=67&type=7&id=10124&_token=lY0PxEPMDnj7KvtyDdbHatutcGiIpUAJZ4ZTmkk8&o=0.10108905106145016","status":200,"ms":144.82,"peak":1130712,"peak_real":4194304}
{"t":1789910938.884,"step":"save-create:page 2","method":"POST","uri":"/manager/media/style/default/ajax.php","status":200,"ms":81.13,"peak":1163512,"peak_real":2097152}
{"t":1789910938.919,"step":"save-create:page 2","method":"POST","uri":"/manager/media/style/default/ajax.php","status":200,"ms":102.8,"peak":1120872,"peak_real":2097152}
{"t":1789910939.312,"step":"save-create:page 2","method":"POST","uri":"/manager/index.php","status":302,"ms":229.25,"peak":2535400,"peak_real":4194304}
{"t":1789910939.707,"step":"save-create:page 2","method":"GET","uri":"/manager/index.php?a=27&id=10125&r=1&stay=2","status":200,"ms":392.07,"peak":12064928,"peak_real":16777216}
{"t":1789910939.882,"step":"open-create:page 3","method":"GET","uri":"/manager/index.php?a=4&pid=10103","status":200,"ms":122.61,"peak":1419152,"peak_real":8388608}
{"t":1789910939.946,"step":"open-create:page 3","method":"POST","uri":"/manager/media/style/default/ajax.php","status":200,"ms":119.1,"peak":1397400,"peak_real":6291456}
{"t":1789910940.029,"step":"open-create:page 3","method":"POST","uri":"/manager/?a=67&type=7&id=10125&_token=lY0PxEPMDnj7KvtyDdbHatutcGiIpUAJZ4ZTmkk8&o=0.5248215343662855","status":200,"ms":138.11,"peak":1257512,"peak_real":4194304}
{"t":1789910940.067,"step":"save-create:page 3","method":"POST","uri":"/manager/media/style/default/ajax.php","status":200,"ms":78.13,"peak":1447312,"peak_real":2097152}
{"t":1789910940.101,"step":"save-create:page 3","method":"POST","uri":"/manager/media/style/default/ajax.php","status":200,"ms":101.07,"peak":1169552,"peak_real":2097152}
{"t":1789910940.478,"step":"save-create:page 3","method":"POST","uri":"/manager/index.php","status":302,"ms":244.58,"peak":2525664,"peak_real":4194304}
{"t":1789910940.862,"step":"save-create:page 3","method":"GET","uri":"/manager/index.php?a=27&id=10126&r=1&stay=2","status":200,"ms":382.15,"peak":12064928,"peak_real":16777216}
{"t":1789910941.038,"step":"open-create:page 4","method":"GET","uri":"/manager/index.php?a=4&pid=10103","status":200,"ms":116.36,"peak":1419152,"peak_real":8388608}
{"t":1789910941.095,"step":"open-create:page 4","method":"POST","uri":"/manager/media/style/default/ajax.php","status":200,"ms":114.74,"peak":1397400,"peak_real":4194304}
{"t":1789910941.168,"step":"open-create:page 4","method":"POST","uri":"/manager/?a=67&type=7&id=10126&_token=lY0PxEPMDnj7KvtyDdbHatutcGiIpUAJZ4ZTmkk8&o=0.22850011760467193","status":200,"ms":125.43,"peak":1257512,"peak_real":4194304}
{"t":1789910941.214,"step":"save-create:page 4","method":"POST","uri":"/manager/media/style/default/ajax.php","status":200,"ms":70.44,"peak":1697304,"peak_real":2097152}
{"t":1789910941.249,"step":"save-create:page 4","method":"POST","uri":"/manager/media/style/default/ajax.php","status":200,"ms":82.89,"peak":1227360,"peak_real":2097152}
{"t":1789910941.654,"step":"save-create:page 4","method":"POST","uri":"/manager/index.php","status":302,"ms":253.8,"peak":2412664,"peak_real":4194304}
{"t":1789910942.041,"step":"save-create:page 4","method":"GET","uri":"/manager/index.php?a=27&id=10127&r=1&stay=2","status":200,"ms":385.65,"peak":12064928,"peak_real":16777216}
{"t":1789910942.205,"step":"open-create:page 5","method":"GET","uri":"/manager/index.php?a=4&pid=10103","status":200,"ms":109.67,"peak":1459640,"peak_real":8388608}
{"t":1789910942.258,"step":"open-create:page 5","method":"POST","uri":"/manager/media/style/default/ajax.php","status":200,"ms":93.64,"peak":1313936,"peak_real":4194304}
{"t":1789910942.342,"step":"open-create:page 5","method":"POST","uri":"/manager/?a=67&type=7&id=10127&_token=lY0PxEPMDnj7KvtyDdbHatutcGiIpUAJZ4ZTmkk8&o=0.3544540232375134","status":200,"ms":130.19,"peak":1171584,"peak_real":4194304}
{"t":1789910942.386,"step":"save-create:page 5","method":"POST","uri":"/manager/media/style/default/ajax.php","status":200,"ms":76.16,"peak":1217472,"peak_real":2097152}
{"t":1789910942.426,"step":"save-create:page 5","method":"POST","uri":"/manager/media/style/default/ajax.php","status":200,"ms":92.89,"peak":1182928,"peak_real":2097152}
{"t":1789910942.85,"step":"save-create:page 5","method":"POST","uri":"/manager/index.php","status":302,"ms":250.5,"peak":2432592,"peak_real":4194304}
{"t":1789910943.308,"step":"save-create:page 5","method":"GET","uri":"/manager/index.php?a=27&id=10128&r=1&stay=2","status":200,"ms":456.12,"peak":12064928,"peak_real":16777216}
{"t":1789910943.499,"step":"logout:round 1","method":"GET","uri":"/manager/index.php?a=8","status":302,"ms":141.89,"peak":2370960,"peak_real":8388608}
{"t":1789910943.528,"step":"logout:round 1","method":"GET","uri":"/manager/","status":200,"ms":24.97,"peak":1293512,"peak_real":2097152}
{"t":1789910943.535,"step":null,"method":"POST","uri":"/manager/?a=67&type=7&id=10128&_token=lY0PxEPMDnj7KvtyDdbHatutcGiIpUAJZ4ZTmkk8&o=0.35426710314155785","status":404,"ms":0.78,"peak":385264,"peak_real":2097152}
{"t":1789910943.553,"step":"logout:round 1","method":"GET","uri":"/manager/?a=67&type=7&id=10128","status":200,"ms":196.81,"peak":1164544,"peak_real":4194304}
{"t":1789910943.597,"step":"logout:round 1","method":"POST","uri":"/manager/media/style/default/ajax.php","status":200,"ms":169.01,"peak":1324128,"peak_real":4194304}
