{"t":1789864693.336,"step":"warmup","method":"GET","uri":"/manager/","status":200,"ms":216.39,"peak":6471984,"peak_real":10485760}
{"t":1789864694.776,"step":"warmup","method":"POST","uri":"/manager/?a=0","status":200,"ms":412.87,"peak":2446232,"peak_real":4194304}
{"t":1789864694.877,"step":"warmup","method":"GET","uri":"/manager/","status":200,"ms":95.12,"peak":2675416,"peak_real":4194304}
{"t":1789864694.978,"step":"warmup","method":"GET","uri":"/manager/index.php?a=2","status":200,"ms":59.02,"peak":1712368,"peak_real":4194304}
{"t":1789864695.119,"step":"warmup","method":"GET","uri":"/manager/index.php?a=17","status":200,"ms":134.02,"peak":2717784,"peak_real":6291456}
{"t":1789864695.334,"step":"warmup","method":"GET","uri":"/manager/index.php?a=27&id=10104","status":200,"ms":113.08,"peak":1617592,"peak_real":2097152}
{"t":1789864695.377,"step":"warmup","method":"POST","uri":"/manager/media/style/default/ajax.php","status":200,"ms":91.13,"peak":1126480,"peak_real":2097152}
{"t":1789864695.508,"step":"warmup","method":"POST","uri":"/manager/media/style/default/ajax.php","status":200,"ms":41.29,"peak":1088592,"peak_real":2097152}
{"t":1789864695.83,"step":"warmup","method":"POST","uri":"/manager/index.php","status":302,"ms":136.29,"peak":2010344,"peak_real":6291456}
{"t":1789864696.107,"step":"warmup","method":"GET","uri":"/manager/index.php?a=27&id=10104&r=1&stay=2&dir=DESC&sort=createdon&page=0","status":200,"ms":275.77,"peak":6236616,"peak_real":10485760}
{"t":1789864696.265,"step":"warmup","method":"GET","uri":"/manager/index.php?a=4&pid=10103","status":200,"ms":82.57,"peak":1332112,"peak_real":2097152}
{"t":1789864696.316,"step":"warmup","method":"POST","uri":"/manager/media/style/default/ajax.php","status":200,"ms":73.15,"peak":1132400,"peak_real":2097152}
{"t":1789864696.404,"step":"warmup","method":"POST","uri":"/manager/?a=67&type=7&id=10104&_token=DPweOuHhgHyZMiq4GL2dETo01vbgGr3XOp7MZn6R&o=0.6698200070397887","status":200,"ms":130.34,"peak":1114704,"peak_real":4194304}
{"t":1789864696.505,"step":"warmup","method":"GET","uri":"/manager/index.php?a=8","status":302,"ms":171.55,"peak":2232104,"peak_real":4194304}
{"t":1789864696.519,"step":"warmup","method":"GET","uri":"/manager/","status":200,"ms":11.18,"peak":1064504,"peak_real":4194304}
{"t":1789864696.531,"step":null,"method":"POST","uri":"/manager/?a=67&type=7&id=0&_token=DPweOuHhgHyZMiq4GL2dETo01vbgGr3XOp7MZn6R&o=0.6557615203031688","status":404,"ms":0.54,"peak":385152,"peak_real":6291456}
{"t":1789864696.589,"step":"login:round 1","method":"GET","uri":"/manager/","status":200,"ms":9.56,"peak":1075536,"peak_real":2097152}
{"t":1789864696.651,"step":"warmup","method":"POST","uri":"/manager/media/style/default/ajax.php","status":200,"ms":274.2,"peak":1094920,"peak_real":2097152}
{"t":1789864696.842,"step":"warmup","method":"POST","uri":"/manager/media/style/default/ajax.php","status":200,"ms":447.63,"peak":1094920,"peak_real":2097152}
{"t":1789864697.905,"step":"login:round 1","method":"POST","uri":"/manager/?a=0","status":200,"ms":359.8,"peak":1269360,"peak_real":2097152}
{"t":1789864697.95,"step":"login:round 1","method":"GET","uri":"/manager/","status":200,"ms":36.2,"peak":2473584,"peak_real":4194304}
{"t":1789864698.023,"step":"login:round 1","method":"GET","uri":"/manager/index.php?a=2","status":200,"ms":58.99,"peak":1708648,"peak_real":4194304}
{"t":1789864698.152,"step":"login:round 1","method":"GET","uri":"/manager/index.php?a=17","status":200,"ms":121.98,"peak":2648184,"peak_real":6291456}
{"t":1789864698.313,"step":"login:round 1","method":"POST","uri":"/manager/media/style/default/ajax.php","status":200,"ms":28.6,"peak":1088488,"peak_real":4194304}
{"t":1789864698.76,"step":"open-edit:page 10104","method":"GET","uri":"/manager/index.php?a=27&id=10104","status":200,"ms":380.91,"peak":1273528,"peak_real":2097152}
{"t":1789864698.916,"step":"save-edit:page 10104","method":"POST","uri":"/manager/media/style/default/ajax.php","status":200,"ms":32.54,"peak":1088624,"peak_real":2097152}
{"t":1789864699.307,"step":"save-edit:page 10104","method":"POST","uri":"/manager/index.php","status":302,"ms":131.12,"peak":2013960,"peak_real":4194304}
{"t":1789864699.593,"step":"save-edit:page 10104","method":"GET","uri":"/manager/index.php?a=27&id=10104&r=1&stay=2&dir=DESC&sort=createdon&page=0","status":200,"ms":284.39,"peak":6236872,"peak_real":10485760}
{"t":1789864699.758,"step":"open-edit:page 10105","method":"GET","uri":"/manager/index.php?a=27&id=10105","status":200,"ms":100.29,"peak":1297496,"peak_real":2097152}
{"t":1789864699.798,"step":"open-edit:page 10105","method":"POST","uri":"/manager/media/style/default/ajax.php","status":200,"ms":82.23,"peak":1132432,"peak_real":2097152}
{"t":1789864699.882,"step":"open-edit:page 10105","method":"POST","uri":"/manager/?a=67&type=7&id=10104&_token=C8liHNuhpYTpuZXSHJpudzzLYJfCOUrPwNC4JMIT&o=0.4815553672982875","status":200,"ms":116.6,"peak":1114736,"peak_real":4194304}
{"t":1789864699.931,"step":"open-edit:page 10105","method":"POST","uri":"/manager/media/style/default/ajax.php","status":200,"ms":64.72,"peak":1094952,"peak_real":2097152}
{"t":1789864699.965,"step":"open-edit:page 10105","method":"POST","uri":"/manager/media/style/default/ajax.php","status":200,"ms":76.43,"peak":1094952,"peak_real":2097152}
{"t":1789864700.294,"step":"save-edit:page 10105","method":"POST","uri":"/manager/index.php","status":302,"ms":119.2,"peak":2095520,"peak_real":4194304}
{"t":1789864700.593,"step":"save-edit:page 10105","method":"GET","uri":"/manager/index.php?a=27&id=10105&r=1&stay=2&dir=DESC&sort=createdon&page=0","status":200,"ms":297.69,"peak":6237032,"peak_real":10485760}
{"t":1789864700.746,"step":"open-edit:page 10106","method":"GET","uri":"/manager/index.php?a=27&id=10106","status":200,"ms":94.62,"peak":1297496,"peak_real":6291456}
{"t":1789864700.782,"step":"open-edit:page 10106","method":"POST","uri":"/manager/media/style/default/ajax.php","status":200,"ms":62.43,"peak":1132432,"peak_real":2097152}
{"t":1789864700.855,"step":"open-edit:page 10106","method":"POST","uri":"/manager/?a=67&type=7&id=10105&_token=C8liHNuhpYTpuZXSHJpudzzLYJfCOUrPwNC4JMIT&o=0.3869938739040031","status":200,"ms":102.45,"peak":1114736,"peak_real":2097152}
{"t":1789864700.89,"step":"save-edit:page 10106","method":"POST","uri":"/manager/media/style/default/ajax.php","status":200,"ms":38.42,"peak":1094952,"peak_real":2097152}
{"t":1789864700.927,"step":"save-edit:page 10106","method":"POST","uri":"/manager/media/style/default/ajax.php","status":200,"ms":44.8,"peak":1094952,"peak_real":2097152}
{"t":1789864701.275,"step":"save-edit:page 10106","method":"POST","uri":"/manager/index.php","status":302,"ms":134.11,"peak":2095520,"peak_real":4194304}
{"t":1789864701.576,"step":"save-edit:page 10106","method":"GET","uri":"/manager/index.php?a=27&id=10106&r=1&stay=2&dir=DESC&sort=createdon&page=0","status":200,"ms":299.83,"peak":6237032,"peak_real":10485760}
{"t":1789864701.728,"step":"open-edit:page 10107","method":"GET","uri":"/manager/index.php?a=27&id=10107","status":200,"ms":91.99,"peak":1297496,"peak_real":6291456}
{"t":1789864701.766,"step":"open-edit:page 10107","method":"POST","uri":"/manager/media/style/default/ajax.php","status":200,"ms":66.37,"peak":1132432,"peak_real":4194304}
{"t":1789864701.838,"step":"open-edit:page 10107","method":"POST","uri":"/manager/?a=67&type=7&id=10106&_token=C8liHNuhpYTpuZXSHJpudzzLYJfCOUrPwNC4JMIT&o=0.983847349453105","status":200,"ms":102.85,"peak":1114736,"peak_real":2097152}
{"t":1789864701.867,"step":"save-edit:page 10107","method":"POST","uri":"/manager/media/style/default/ajax.php","status":200,"ms":32.34,"peak":1094952,"peak_real":2097152}
{"t":1789864701.895,"step":"save-edit:page 10107","method":"POST","uri":"/manager/media/style/default/ajax.php","status":200,"ms":35.04,"peak":1094952,"peak_real":2097152}
{"t":1789864702.214,"step":"save-edit:page 10107","method":"POST","uri":"/manager/index.php","status":302,"ms":124.16,"peak":2095520,"peak_real":4194304}
{"t":1789864702.535,"step":"save-edit:page 10107","method":"GET","uri":"/manager/index.php?a=27&id=10107&r=1&stay=2&dir=DESC&sort=createdon&page=0","status":200,"ms":319.03,"peak":6237032,"peak_real":10485760}
{"t":1789864702.693,"step":"open-edit:page 10108","method":"GET","uri":"/manager/index.php?a=27&id=10108","status":200,"ms":94.12,"peak":1297496,"peak_real":6291456}
{"t":1789864702.727,"step":"open-edit:page 10108","method":"POST","uri":"/manager/media/style/default/ajax.php","status":200,"ms":68.3,"peak":1132432,"peak_real":4194304}
{"t":1789864702.797,"step":"open-edit:page 10108","method":"POST","uri":"/manager/?a=67&type=7&id=10107&_token=C8liHNuhpYTpuZXSHJpudzzLYJfCOUrPwNC4JMIT&o=0.5261720561401065","status":200,"ms":99.51,"peak":1114736,"peak_real":2097152}
{"t":1789864702.83,"step":"save-edit:page 10108","method":"POST","uri":"/manager/media/style/default/ajax.php","status":200,"ms":32.05,"peak":1094952,"peak_real":2097152}
{"t":1789864702.865,"step":"save-edit:page 10108","method":"POST","uri":"/manager/media/style/default/ajax.php","status":200,"ms":47.3,"peak":1094952,"peak_real":2097152}
{"t":1789864703.199,"step":"save-edit:page 10108","method":"POST","uri":"/manager/index.php","status":302,"ms":124.97,"peak":2095520,"peak_real":4194304}
{"t":1789864703.496,"step":"save-edit:page 10108","method":"GET","uri":"/manager/index.php?a=27&id=10108&r=1&stay=2&dir=DESC&sort=createdon&page=0","status":200,"ms":295.52,"peak":6237032,"peak_real":10485760}
{"t":1789864703.632,"step":"open-create:page 1","method":"GET","uri":"/manager/index.php?a=4&pid=10103","status":200,"ms":76.52,"peak":1332144,"peak_real":6291456}
{"t":1789864703.664,"step":"open-create:page 1","method":"POST","uri":"/manager/media/style/default/ajax.php","status":200,"ms":45.63,"peak":1132432,"peak_real":4194304}
{"t":1789864703.735,"step":"open-create:page 1","method":"POST","uri":"/manager/?a=67&type=7&id=10108&_token=C8liHNuhpYTpuZXSHJpudzzLYJfCOUrPwNC4JMIT&o=0.29980465309206883","status":200,"ms":97.94,"peak":1114736,"peak_real":2097152}
{"t":1789864703.773,"step":"save-create:page 1","method":"POST","uri":"/manager/media/style/default/ajax.php","status":200,"ms":35.61,"peak":1094952,"peak_real":2097152}
{"t":1789864703.812,"step":"save-create:page 1","method":"POST","uri":"/manager/media/style/default/ajax.php","status":200,"ms":55.34,"peak":1094952,"peak_real":2097152}
{"t":1789864704.234,"step":"save-create:page 1","method":"POST","uri":"/manager/index.php","status":302,"ms":225.7,"peak":2065568,"peak_real":4194304}
{"t":1789864704.52,"step":"save-create:page 1","method":"GET","uri":"/manager/index.php?a=27&id=10109&r=1&stay=2","status":200,"ms":285.19,"peak":6224016,"peak_real":10485760}
{"t":1789864704.661,"step":"open-create:page 2","method":"GET","uri":"/manager/index.php?a=4&pid=10103","status":200,"ms":85.79,"peak":1332048,"peak_real":6291456}
{"t":1789864704.693,"step":"open-create:page 2","method":"POST","uri":"/manager/media/style/default/ajax.php","status":200,"ms":51.38,"peak":1132384,"peak_real":4194304}
{"t":1789864704.764,"step":"open-create:page 2","method":"POST","uri":"/manager/?a=67&type=7&id=10109&_token=C8liHNuhpYTpuZXSHJpudzzLYJfCOUrPwNC4JMIT&o=0.5098177485452496","status":200,"ms":97.55,"peak":1114560,"peak_real":2097152}
{"t":1789864704.799,"step":"save-create:page 2","method":"POST","uri":"/manager/media/style/default/ajax.php","status":200,"ms":31.86,"peak":1094904,"peak_real":2097152}
{"t":1789864704.828,"step":"save-create:page 2","method":"POST","uri":"/manager/media/style/default/ajax.php","status":200,"ms":44.3,"peak":1094904,"peak_real":2097152}
{"t":1789864705.251,"step":"save-create:page 2","method":"POST","uri":"/manager/index.php","status":302,"ms":210.75,"peak":2065472,"peak_real":4194304}
{"t":1789864705.569,"step":"save-create:page 2","method":"GET","uri":"/manager/index.php?a=27&id=10110&r=1&stay=2","status":200,"ms":316.06,"peak":6223920,"peak_real":10485760}
{"t":1789864705.705,"step":"open-create:page 3","method":"GET","uri":"/manager/index.php?a=4&pid=10103","status":200,"ms":77.51,"peak":1332048,"peak_real":6291456}
{"t":1789864705.742,"step":"open-create:page 3","method":"POST","uri":"/manager/media/style/default/ajax.php","status":200,"ms":51.05,"peak":1132384,"peak_real":4194304}
{"t":1789864705.819,"step":"open-create:page 3","method":"POST","uri":"/manager/?a=67&type=7&id=10110&_token=C8liHNuhpYTpuZXSHJpudzzLYJfCOUrPwNC4JMIT&o=0.07576695062598116","status":200,"ms":106.7,"peak":1114560,"peak_real":2097152}
{"t":1789864705.851,"step":"save-create:page 3","method":"POST","uri":"/manager/media/style/default/ajax.php","status":200,"ms":40.12,"peak":1094904,"peak_real":2097152}
{"t":1789864705.883,"step":"save-create:page 3","method":"POST","uri":"/manager/media/style/default/ajax.php","status":200,"ms":51.37,"peak":1094904,"peak_real":2097152}
{"t":1789864706.297,"step":"save-create:page 3","method":"POST","uri":"/manager/index.php","status":302,"ms":206.39,"peak":2065472,"peak_real":4194304}
{"t":1789864706.592,"step":"save-create:page 3","method":"GET","uri":"/manager/index.php?a=27&id=10111&r=1&stay=2","status":200,"ms":293.5,"peak":6223920,"peak_real":10485760}
{"t":1789864706.723,"step":"open-create:page 4","method":"GET","uri":"/manager/index.php?a=4&pid=10103","status":200,"ms":80.86,"peak":1332048,"peak_real":6291456}
{"t":1789864706.754,"step":"open-create:page 4","method":"POST","uri":"/manager/media/style/default/ajax.php","status":200,"ms":41.54,"peak":1132384,"peak_real":4194304}
{"t":1789864706.826,"step":"open-create:page 4","method":"POST","uri":"/manager/?a=67&type=7&id=10111&_token=C8liHNuhpYTpuZXSHJpudzzLYJfCOUrPwNC4JMIT&o=0.14238505255497125","status":200,"ms":96.9,"peak":1114560,"peak_real":2097152}
{"t":1789864706.861,"step":"save-create:page 4","method":"POST","uri":"/manager/media/style/default/ajax.php","status":200,"ms":31.35,"peak":1094904,"peak_real":2097152}
{"t":1789864706.912,"step":"save-create:page 4","method":"POST","uri":"/manager/media/style/default/ajax.php","status":200,"ms":62.22,"peak":1094904,"peak_real":2097152}
{"t":1789864707.338,"step":"save-create:page 4","method":"POST","uri":"/manager/index.php","status":302,"ms":230.69,"peak":2065472,"peak_real":4194304}
{"t":1789864707.634,"step":"save-create:page 4","method":"GET","uri":"/manager/index.php?a=27&id=10112&r=1&stay=2","status":200,"ms":294.31,"peak":6223920,"peak_real":10485760}
{"t":1789864707.766,"step":"open-create:page 5","method":"GET","uri":"/manager/index.php?a=4&pid=10103","status":200,"ms":82.04,"peak":1332048,"peak_real":6291456}
{"t":1789864707.802,"step":"open-create:page 5","method":"POST","uri":"/manager/media/style/default/ajax.php","status":200,"ms":47.94,"peak":1132384,"peak_real":4194304}
{"t":1789864707.875,"step":"open-create:page 5","method":"POST","uri":"/manager/?a=67&type=7&id=10112&_token=C8liHNuhpYTpuZXSHJpudzzLYJfCOUrPwNC4JMIT&o=0.5646463726848993","status":200,"ms":96.49,"peak":1114560,"peak_real":2097152}
{"t":1789864707.903,"step":"save-create:page 5","method":"POST","uri":"/manager/media/style/default/ajax.php","status":200,"ms":31.22,"peak":1094904,"peak_real":2097152}
{"t":1789864707.933,"step":"save-create:page 5","method":"POST","uri":"/manager/media/style/default/ajax.php","status":200,"ms":41.67,"peak":1094904,"peak_real":2097152}
{"t":1789864708.336,"step":"save-create:page 5","method":"POST","uri":"/manager/index.php","status":302,"ms":212.44,"peak":2065472,"peak_real":4194304}
{"t":1789864708.663,"step":"save-create:page 5","method":"GET","uri":"/manager/index.php?a=27&id=10113&r=1&stay=2","status":200,"ms":325.46,"peak":6223920,"peak_real":10485760}
{"t":1789864708.805,"step":"logout:round 1","method":"GET","uri":"/manager/?a=67&type=7&id=10113","status":200,"ms":72.03,"peak":1113248,"peak_real":6291456}
{"t":1789864708.893,"step":"logout:round 1","method":"GET","uri":"/manager/index.php?a=8","status":302,"ms":158.64,"peak":2232144,"peak_real":4194304}
{"t":1789864708.908,"step":"logout:round 1","method":"GET","uri":"/manager/","status":200,"ms":12.99,"peak":1064520,"peak_real":2097152}
{"t":1789864708.912,"step":null,"method":"POST","uri":"/manager/?a=67&type=7&id=10113&_token=C8liHNuhpYTpuZXSHJpudzzLYJfCOUrPwNC4JMIT&o=0.9581491161365799","status":404,"ms":0.77,"peak":385232,"peak_real":2097152}
{"t":1789864709.057,"step":"logout:round 1","method":"POST","uri":"/manager/media/style/default/ajax.php","status":200,"ms":265.86,"peak":1132368,"peak_real":2097152}
