{"t":1790009532.257,"step":"warmup","method":"GET","uri":"/manager/","status":200,"ms":233.75,"peak":6465112,"peak_real":10485760}
{"t":1790009533.741,"step":"warmup","method":"POST","uri":"/manager/?a=0","status":200,"ms":391.95,"peak":2441128,"peak_real":4194304}
{"t":1790009533.824,"step":"warmup","method":"GET","uri":"/manager/","status":200,"ms":77.23,"peak":2661952,"peak_real":4194304}
{"t":1790009533.944,"step":"warmup","method":"GET","uri":"/manager/index.php?a=2","status":200,"ms":63.87,"peak":1707032,"peak_real":4194304}
{"t":1790009534.102,"step":"warmup","method":"GET","uri":"/manager/index.php?a=17","status":200,"ms":150.54,"peak":2696424,"peak_real":6291456}
{"t":1790009534.337,"step":"warmup","method":"GET","uri":"/manager/index.php?a=27&id=10104","status":200,"ms":115.53,"peak":1615120,"peak_real":2097152}
{"t":1790009534.392,"step":"warmup","method":"POST","uri":"/manager/media/style/default/ajax.php","status":200,"ms":106.38,"peak":1121328,"peak_real":2097152}
{"t":1790009534.518,"step":"warmup","method":"POST","uri":"/manager/media/style/default/ajax.php","status":200,"ms":39.22,"peak":1083440,"peak_real":2097152}
{"t":1790009534.979,"step":"warmup","method":"POST","uri":"/manager/index.php?a=5","status":200,"ms":134.92,"peak":1711528,"peak_real":6291456}
{"t":1790009535.023,"step":"warmup","method":"POST","uri":"/manager/media/style/default/ajax.php","status":200,"ms":38.53,"peak":1087360,"peak_real":2097152}
{"t":1790009535.099,"step":"warmup","method":"GET","uri":"/manager/index.php?a=4&pid=10103","status":200,"ms":93.1,"peak":1337832,"peak_real":2097152}
{"t":1790009535.321,"step":"warmup","method":"GET","uri":"/manager/index.php?a=8","status":302,"ms":121.47,"peak":1107944,"peak_real":2097152}
{"t":1790009535.334,"step":"warmup","method":"GET","uri":"/manager/","status":200,"ms":11.02,"peak":1053992,"peak_real":2097152}
{"t":1790009535.341,"step":null,"method":"POST","uri":"/manager/?a=67&type=7&id=0&_token=yZBhRgjkMdfRuj3Egqn50ZX7CObKuTR9RCVxkwnp&o=0.07503367417975293","status":404,"ms":0.88,"peak":385152,"peak_real":2097152}
{"t":1790009535.416,"step":"login:round 1","method":"GET","uri":"/manager/","status":200,"ms":13.78,"peak":1067616,"peak_real":2097152}
{"t":1790009535.484,"step":"warmup","method":"POST","uri":"/manager/media/style/default/ajax.php","status":200,"ms":260.59,"peak":1087296,"peak_real":4194304}
{"t":1790009536.741,"step":"login:round 1","method":"POST","uri":"/manager/?a=0","status":200,"ms":352.16,"peak":1173944,"peak_real":4194304}
{"t":1790009536.781,"step":"login:round 1","method":"GET","uri":"/manager/","status":200,"ms":32.03,"peak":1673112,"peak_real":4194304}
{"t":1790009536.917,"step":"login:round 1","method":"GET","uri":"/manager/index.php?a=2","status":200,"ms":120.24,"peak":1334032,"peak_real":2097152}
{"t":1790009537.013,"step":"login:round 1","method":"GET","uri":"/manager/index.php?a=17","status":200,"ms":89.64,"peak":2585184,"peak_real":4194304}
{"t":1790009537.181,"step":"login:round 1","method":"POST","uri":"/manager/media/style/default/ajax.php","status":200,"ms":30.74,"peak":1082848,"peak_real":2097152}
{"t":1790009537.339,"step":"open-edit:page 10104","method":"GET","uri":"/manager/index.php?a=27&id=10104","status":200,"ms":96.4,"peak":1271584,"peak_real":2097152}
{"t":1790009537.511,"step":"save-edit:page 10104","method":"POST","uri":"/manager/media/style/default/ajax.php","status":200,"ms":44.12,"peak":1082984,"peak_real":2097152}
{"t":1790009537.83,"step":"save-edit:page 10104","method":"POST","uri":"/manager/index.php?a=5","status":200,"ms":104.1,"peak":1305704,"peak_real":2097152}
{"t":1790009537.87,"step":"save-edit:page 10104","method":"POST","uri":"/manager/media/style/default/ajax.php","status":200,"ms":34.53,"peak":1086928,"peak_real":2097152}
{"t":1790009537.98,"step":"open-edit:page 10105","method":"GET","uri":"/manager/index.php?a=27&id=10105","status":200,"ms":104.1,"peak":1277064,"peak_real":2097152}
{"t":1790009538.147,"step":"save-edit:page 10105","method":"POST","uri":"/manager/media/style/default/ajax.php","status":200,"ms":40.3,"peak":1086840,"peak_real":2097152}
{"t":1790009538.554,"step":"save-edit:page 10105","method":"POST","uri":"/manager/index.php?a=5","status":200,"ms":97.09,"peak":1309640,"peak_real":2097152}
{"t":1790009538.592,"step":"save-edit:page 10105","method":"POST","uri":"/manager/media/style/default/ajax.php","status":200,"ms":32.7,"peak":1086928,"peak_real":2097152}
{"t":1790009538.688,"step":"open-edit:page 10106","method":"GET","uri":"/manager/index.php?a=27&id=10106","status":200,"ms":102.92,"peak":1277816,"peak_real":2097152}
{"t":1790009538.846,"step":"save-edit:page 10106","method":"POST","uri":"/manager/media/style/default/ajax.php","status":200,"ms":32.33,"peak":1086840,"peak_real":2097152}
{"t":1790009539.138,"step":"save-edit:page 10106","method":"POST","uri":"/manager/index.php?a=5","status":200,"ms":91.47,"peak":1309640,"peak_real":2097152}
{"t":1790009539.182,"step":"save-edit:page 10106","method":"POST","uri":"/manager/media/style/default/ajax.php","status":200,"ms":38.44,"peak":1086928,"peak_real":2097152}
{"t":1790009539.294,"step":"open-edit:page 10107","method":"GET","uri":"/manager/index.php?a=27&id=10107","status":200,"ms":120.87,"peak":1278568,"peak_real":2097152}
{"t":1790009539.466,"step":"save-edit:page 10107","method":"POST","uri":"/manager/media/style/default/ajax.php","status":200,"ms":34.19,"peak":1086840,"peak_real":2097152}
{"t":1790009539.761,"step":"save-edit:page 10107","method":"POST","uri":"/manager/index.php?a=5","status":200,"ms":87.75,"peak":1309640,"peak_real":2097152}
{"t":1790009539.803,"step":"save-edit:page 10107","method":"POST","uri":"/manager/media/style/default/ajax.php","status":200,"ms":37.05,"peak":1086928,"peak_real":2097152}
{"t":1790009539.908,"step":"open-edit:page 10108","method":"GET","uri":"/manager/index.php?a=27&id=10108","status":200,"ms":111.96,"peak":1279320,"peak_real":2097152}
{"t":1790009540.076,"step":"save-edit:page 10108","method":"POST","uri":"/manager/media/style/default/ajax.php","status":200,"ms":44.28,"peak":1087320,"peak_real":2097152}
{"t":1790009540.384,"step":"save-edit:page 10108","method":"POST","uri":"/manager/index.php?a=5","status":200,"ms":92.87,"peak":1309640,"peak_real":2097152}
{"t":1790009540.422,"step":"save-edit:page 10108","method":"POST","uri":"/manager/media/style/default/ajax.php","status":200,"ms":34.16,"peak":1087408,"peak_real":2097152}
{"t":1790009540.494,"step":"open-create:page 1","method":"GET","uri":"/manager/index.php?a=4&pid=10103","status":200,"ms":78.8,"peak":1288776,"peak_real":2097152}
{"t":1790009540.661,"step":"save-create:page 1","method":"POST","uri":"/manager/media/style/default/ajax.php","status":200,"ms":40.6,"peak":1087320,"peak_real":2097152}
{"t":1790009541.024,"step":"save-create:page 1","method":"POST","uri":"/manager/index.php","status":302,"ms":159.49,"peak":1290696,"peak_real":2097152}
{"t":1790009541.134,"step":"save-create:page 1","method":"GET","uri":"/manager/index.php?a=27&id=10109&r=1&stay=2","status":200,"ms":108.38,"peak":1228456,"peak_real":2097152}
{"t":1790009541.275,"step":"open-create:page 2","method":"GET","uri":"/manager/index.php?a=4&pid=10103","status":200,"ms":84.02,"peak":1288624,"peak_real":2097152}
{"t":1790009541.317,"step":"open-create:page 2","method":"POST","uri":"/manager/media/style/default/ajax.php","status":200,"ms":63.66,"peak":1088088,"peak_real":2097152}
{"t":1790009541.397,"step":"open-create:page 2","method":"POST","uri":"/manager/?a=67&type=7&id=10109&_token=53UFAuQUUJj6W4m1HS5ZtbpRWwMy8btDuaXn6yUW&o=0.8489948616665415","status":200,"ms":111.9,"peak":1105408,"peak_real":2097152}
{"t":1790009541.427,"step":"save-create:page 2","method":"POST","uri":"/manager/media/style/default/ajax.php","status":200,"ms":44.06,"peak":1087336,"peak_real":2097152}
{"t":1790009541.463,"step":"save-create:page 2","method":"POST","uri":"/manager/media/style/default/ajax.php","status":200,"ms":62.18,"peak":1087336,"peak_real":2097152}
{"t":1790009541.843,"step":"save-create:page 2","method":"POST","uri":"/manager/index.php","status":302,"ms":178.19,"peak":1290728,"peak_real":2097152}
{"t":1790009541.953,"step":"save-create:page 2","method":"GET","uri":"/manager/index.php?a=27&id=10110&r=1&stay=2","status":200,"ms":107.97,"peak":1228488,"peak_real":2097152}
{"t":1790009542.087,"step":"open-create:page 3","method":"GET","uri":"/manager/index.php?a=4&pid=10103","status":200,"ms":78.77,"peak":1288624,"peak_real":2097152}
{"t":1790009542.124,"step":"open-create:page 3","method":"POST","uri":"/manager/media/style/default/ajax.php","status":200,"ms":48.41,"peak":1088088,"peak_real":2097152}
{"t":1790009542.216,"step":"open-create:page 3","method":"POST","uri":"/manager/?a=67&type=7&id=10110&_token=53UFAuQUUJj6W4m1HS5ZtbpRWwMy8btDuaXn6yUW&o=0.5383838120066812","status":200,"ms":123.18,"peak":1099848,"peak_real":2097152}
{"t":1790009542.258,"step":"open-create:page 3","method":"POST","uri":"/manager/media/style/default/ajax.php","status":200,"ms":63.04,"peak":1087336,"peak_real":2097152}
{"t":1790009542.301,"step":"open-create:page 3","method":"POST","uri":"/manager/media/style/default/ajax.php","status":200,"ms":55.92,"peak":1087336,"peak_real":2097152}
{"t":1790009542.669,"step":"save-create:page 3","method":"POST","uri":"/manager/index.php","status":302,"ms":171.65,"peak":1290728,"peak_real":2097152}
{"t":1790009542.771,"step":"save-create:page 3","method":"GET","uri":"/manager/index.php?a=27&id=10111&r=1&stay=2","status":200,"ms":99.85,"peak":1228488,"peak_real":2097152}
{"t":1790009542.928,"step":"open-create:page 4","method":"GET","uri":"/manager/index.php?a=4&pid=10103","status":200,"ms":105.17,"peak":1288624,"peak_real":2097152}
{"t":1790009542.964,"step":"open-create:page 4","method":"POST","uri":"/manager/media/style/default/ajax.php","status":200,"ms":72.32,"peak":1088088,"peak_real":2097152}
{"t":1790009543.036,"step":"open-create:page 4","method":"POST","uri":"/manager/?a=67&type=7&id=10111&_token=53UFAuQUUJj6W4m1HS5ZtbpRWwMy8btDuaXn6yUW&o=0.09654908544367125","status":200,"ms":99.11,"peak":1099848,"peak_real":2097152}
{"t":1790009543.07,"step":"save-create:page 4","method":"POST","uri":"/manager/media/style/default/ajax.php","status":200,"ms":34.16,"peak":1087336,"peak_real":2097152}
{"t":1790009543.101,"step":"save-create:page 4","method":"POST","uri":"/manager/media/style/default/ajax.php","status":200,"ms":45.03,"peak":1087336,"peak_real":2097152}
{"t":1790009543.576,"step":"save-create:page 4","method":"POST","uri":"/manager/index.php","status":302,"ms":161.91,"peak":1290728,"peak_real":2097152}
{"t":1790009543.681,"step":"save-create:page 4","method":"GET","uri":"/manager/index.php?a=27&id=10112&r=1&stay=2","status":200,"ms":102.74,"peak":1228488,"peak_real":2097152}
{"t":1790009543.841,"step":"open-create:page 5","method":"GET","uri":"/manager/index.php?a=4&pid=10103","status":200,"ms":115.03,"peak":1288624,"peak_real":2097152}
{"t":1790009543.928,"step":"open-create:page 5","method":"POST","uri":"/manager/media/style/default/ajax.php","status":200,"ms":130.7,"peak":1088088,"peak_real":2097152}
{"t":1790009544.011,"step":"open-create:page 5","method":"POST","uri":"/manager/?a=67&type=7&id=10112&_token=53UFAuQUUJj6W4m1HS5ZtbpRWwMy8btDuaXn6yUW&o=0.9645413214450581","status":200,"ms":158.74,"peak":1099848,"peak_real":2097152}
{"t":1790009544.051,"step":"open-create:page 5","method":"POST","uri":"/manager/media/style/default/ajax.php","status":200,"ms":97.25,"peak":1087336,"peak_real":2097152}
{"t":1790009544.095,"step":"save-create:page 5","method":"POST","uri":"/manager/media/style/default/ajax.php","status":200,"ms":102.44,"peak":1087336,"peak_real":2097152}
{"t":1790009544.454,"step":"save-create:page 5","method":"POST","uri":"/manager/index.php","status":302,"ms":155.67,"peak":1290728,"peak_real":2097152}
{"t":1790009544.547,"step":"save-create:page 5","method":"GET","uri":"/manager/index.php?a=27&id=10113&r=1&stay=2","status":200,"ms":92.08,"peak":1228520,"peak_real":2097152}
{"t":1790009544.68,"step":"logout:round 1","method":"GET","uri":"/manager/?a=67&type=7&id=10113","status":200,"ms":73.18,"peak":1098296,"peak_real":2097152}
{"t":1790009544.786,"step":"logout:round 1","method":"GET","uri":"/manager/index.php?a=8","status":302,"ms":178.78,"peak":1074560,"peak_real":2097152}
{"t":1790009544.806,"step":"logout:round 1","method":"GET","uri":"/manager/","status":200,"ms":15.31,"peak":1054008,"peak_real":2097152}
{"t":1790009544.818,"step":null,"method":"POST","uri":"/manager/?a=67&type=7&id=10113&_token=53UFAuQUUJj6W4m1HS5ZtbpRWwMy8btDuaXn6yUW&o=0.09153988973768856","status":404,"ms":1.59,"peak":385232,"peak_real":2097152}
{"t":1790009544.977,"step":"logout:round 1","method":"POST","uri":"/manager/media/style/default/ajax.php","status":200,"ms":309.46,"peak":1086840,"peak_real":2097152}
