{"t":1789988518.494,"step":"warmup","method":"GET","uri":"/manager/","status":200,"ms":506.23,"peak":6462896,"peak_real":12582912}
{"t":1789988520.4,"step":"warmup","method":"POST","uri":"/manager/?a=0","status":200,"ms":685.4,"peak":2437640,"peak_real":4194304}
{"t":1789988520.582,"step":"warmup","method":"GET","uri":"/manager/","status":200,"ms":170.06,"peak":2663456,"peak_real":4194304}
{"t":1789988520.912,"step":"warmup","method":"GET","uri":"/manager/index.php?a=2","status":200,"ms":166.23,"peak":1700808,"peak_real":4194304}
{"t":1789988521.149,"step":"warmup","method":"GET","uri":"/manager/index.php?a=17","status":200,"ms":213.09,"peak":2689520,"peak_real":6291456}
{"t":1789988521.751,"step":"warmup","method":"GET","uri":"/manager/index.php?a=27&id=10104","status":200,"ms":199.51,"peak":1608920,"peak_real":2097152}
{"t":1789988521.848,"step":"warmup","method":"POST","uri":"/manager/media/style/default/ajax.php","status":200,"ms":235.45,"peak":1117984,"peak_real":2097152}
{"t":1789988522.17,"step":"warmup","method":"POST","uri":"/manager/media/style/default/ajax.php","status":200,"ms":196.72,"peak":1080000,"peak_real":2097152}
{"t":1789988522.661,"step":"warmup","method":"POST","uri":"/manager/index.php","status":302,"ms":226.5,"peak":2007040,"peak_real":6291456}
{"t":1789988523.21,"step":"warmup","method":"GET","uri":"/manager/index.php?a=27&id=10104&r=1&stay=2&dir=DESC&sort=createdon&page=0","status":200,"ms":543.12,"peak":6228856,"peak_real":10485760}
{"t":1789988523.532,"step":"warmup","method":"GET","uri":"/manager/index.php?a=4&pid=10103","status":200,"ms":127.98,"peak":1324984,"peak_real":2097152}
{"t":1789988523.808,"step":"warmup","method":"POST","uri":"/manager/media/style/default/ajax.php","status":200,"ms":382.48,"peak":1125392,"peak_real":2097152}
{"t":1789988524.022,"step":"warmup","method":"POST","uri":"/manager/?a=67&type=7&id=10104&_token=PLxn4Hwu0BUxoAjy6IWpxUcUxlRB2A8UHLE1K2I9&o=0.6001330216254438","status":200,"ms":435.79,"peak":1108192,"peak_real":4194304}
{"t":1789988524.076,"step":"warmup","method":"POST","uri":"/manager/media/style/default/ajax.php","status":200,"ms":338.11,"peak":1087848,"peak_real":2097152}
{"t":1789988524.154,"step":"warmup","method":"POST","uri":"/manager/media/style/default/ajax.php","status":200,"ms":415.2,"peak":1087848,"peak_real":2097152}
{"t":1789988524.275,"step":"warmup","method":"GET","uri":"/manager/index.php?a=8","status":302,"ms":536.93,"peak":2224968,"peak_real":4194304}
{"t":1789988524.298,"step":"warmup","method":"GET","uri":"/manager/","status":200,"ms":18.09,"peak":1050392,"peak_real":4194304}
{"t":1789988524.311,"step":null,"method":"POST","uri":"/manager/?a=67&type=7&id=0&_token=PLxn4Hwu0BUxoAjy6IWpxUcUxlRB2A8UHLE1K2I9&o=0.7382624307235713","status":404,"ms":3.63,"peak":385152,"peak_real":6291456}
{"t":1789988524.529,"step":"login:round 1","method":"GET","uri":"/manager/","status":200,"ms":58.89,"peak":1060832,"peak_real":2097152}
{"t":1789988526.287,"step":"login:round 1","method":"POST","uri":"/manager/?a=0","status":200,"ms":587.38,"peak":1260688,"peak_real":2097152}
{"t":1789988526.366,"step":"login:round 1","method":"GET","uri":"/manager/","status":200,"ms":59.25,"peak":2464992,"peak_real":4194304}
{"t":1789988526.537,"step":"login:round 1","method":"GET","uri":"/manager/index.php?a=2","status":200,"ms":77.7,"peak":1700376,"peak_real":4194304}
{"t":1789988526.792,"step":"login:round 1","method":"GET","uri":"/manager/index.php?a=17","status":200,"ms":201.35,"peak":2623208,"peak_real":6291456}
{"t":1789988527.067,"step":"open-edit:page 10104","method":"GET","uri":"/manager/index.php?a=27&id=10104","status":200,"ms":140.74,"peak":1263464,"peak_real":2097152}
{"t":1789988527.099,"step":"open-edit:page 10104","method":"POST","uri":"/manager/media/style/default/ajax.php","status":200,"ms":137.52,"peak":1079912,"peak_real":2097152}
{"t":1789988527.361,"step":"open-edit:page 10104","method":"POST","uri":"/manager/media/style/default/ajax.php","status":200,"ms":71.04,"peak":1080016,"peak_real":4194304}
{"t":1789988527.747,"step":"save-edit:page 10104","method":"POST","uri":"/manager/index.php","status":302,"ms":199.95,"peak":2011984,"peak_real":4194304}
{"t":1789988528.321,"step":"save-edit:page 10104","method":"GET","uri":"/manager/index.php?a=27&id=10104&r=1&stay=2&dir=DESC&sort=createdon&page=0","status":200,"ms":568.83,"peak":6228920,"peak_real":10485760}
{"t":1789988528.579,"step":"save-edit:page 10104","method":"POST","uri":"/manager/media/style/default/ajax.php","status":200,"ms":100.48,"peak":1125424,"peak_real":2097152}
{"t":1789988528.737,"step":"open-edit:page 10105","method":"GET","uri":"/manager/index.php?a=27&id=10105","status":200,"ms":167.04,"peak":1289928,"peak_real":2097152}
{"t":1789988528.873,"step":"open-edit:page 10105","method":"POST","uri":"/manager/?a=67&type=7&id=10104&_token=KsFmdfnZzSZcFYie1QqqZ5IEN4CiXp36RODUScvX&o=0.3561565753680558","status":200,"ms":123.08,"peak":1107664,"peak_real":4194304}
{"t":1789988528.934,"step":"open-edit:page 10105","method":"POST","uri":"/manager/media/style/default/ajax.php","status":200,"ms":74.22,"peak":1087880,"peak_real":2097152}
{"t":1789988529.058,"step":"open-edit:page 10105","method":"POST","uri":"/manager/media/style/default/ajax.php","status":200,"ms":115.44,"peak":1087880,"peak_real":2097152}
{"t":1789988529.423,"step":"save-edit:page 10105","method":"POST","uri":"/manager/index.php","status":302,"ms":187.36,"peak":2088648,"peak_real":4194304}
{"t":1789988529.958,"step":"save-edit:page 10105","method":"GET","uri":"/manager/index.php?a=27&id=10105&r=1&stay=2&dir=DESC&sort=createdon&page=0","status":200,"ms":531.08,"peak":6228984,"peak_real":10485760}
{"t":1789988530.218,"step":"save-edit:page 10105","method":"POST","uri":"/manager/media/style/default/ajax.php","status":200,"ms":118.32,"peak":1125424,"peak_real":6291456}
{"t":1789988530.46,"step":"open-edit:page 10106","method":"GET","uri":"/manager/index.php?a=27&id=10106","status":200,"ms":335.15,"peak":1289928,"peak_real":2097152}
{"t":1789988530.874,"step":"open-edit:page 10106","method":"POST","uri":"/manager/?a=67&type=7&id=10105&_token=KsFmdfnZzSZcFYie1QqqZ5IEN4CiXp36RODUScvX&o=0.9531692878691497","status":200,"ms":410.25,"peak":1108160,"peak_real":2097152}
{"t":1789988530.951,"step":"open-edit:page 10106","method":"POST","uri":"/manager/media/style/default/ajax.php","status":200,"ms":425.6,"peak":1087880,"peak_real":2097152}
{"t":1789988531.028,"step":"open-edit:page 10106","method":"POST","uri":"/manager/media/style/default/ajax.php","status":200,"ms":414.01,"peak":1087880,"peak_real":2097152}
{"t":1789988531.175,"step":"save-edit:page 10106","method":"POST","uri":"/manager/index.php","status":302,"ms":308.87,"peak":2096336,"peak_real":4194304}
{"t":1789988531.609,"step":"save-edit:page 10106","method":"GET","uri":"/manager/index.php?a=27&id=10106&r=1&stay=2&dir=DESC&sort=createdon&page=0","status":200,"ms":431.41,"peak":6228984,"peak_real":10485760}
{"t":1789988531.92,"step":"save-edit:page 10106","method":"POST","uri":"/manager/media/style/default/ajax.php","status":200,"ms":170.73,"peak":1125424,"peak_real":6291456}
{"t":1789988532.058,"step":"open-edit:page 10107","method":"GET","uri":"/manager/index.php?a=27&id=10107","status":200,"ms":226.07,"peak":1289928,"peak_real":4194304}
{"t":1789988532.203,"step":"open-edit:page 10107","method":"POST","uri":"/manager/?a=67&type=7&id=10106&_token=KsFmdfnZzSZcFYie1QqqZ5IEN4CiXp36RODUScvX&o=0.41283783579300315","status":200,"ms":128.21,"peak":1107664,"peak_real":2097152}
{"t":1789988532.295,"step":"open-edit:page 10107","method":"POST","uri":"/manager/media/style/default/ajax.php","status":200,"ms":119.37,"peak":1087880,"peak_real":2097152}
{"t":1789988532.407,"step":"open-edit:page 10107","method":"POST","uri":"/manager/media/style/default/ajax.php","status":200,"ms":160.76,"peak":1087880,"peak_real":2097152}
{"t":1789988532.744,"step":"save-edit:page 10107","method":"POST","uri":"/manager/index.php","status":302,"ms":199.09,"peak":2095072,"peak_real":4194304}
{"t":1789988533.405,"step":"save-edit:page 10107","method":"GET","uri":"/manager/index.php?a=27&id=10107&r=1&stay=2&dir=DESC&sort=createdon&page=0","status":200,"ms":657.56,"peak":6228984,"peak_real":10485760}
{"t":1789988533.707,"step":"save-edit:page 10107","method":"POST","uri":"/manager/media/style/default/ajax.php","status":200,"ms":125.74,"peak":1125424,"peak_real":6291456}
{"t":1789988533.874,"step":"open-edit:page 10108","method":"GET","uri":"/manager/index.php?a=27&id=10108","status":200,"ms":126.04,"peak":1289928,"peak_real":4194304}
{"t":1789988534.027,"step":"open-edit:page 10108","method":"POST","uri":"/manager/?a=67&type=7&id=10107&_token=KsFmdfnZzSZcFYie1QqqZ5IEN4CiXp36RODUScvX&o=0.39404951827306245","status":200,"ms":135.75,"peak":1107664,"peak_real":2097152}
{"t":1789988534.086,"step":"open-edit:page 10108","method":"POST","uri":"/manager/media/style/default/ajax.php","status":200,"ms":95.07,"peak":1087880,"peak_real":2097152}
{"t":1789988534.119,"step":"open-edit:page 10108","method":"POST","uri":"/manager/media/style/default/ajax.php","status":200,"ms":98.3,"peak":1080856,"peak_real":2097152}
{"t":1789988534.446,"step":"save-edit:page 10108","method":"POST","uri":"/manager/index.php","status":302,"ms":143.18,"peak":2088568,"peak_real":4194304}
{"t":1789988534.917,"step":"save-edit:page 10108","method":"GET","uri":"/manager/index.php?a=27&id=10108&r=1&stay=2&dir=DESC&sort=createdon&page=0","status":200,"ms":464.51,"peak":6228984,"peak_real":10485760}
{"t":1789988535.163,"step":"save-edit:page 10108","method":"POST","uri":"/manager/media/style/default/ajax.php","status":200,"ms":75.4,"peak":1125424,"peak_real":6291456}
{"t":1789988535.283,"step":"open-create:page 1","method":"GET","uri":"/manager/index.php?a=4&pid=10103","status":200,"ms":180.12,"peak":1324896,"peak_real":4194304}
{"t":1789988535.426,"step":"open-create:page 1","method":"POST","uri":"/manager/?a=67&type=7&id=10108&_token=KsFmdfnZzSZcFYie1QqqZ5IEN4CiXp36RODUScvX&o=0.6186017311119053","status":200,"ms":123.64,"peak":1107664,"peak_real":2097152}
{"t":1789988535.604,"step":"open-create:page 1","method":"POST","uri":"/manager/media/style/default/ajax.php","status":200,"ms":203.16,"peak":1087880,"peak_real":2097152}
{"t":1789988535.677,"step":"open-create:page 1","method":"POST","uri":"/manager/media/style/default/ajax.php","status":200,"ms":189.94,"peak":1087880,"peak_real":2097152}
{"t":1789988536.155,"step":"save-create:page 1","method":"POST","uri":"/manager/index.php","status":302,"ms":411.88,"peak":2065280,"peak_real":4194304}
{"t":1789988536.625,"step":"save-create:page 1","method":"GET","uri":"/manager/index.php?a=27&id=10109&r=1&stay=2","status":200,"ms":466.71,"peak":6215968,"peak_real":10485760}
{"t":1789988536.904,"step":"save-create:page 1","method":"POST","uri":"/manager/media/style/default/ajax.php","status":200,"ms":82.28,"peak":1125376,"peak_real":6291456}
{"t":1789988537.023,"step":"open-create:page 2","method":"GET","uri":"/manager/index.php?a=4&pid=10103","status":200,"ms":146.88,"peak":1324800,"peak_real":4194304}
{"t":1789988537.125,"step":"open-create:page 2","method":"POST","uri":"/manager/?a=67&type=7&id=10109&_token=KsFmdfnZzSZcFYie1QqqZ5IEN4CiXp36RODUScvX&o=0.8511299117840803","status":200,"ms":81.85,"peak":1107536,"peak_real":2097152}
{"t":1789988537.271,"step":"open-create:page 2","method":"POST","uri":"/manager/media/style/default/ajax.php","status":200,"ms":117,"peak":1087880,"peak_real":2097152}
{"t":1789988537.419,"step":"open-create:page 2","method":"POST","uri":"/manager/media/style/default/ajax.php","status":200,"ms":214.87,"peak":1087880,"peak_real":2097152}
{"t":1789988537.74,"step":"save-create:page 2","method":"POST","uri":"/manager/index.php","status":302,"ms":271.39,"peak":2065120,"peak_real":4194304}
{"t":1789988538.244,"step":"save-create:page 2","method":"GET","uri":"/manager/index.php?a=27&id=10110&r=1&stay=2","status":200,"ms":501.78,"peak":6215968,"peak_real":10485760}
{"t":1789988538.475,"step":"open-create:page 3","method":"GET","uri":"/manager/index.php?a=4&pid=10103","status":200,"ms":164.05,"peak":1324920,"peak_real":6291456}
{"t":1789988538.58,"step":"open-create:page 3","method":"POST","uri":"/manager/media/style/default/ajax.php","status":200,"ms":198.28,"peak":1125376,"peak_real":4194304}
{"t":1789988538.771,"step":"open-create:page 3","method":"POST","uri":"/manager/?a=67&type=7&id=10110&_token=KsFmdfnZzSZcFYie1QqqZ5IEN4CiXp36RODUScvX&o=0.7064794014160486","status":200,"ms":292.39,"peak":1107552,"peak_real":2097152}
{"t":1789988538.849,"step":"open-create:page 3","method":"POST","uri":"/manager/media/style/default/ajax.php","status":200,"ms":267.96,"peak":1087896,"peak_real":2097152}
{"t":1789988538.935,"step":"open-create:page 3","method":"POST","uri":"/manager/media/style/default/ajax.php","status":200,"ms":289.96,"peak":1087896,"peak_real":2097152}
{"t":1789988539.293,"step":"save-create:page 3","method":"POST","uri":"/manager/index.php","status":302,"ms":392.04,"peak":2065152,"peak_real":4194304}
{"t":1789988539.805,"step":"save-create:page 3","method":"GET","uri":"/manager/index.php?a=27&id=10111&r=1&stay=2","status":200,"ms":499.32,"peak":6216000,"peak_real":10485760}
{"t":1789988540.087,"step":"save-create:page 3","method":"POST","uri":"/manager/media/style/default/ajax.php","status":200,"ms":123.99,"peak":1125376,"peak_real":6291456}
{"t":1789988540.209,"step":"open-create:page 4","method":"GET","uri":"/manager/index.php?a=4&pid=10103","status":200,"ms":221.33,"peak":1324800,"peak_real":4194304}
{"t":1789988540.357,"step":"open-create:page 4","method":"POST","uri":"/manager/?a=67&type=7&id=10111&_token=KsFmdfnZzSZcFYie1QqqZ5IEN4CiXp36RODUScvX&o=0.19330516870038006","status":200,"ms":111.25,"peak":1107536,"peak_real":2097152}
{"t":1789988540.459,"step":"open-create:page 4","method":"POST","uri":"/manager/media/style/default/ajax.php","status":200,"ms":73.09,"peak":1087880,"peak_real":2097152}
{"t":1789988540.631,"step":"open-create:page 4","method":"POST","uri":"/manager/media/style/default/ajax.php","status":200,"ms":143.16,"peak":1087880,"peak_real":2097152}
{"t":1789988541.171,"step":"save-create:page 4","method":"POST","uri":"/manager/index.php","status":302,"ms":381.97,"peak":2065280,"peak_real":4194304}
{"t":1789988541.858,"step":"save-create:page 4","method":"GET","uri":"/manager/index.php?a=27&id=10112&r=1&stay=2","status":200,"ms":654.84,"peak":6216272,"peak_real":10485760}
{"t":1789988542.117,"step":"save-create:page 4","method":"POST","uri":"/manager/media/style/default/ajax.php","status":200,"ms":95.2,"peak":1125376,"peak_real":6291456}
{"t":1789988542.252,"step":"open-create:page 5","method":"GET","uri":"/manager/index.php?a=4&pid=10103","status":200,"ms":108.69,"peak":1324800,"peak_real":4194304}
{"t":1789988542.37,"step":"open-create:page 5","method":"POST","uri":"/manager/?a=67&type=7&id=10112&_token=KsFmdfnZzSZcFYie1QqqZ5IEN4CiXp36RODUScvX&o=0.3620885912569831","status":200,"ms":100.62,"peak":1107536,"peak_real":2097152}
{"t":1789988542.501,"step":"open-create:page 5","method":"POST","uri":"/manager/media/style/default/ajax.php","status":200,"ms":88.15,"peak":1087880,"peak_real":2097152}
{"t":1789988542.618,"step":"open-create:page 5","method":"POST","uri":"/manager/media/style/default/ajax.php","status":200,"ms":106.16,"peak":1087880,"peak_real":2097152}
{"t":1789988543.164,"step":"save-create:page 5","method":"POST","uri":"/manager/index.php","status":302,"ms":346.77,"peak":2066544,"peak_real":4194304}
{"t":1789988543.645,"step":"save-create:page 5","method":"GET","uri":"/manager/index.php?a=27&id=10113&r=1&stay=2","status":200,"ms":471.31,"peak":6215968,"peak_real":10485760}
{"t":1789988543.849,"step":"logout:round 1","method":"GET","uri":"/manager/?a=67&type=7&id=10113","status":200,"ms":81.76,"peak":1106120,"peak_real":6291456}
{"t":1789988543.989,"step":"logout:round 1","method":"GET","uri":"/manager/index.php?a=8","status":302,"ms":216.12,"peak":2225136,"peak_real":4194304}
{"t":1789988544.154,"step":null,"method":"POST","uri":"/manager/?a=67&type=7&id=10113&_token=KsFmdfnZzSZcFYie1QqqZ5IEN4CiXp36RODUScvX&o=0.9796077127855063","status":404,"ms":0.66,"peak":385232,"peak_real":2097152}
{"t":1789988544.159,"step":"logout:round 1","method":"GET","uri":"/manager/","status":200,"ms":144.15,"peak":1057512,"peak_real":2097152}
{"t":1789988544.554,"step":"logout:round 1","method":"POST","uri":"/manager/media/style/default/ajax.php","status":200,"ms":763.98,"peak":1125360,"peak_real":2097152}
