{"t":1789902388.685,"step":"warmup","method":"GET","uri":"/manager/","status":200,"ms":259.27,"peak":11585088,"peak_real":16777216}
{"t":1789902390.077,"step":"warmup","method":"POST","uri":"/manager/?a=0","status":200,"ms":422.66,"peak":3032368,"peak_real":4194304}
{"t":1789902390.172,"step":"warmup","method":"GET","uri":"/manager/","status":200,"ms":85.7,"peak":2935416,"peak_real":4194304}
{"t":1789902390.286,"step":"warmup","method":"GET","uri":"/manager/index.php?a=2","status":200,"ms":76.19,"peak":1712424,"peak_real":4194304}
{"t":1789902390.444,"step":"warmup","method":"GET","uri":"/manager/index.php?a=17","status":200,"ms":151.53,"peak":2715640,"peak_real":6291456}
{"t":1789902390.678,"step":"warmup","method":"GET","uri":"/manager/index.php?a=27&id=10104","status":200,"ms":134.93,"peak":1731216,"peak_real":4194304}
{"t":1789902390.716,"step":"warmup","method":"POST","uri":"/manager/media/style/default/ajax.php","status":200,"ms":108.38,"peak":1321800,"peak_real":2097152}
{"t":1789902390.847,"step":"warmup","method":"POST","uri":"/manager/media/style/default/ajax.php","status":200,"ms":35.65,"peak":1106272,"peak_real":2097152}
{"t":1789902391.337,"step":"warmup","method":"POST","uri":"/manager/index.php","status":302,"ms":131.89,"peak":2302072,"peak_real":8388608}
{"t":1789902391.717,"step":"warmup","method":"GET","uri":"/manager/index.php?a=27&id=10104&r=1&stay=2&dir=DESC&sort=createdon&page=0","status":200,"ms":377.06,"peak":12004856,"peak_real":16777216}
{"t":1789902391.866,"step":"warmup","method":"GET","uri":"/manager/index.php?a=4&pid=10103","status":200,"ms":103.42,"peak":1509464,"peak_real":2097152}
{"t":1789902391.917,"step":"warmup","method":"POST","uri":"/manager/media/style/default/ajax.php","status":200,"ms":79.12,"peak":1313544,"peak_real":2097152}
{"t":1789902392.001,"step":"warmup","method":"POST","uri":"/manager/?a=67&type=7&id=10104&_token=B5aTMc4ZORX4pGnykr18K0aTe01A9ukgt2B8u8kz&o=0.725719192058967","status":200,"ms":128.98,"peak":1161880,"peak_real":4194304}
{"t":1789902392.11,"step":"warmup","method":"GET","uri":"/manager/index.php?a=8","status":302,"ms":185.24,"peak":2363904,"peak_real":4194304}
{"t":1789902392.132,"step":"warmup","method":"GET","uri":"/manager/","status":200,"ms":19,"peak":1272776,"peak_real":6291456}
{"t":1789902392.14,"step":null,"method":"POST","uri":"/manager/?a=67&type=7&id=0&_token=B5aTMc4ZORX4pGnykr18K0aTe01A9ukgt2B8u8kz&o=0.9963433366110271","status":404,"ms":0.85,"peak":385184,"peak_real":8388608}
{"t":1789902392.207,"step":"login:round 1","method":"GET","uri":"/manager/","status":200,"ms":15.07,"peak":1077936,"peak_real":2097152}
{"t":1789902392.265,"step":"warmup","method":"POST","uri":"/manager/media/style/default/ajax.php","status":200,"ms":293.39,"peak":1192776,"peak_real":2097152}
{"t":1789902392.421,"step":"warmup","method":"POST","uri":"/manager/media/style/default/ajax.php","status":200,"ms":428.92,"peak":1210304,"peak_real":2097152}
{"t":1789902393.519,"step":"login:round 1","method":"POST","uri":"/manager/?a=0","status":200,"ms":349.21,"peak":1437688,"peak_real":2097152}
{"t":1789902393.582,"step":"login:round 1","method":"GET","uri":"/manager/","status":200,"ms":57.82,"peak":2605832,"peak_real":4194304}
{"t":1789902393.657,"step":"login:round 1","method":"GET","uri":"/manager/index.php?a=2","status":200,"ms":60.67,"peak":1712024,"peak_real":4194304}
{"t":1789902393.978,"step":"login:round 1","method":"GET","uri":"/manager/index.php?a=17","status":200,"ms":312.89,"peak":2715200,"peak_real":6291456}
{"t":1789902394.141,"step":"open-edit:page 10104","method":"GET","uri":"/manager/index.php?a=27&id=10104","status":200,"ms":98.48,"peak":1480632,"peak_real":4194304}
{"t":1789902394.18,"step":"open-edit:page 10104","method":"POST","uri":"/manager/media/style/default/ajax.php","status":200,"ms":59.36,"peak":1106184,"peak_real":2097152}
{"t":1789902394.301,"step":"save-edit:page 10104","method":"POST","uri":"/manager/media/style/default/ajax.php","status":200,"ms":31.09,"peak":1110984,"peak_real":2097152}
{"t":1789902394.664,"step":"save-edit:page 10104","method":"POST","uri":"/manager/index.php","status":302,"ms":130.38,"peak":2277464,"peak_real":4194304}
{"t":1789902395.043,"step":"save-edit:page 10104","method":"GET","uri":"/manager/index.php?a=27&id=10104&r=1&stay=2&dir=DESC&sort=createdon&page=0","status":200,"ms":376.74,"peak":12004760,"peak_real":16777216}
{"t":1789902395.258,"step":"open-edit:page 10105","method":"GET","uri":"/manager/index.php?a=27&id=10105","status":200,"ms":140.4,"peak":1686040,"peak_real":2097152}
{"t":1789902395.303,"step":"open-edit:page 10105","method":"POST","uri":"/manager/media/style/default/ajax.php","status":200,"ms":133.79,"peak":1381112,"peak_real":2097152}
{"t":1789902395.389,"step":"open-edit:page 10105","method":"POST","uri":"/manager/?a=67&type=7&id=10104&_token=lZJCDS6cSl6PWYorzqy7Kp33t4KP3XMyO6UJ1Zv8&o=0.7221306889759521","status":200,"ms":124.76,"peak":1179472,"peak_real":4194304}
{"t":1789902395.425,"step":"open-edit:page 10105","method":"POST","uri":"/manager/media/style/default/ajax.php","status":200,"ms":60.44,"peak":1170576,"peak_real":4194304}
{"t":1789902395.455,"step":"save-edit:page 10105","method":"POST","uri":"/manager/media/style/default/ajax.php","status":200,"ms":65.4,"peak":1112712,"peak_real":2097152}
{"t":1789902395.832,"step":"save-edit:page 10105","method":"POST","uri":"/manager/index.php","status":302,"ms":148.37,"peak":2519824,"peak_real":4194304}
{"t":1789902396.213,"step":"save-edit:page 10105","method":"GET","uri":"/manager/index.php?a=27&id=10105&r=1&stay=2&dir=DESC&sort=createdon&page=0","status":200,"ms":379.01,"peak":12004920,"peak_real":16777216}
{"t":1789902396.412,"step":"open-edit:page 10106","method":"GET","uri":"/manager/index.php?a=27&id=10106","status":200,"ms":134.44,"peak":1686040,"peak_real":8388608}
{"t":1789902396.461,"step":"open-edit:page 10106","method":"POST","uri":"/manager/media/style/default/ajax.php","status":200,"ms":126.02,"peak":1304744,"peak_real":2097152}
{"t":1789902396.541,"step":"open-edit:page 10106","method":"POST","uri":"/manager/?a=67&type=7&id=10105&_token=lZJCDS6cSl6PWYorzqy7Kp33t4KP3XMyO6UJ1Zv8&o=0.8712274575254334","status":200,"ms":118.67,"peak":1182560,"peak_real":2097152}
{"t":1789902396.572,"step":"open-edit:page 10106","method":"POST","uri":"/manager/media/style/default/ajax.php","status":200,"ms":51.16,"peak":1112712,"peak_real":2097152}
{"t":1789902396.605,"step":"save-edit:page 10106","method":"POST","uri":"/manager/media/style/default/ajax.php","status":200,"ms":64.02,"peak":1155312,"peak_real":2097152}
{"t":1789902396.947,"step":"save-edit:page 10106","method":"POST","uri":"/manager/index.php","status":302,"ms":145.62,"peak":2398696,"peak_real":4194304}
{"t":1789902397.354,"step":"save-edit:page 10106","method":"GET","uri":"/manager/index.php?a=27&id=10106&r=1&stay=2&dir=DESC&sort=createdon&page=0","status":200,"ms":405.66,"peak":12004920,"peak_real":16777216}
{"t":1789902397.56,"step":"open-edit:page 10107","method":"GET","uri":"/manager/index.php?a=27&id=10107","status":200,"ms":134.76,"peak":1686040,"peak_real":8388608}
{"t":1789902397.609,"step":"open-edit:page 10107","method":"POST","uri":"/manager/media/style/default/ajax.php","status":200,"ms":127.17,"peak":1340640,"peak_real":4194304}
{"t":1789902397.695,"step":"open-edit:page 10107","method":"POST","uri":"/manager/?a=67&type=7&id=10106&_token=lZJCDS6cSl6PWYorzqy7Kp33t4KP3XMyO6UJ1Zv8&o=0.835912749640201","status":200,"ms":128.51,"peak":1153544,"peak_real":2097152}
{"t":1789902397.731,"step":"save-edit:page 10107","method":"POST","uri":"/manager/media/style/default/ajax.php","status":200,"ms":62.99,"peak":1181336,"peak_real":2097152}
{"t":1789902397.76,"step":"save-edit:page 10107","method":"POST","uri":"/manager/media/style/default/ajax.php","status":200,"ms":75.84,"peak":1112712,"peak_real":2097152}
{"t":1789902398.073,"step":"save-edit:page 10107","method":"POST","uri":"/manager/index.php","status":302,"ms":138.45,"peak":2495368,"peak_real":4194304}
{"t":1789902398.461,"step":"save-edit:page 10107","method":"GET","uri":"/manager/index.php?a=27&id=10107&r=1&stay=2&dir=DESC&sort=createdon&page=0","status":200,"ms":386.48,"peak":12005080,"peak_real":16777216}
{"t":1789902398.669,"step":"open-edit:page 10108","method":"GET","uri":"/manager/index.php?a=27&id=10108","status":200,"ms":139.08,"peak":1687216,"peak_real":8388608}
{"t":1789902398.725,"step":"open-edit:page 10108","method":"POST","uri":"/manager/media/style/default/ajax.php","status":200,"ms":145.74,"peak":1469440,"peak_real":4194304}
{"t":1789902398.798,"step":"open-edit:page 10108","method":"POST","uri":"/manager/?a=67&type=7&id=10107&_token=lZJCDS6cSl6PWYorzqy7Kp33t4KP3XMyO6UJ1Zv8&o=0.3910483908687593","status":200,"ms":121.39,"peak":1193296,"peak_real":2097152}
{"t":1789902398.832,"step":"save-edit:page 10108","method":"POST","uri":"/manager/media/style/default/ajax.php","status":200,"ms":56.81,"peak":1298640,"peak_real":2097152}
{"t":1789902398.863,"step":"save-edit:page 10108","method":"POST","uri":"/manager/media/style/default/ajax.php","status":200,"ms":53.05,"peak":1215232,"peak_real":2097152}
{"t":1789902399.21,"step":"save-edit:page 10108","method":"POST","uri":"/manager/index.php","status":302,"ms":143.82,"peak":2442240,"peak_real":4194304}
{"t":1789902399.595,"step":"save-edit:page 10108","method":"GET","uri":"/manager/index.php?a=27&id=10108&r=1&stay=2&dir=DESC&sort=createdon&page=0","status":200,"ms":383.06,"peak":12005080,"peak_real":16777216}
{"t":1789902399.769,"step":"open-create:page 1","method":"GET","uri":"/manager/index.php?a=4&pid=10103","status":200,"ms":116.86,"peak":1492608,"peak_real":8388608}
{"t":1789902399.831,"step":"open-create:page 1","method":"POST","uri":"/manager/media/style/default/ajax.php","status":200,"ms":117.38,"peak":1665088,"peak_real":4194304}
{"t":1789902399.908,"step":"open-create:page 1","method":"POST","uri":"/manager/?a=67&type=7&id=10108&_token=lZJCDS6cSl6PWYorzqy7Kp33t4KP3XMyO6UJ1Zv8&o=0.4267651364610232","status":200,"ms":132.52,"peak":1239664,"peak_real":4194304}
{"t":1789902399.94,"step":"save-create:page 1","method":"POST","uri":"/manager/media/style/default/ajax.php","status":200,"ms":63.9,"peak":1155712,"peak_real":2097152}
{"t":1789902399.971,"step":"save-create:page 1","method":"POST","uri":"/manager/media/style/default/ajax.php","status":200,"ms":71.99,"peak":1167184,"peak_real":2097152}
{"t":1789902400.411,"step":"save-create:page 1","method":"POST","uri":"/manager/index.php","status":302,"ms":243.27,"peak":2490464,"peak_real":4194304}
{"t":1789902400.808,"step":"save-create:page 1","method":"GET","uri":"/manager/index.php?a=27&id=10114&r=1&stay=2","status":200,"ms":394.75,"peak":11992064,"peak_real":16777216}
{"t":1789902400.992,"step":"open-create:page 2","method":"GET","uri":"/manager/index.php?a=4&pid=10103","status":200,"ms":108.89,"peak":1531520,"peak_real":8388608}
{"t":1789902401.053,"step":"open-create:page 2","method":"POST","uri":"/manager/media/style/default/ajax.php","status":200,"ms":124.19,"peak":1307680,"peak_real":4194304}
{"t":1789902401.129,"step":"open-create:page 2","method":"POST","uri":"/manager/?a=67&type=7&id=10114&_token=lZJCDS6cSl6PWYorzqy7Kp33t4KP3XMyO6UJ1Zv8&o=0.10325248169410683","status":200,"ms":132.84,"peak":1151608,"peak_real":4194304}
{"t":1789902401.167,"step":"save-create:page 2","method":"POST","uri":"/manager/media/style/default/ajax.php","status":200,"ms":70.15,"peak":1215184,"peak_real":2097152}
{"t":1789902401.198,"step":"save-create:page 2","method":"POST","uri":"/manager/media/style/default/ajax.php","status":200,"ms":85.71,"peak":1153840,"peak_real":2097152}
{"t":1789902401.589,"step":"save-create:page 2","method":"POST","uri":"/manager/index.php","status":302,"ms":238.79,"peak":2422888,"peak_real":4194304}
{"t":1789902401.964,"step":"save-create:page 2","method":"GET","uri":"/manager/index.php?a=27&id=10115&r=1&stay=2","status":200,"ms":373.27,"peak":11991968,"peak_real":16777216}
{"t":1789902402.134,"step":"open-create:page 3","method":"GET","uri":"/manager/index.php?a=4&pid=10103","status":200,"ms":106.32,"peak":1484008,"peak_real":8388608}
{"t":1789902402.18,"step":"open-create:page 3","method":"POST","uri":"/manager/media/style/default/ajax.php","status":200,"ms":92.31,"peak":1313528,"peak_real":6291456}
{"t":1789902402.259,"step":"open-create:page 3","method":"POST","uri":"/manager/?a=67&type=7&id=10115&_token=lZJCDS6cSl6PWYorzqy7Kp33t4KP3XMyO6UJ1Zv8&o=0.37419451772657764","status":200,"ms":119.35,"peak":1397944,"peak_real":4194304}
{"t":1789902402.291,"step":"save-create:page 3","method":"POST","uri":"/manager/media/style/default/ajax.php","status":200,"ms":51.33,"peak":1153840,"peak_real":2097152}
{"t":1789902402.323,"step":"save-create:page 3","method":"POST","uri":"/manager/media/style/default/ajax.php","status":200,"ms":65.88,"peak":1128248,"peak_real":2097152}
{"t":1789902402.723,"step":"save-create:page 3","method":"POST","uri":"/manager/index.php","status":302,"ms":221.47,"peak":2507064,"peak_real":4194304}
{"t":1789902403.099,"step":"save-create:page 3","method":"GET","uri":"/manager/index.php?a=27&id=10116&r=1&stay=2","status":200,"ms":374.41,"peak":11991968,"peak_real":16777216}
{"t":1789902403.255,"step":"open-create:page 4","method":"GET","uri":"/manager/index.php?a=4&pid=10103","status":200,"ms":103.83,"peak":1484008,"peak_real":8388608}
{"t":1789902403.311,"step":"open-create:page 4","method":"POST","uri":"/manager/media/style/default/ajax.php","status":200,"ms":90.84,"peak":1307520,"peak_real":4194304}
{"t":1789902403.394,"step":"open-create:page 4","method":"POST","uri":"/manager/?a=67&type=7&id=10116&_token=lZJCDS6cSl6PWYorzqy7Kp33t4KP3XMyO6UJ1Zv8&o=0.7437548379295944","status":200,"ms":133.32,"peak":1193120,"peak_real":4194304}
{"t":1789902403.428,"step":"save-create:page 4","method":"POST","uri":"/manager/media/style/default/ajax.php","status":200,"ms":67.13,"peak":1153840,"peak_real":2097152}
{"t":1789902403.465,"step":"save-create:page 4","method":"POST","uri":"/manager/media/style/default/ajax.php","status":200,"ms":85.27,"peak":1196960,"peak_real":2097152}
{"t":1789902403.905,"step":"save-create:page 4","method":"POST","uri":"/manager/index.php","status":302,"ms":236.14,"peak":2514584,"peak_real":4194304}
{"t":1789902404.282,"step":"save-create:page 4","method":"GET","uri":"/manager/index.php?a=27&id=10117&r=1&stay=2","status":200,"ms":375.58,"peak":11991968,"peak_real":16777216}
{"t":1789902404.437,"step":"open-create:page 5","method":"GET","uri":"/manager/index.php?a=4&pid=10103","status":200,"ms":107.01,"peak":1484008,"peak_real":8388608}
{"t":1789902404.494,"step":"open-create:page 5","method":"POST","uri":"/manager/media/style/default/ajax.php","status":200,"ms":94.65,"peak":1313528,"peak_real":4194304}
{"t":1789902404.568,"step":"open-create:page 5","method":"POST","uri":"/manager/?a=67&type=7&id=10117&_token=lZJCDS6cSl6PWYorzqy7Kp33t4KP3XMyO6UJ1Zv8&o=0.24338329131203695","status":200,"ms":122.22,"peak":1397944,"peak_real":4194304}
{"t":1789902404.601,"step":"save-create:page 5","method":"POST","uri":"/manager/media/style/default/ajax.php","status":200,"ms":56.23,"peak":1210288,"peak_real":2097152}
{"t":1789902404.63,"step":"save-create:page 5","method":"POST","uri":"/manager/media/style/default/ajax.php","status":200,"ms":67.1,"peak":1210448,"peak_real":2097152}
{"t":1789902405.044,"step":"save-create:page 5","method":"POST","uri":"/manager/index.php","status":302,"ms":241.26,"peak":2534064,"peak_real":4194304}
{"t":1789902405.428,"step":"save-create:page 5","method":"GET","uri":"/manager/index.php?a=27&id=10118&r=1&stay=2","status":200,"ms":382.33,"peak":11991968,"peak_real":16777216}
{"t":1789902405.569,"step":"logout:round 1","method":"GET","uri":"/manager/?a=67&type=7&id=10118","status":200,"ms":82.29,"peak":1290816,"peak_real":8388608}
{"t":1789902405.708,"step":"logout:round 1","method":"GET","uri":"/manager/index.php?a=8","status":302,"ms":220.98,"peak":2429784,"peak_real":4194304}
{"t":1789902405.734,"step":"logout:round 1","method":"GET","uri":"/manager/","status":200,"ms":23.01,"peak":1252152,"peak_real":2097152}
{"t":1789902405.741,"step":null,"method":"POST","uri":"/manager/?a=67&type=7&id=10118&_token=lZJCDS6cSl6PWYorzqy7Kp33t4KP3XMyO6UJ1Zv8&o=0.3539326966986689","status":404,"ms":0.76,"peak":385264,"peak_real":2097152}
{"t":1789902405.859,"step":"logout:round 1","method":"POST","uri":"/manager/media/style/default/ajax.php","status":200,"ms":310.27,"peak":1305984,"peak_real":4194304}
