{"t":1789990459.366,"step":"warmup","method":"GET","uri":"/manager/","status":200,"ms":412.84,"peak":11577552,"peak_real":16777216}
{"t":1789990461.347,"step":"warmup","method":"POST","uri":"/manager/?a=0","status":200,"ms":778.75,"peak":3026168,"peak_real":4194304}
{"t":1789990461.546,"step":"warmup","method":"GET","uri":"/manager/","status":200,"ms":188.23,"peak":2921544,"peak_real":4194304}
{"t":1789990461.836,"step":"warmup","method":"GET","uri":"/manager/index.php?a=2","status":200,"ms":165.58,"peak":1717016,"peak_real":4194304}
{"t":1789990462.287,"step":"warmup","method":"GET","uri":"/manager/index.php?a=17","status":200,"ms":431.32,"peak":2693856,"peak_real":6291456}
{"t":1789990462.603,"step":"warmup","method":"GET","uri":"/manager/index.php?a=27&id=10104","status":200,"ms":252.61,"peak":1612448,"peak_real":2097152}
{"t":1789990462.675,"step":"warmup","method":"POST","uri":"/manager/media/style/default/ajax.php","status":200,"ms":252.4,"peak":1437000,"peak_real":2097152}
{"t":1789990462.857,"step":"warmup","method":"POST","uri":"/manager/media/style/default/ajax.php","status":200,"ms":61.99,"peak":1111576,"peak_real":2097152}
{"t":1789990463.374,"step":"warmup","method":"POST","uri":"/manager/index.php","status":302,"ms":278.54,"peak":1818144,"peak_real":8388608}
{"t":1789990463.543,"step":"warmup","method":"GET","uri":"/manager/index.php?a=27&id=10104&r=1&stay=2&dir=DESC&sort=createdon&page=0","status":200,"ms":158.21,"peak":1308480,"peak_real":6291456}
{"t":1789990463.862,"step":"warmup","method":"GET","uri":"/manager/index.php?a=4&pid=10103","status":200,"ms":177.87,"peak":1330512,"peak_real":2097152}
{"t":1789990463.959,"step":"warmup","method":"POST","uri":"/manager/media/style/default/ajax.php","status":200,"ms":256,"peak":1104680,"peak_real":2097152}
{"t":1789990464.057,"step":"warmup","method":"POST","uri":"/manager/?a=67&type=7&id=10104&_token=sd2ueW6f1z8mxheO34pgID6r6Rrz3BrpOpq2EIr7&o=0.9945789648919464","status":200,"ms":190.54,"peak":1107120,"peak_real":4194304}
{"t":1789990464.168,"step":"warmup","method":"GET","uri":"/manager/index.php?a=8","status":302,"ms":188.94,"peak":1108760,"peak_real":2097152}
{"t":1789990464.207,"step":"warmup","method":"GET","uri":"/manager/","status":200,"ms":28.68,"peak":1055432,"peak_real":2097152}
{"t":1789990464.234,"step":null,"method":"POST","uri":"/manager/?a=67&type=7&id=0&_token=sd2ueW6f1z8mxheO34pgID6r6Rrz3BrpOpq2EIr7&o=0.9694535641771624","status":404,"ms":0.61,"peak":385184,"peak_real":4194304}
{"t":1789990464.464,"step":"login:round 1","method":"GET","uri":"/manager/","status":200,"ms":38.88,"peak":1069056,"peak_real":2097152}
{"t":1789990464.464,"step":"warmup","method":"POST","uri":"/manager/media/style/default/ajax.php","status":200,"ms":477.97,"peak":1104680,"peak_real":2097152}
{"t":1789990464.669,"step":"warmup","method":"POST","uri":"/manager/media/style/default/ajax.php","status":200,"ms":656.44,"peak":1104680,"peak_real":2097152}
{"t":1789990466.027,"step":"login:round 1","method":"POST","uri":"/manager/?a=0","status":200,"ms":486.12,"peak":1174672,"peak_real":2097152}
{"t":1789990466.09,"step":"login:round 1","method":"GET","uri":"/manager/","status":200,"ms":48.08,"peak":1673808,"peak_real":4194304}
{"t":1789990466.291,"step":"login:round 1","method":"GET","uri":"/manager/index.php?a=2","status":200,"ms":149.35,"peak":1334728,"peak_real":2097152}
{"t":1789990466.756,"step":"login:round 1","method":"GET","uri":"/manager/index.php?a=17","status":200,"ms":440.98,"peak":2782512,"peak_real":4194304}
{"t":1789990466.981,"step":"open-edit:page 10104","method":"GET","uri":"/manager/index.php?a=27&id=10104","status":200,"ms":159.43,"peak":1378880,"peak_real":2097152}
{"t":1789990467.394,"step":"open-edit:page 10104","method":"POST","uri":"/manager/media/style/default/ajax.php","status":200,"ms":510.85,"peak":1100104,"peak_real":2097152}
{"t":1789990467.477,"step":"open-edit:page 10104","method":"POST","uri":"/manager/media/style/default/ajax.php","status":200,"ms":258.11,"peak":1100152,"peak_real":2097152}
{"t":1789990467.644,"step":"save-edit:page 10104","method":"POST","uri":"/manager/index.php","status":302,"ms":177.46,"peak":1417616,"peak_real":2097152}
{"t":1789990467.87,"step":"save-edit:page 10104","method":"GET","uri":"/manager/index.php?a=27&id=10104&r=1&stay=2&dir=DESC&sort=createdon&page=0","status":200,"ms":221.21,"peak":1280344,"peak_real":2097152}
{"t":1789990468.151,"step":"open-edit:page 10105","method":"GET","uri":"/manager/index.php?a=27&id=10105","status":200,"ms":156.03,"peak":1277960,"peak_real":2097152}
{"t":1789990468.203,"step":"open-edit:page 10105","method":"POST","uri":"/manager/media/style/default/ajax.php","status":200,"ms":172.9,"peak":1104224,"peak_real":2097152}
{"t":1789990468.309,"step":"open-edit:page 10105","method":"POST","uri":"/manager/?a=67&type=7&id=10104&_token=TtzJ2IzI7uipFl4FS8zNigrxaIYPawfX9MNXli9l&o=0.946100464969339","status":200,"ms":159.32,"peak":1100752,"peak_real":2097152}
{"t":1789990468.42,"step":"open-edit:page 10105","method":"POST","uri":"/manager/media/style/default/ajax.php","status":200,"ms":166.72,"peak":1104224,"peak_real":2097152}
{"t":1789990468.578,"step":"open-edit:page 10105","method":"POST","uri":"/manager/media/style/default/ajax.php","status":200,"ms":283.6,"peak":1104224,"peak_real":2097152}
{"t":1789990468.734,"step":"save-edit:page 10105","method":"POST","uri":"/manager/index.php","status":302,"ms":172.45,"peak":1326720,"peak_real":2097152}
{"t":1789990468.86,"step":"save-edit:page 10105","method":"GET","uri":"/manager/index.php?a=27&id=10105&r=1&stay=2&dir=DESC&sort=createdon&page=0","status":200,"ms":122.5,"peak":1280472,"peak_real":2097152}
{"t":1789990469.144,"step":"open-edit:page 10106","method":"GET","uri":"/manager/index.php?a=27&id=10106","status":200,"ms":115.71,"peak":1277960,"peak_real":2097152}
{"t":1789990469.223,"step":"open-edit:page 10106","method":"POST","uri":"/manager/media/style/default/ajax.php","status":200,"ms":173.53,"peak":1104224,"peak_real":2097152}
{"t":1789990469.354,"step":"open-edit:page 10106","method":"POST","uri":"/manager/?a=67&type=7&id=10105&_token=TtzJ2IzI7uipFl4FS8zNigrxaIYPawfX9MNXli9l&o=0.7327128697971299","status":200,"ms":203.45,"peak":1100752,"peak_real":2097152}
{"t":1789990469.446,"step":"open-edit:page 10106","method":"POST","uri":"/manager/media/style/default/ajax.php","status":200,"ms":188.4,"peak":1104224,"peak_real":2097152}
{"t":1789990469.505,"step":"open-edit:page 10106","method":"POST","uri":"/manager/media/style/default/ajax.php","status":200,"ms":207.42,"peak":1104224,"peak_real":2097152}
{"t":1789990469.732,"step":"save-edit:page 10106","method":"POST","uri":"/manager/index.php","status":302,"ms":169.33,"peak":1326720,"peak_real":2097152}
{"t":1789990469.829,"step":"save-edit:page 10106","method":"GET","uri":"/manager/index.php?a=27&id=10106&r=1&stay=2&dir=DESC&sort=createdon&page=0","status":200,"ms":94.93,"peak":1280312,"peak_real":2097152}
{"t":1789990470.05,"step":"open-edit:page 10107","method":"GET","uri":"/manager/index.php?a=27&id=10107","status":200,"ms":122.24,"peak":1277960,"peak_real":2097152}
{"t":1789990470.148,"step":"open-edit:page 10107","method":"POST","uri":"/manager/media/style/default/ajax.php","status":200,"ms":168.03,"peak":1104224,"peak_real":2097152}
{"t":1789990470.359,"step":"open-edit:page 10107","method":"POST","uri":"/manager/?a=67&type=7&id=10106&_token=TtzJ2IzI7uipFl4FS8zNigrxaIYPawfX9MNXli9l&o=0.09511030699603107","status":200,"ms":282.37,"peak":1100752,"peak_real":2097152}
{"t":1789990470.408,"step":"open-edit:page 10107","method":"POST","uri":"/manager/media/style/default/ajax.php","status":200,"ms":232.27,"peak":1104224,"peak_real":2097152}
{"t":1789990470.488,"step":"open-edit:page 10107","method":"POST","uri":"/manager/media/style/default/ajax.php","status":200,"ms":272.59,"peak":1104224,"peak_real":2097152}
{"t":1789990470.651,"step":"save-edit:page 10107","method":"POST","uri":"/manager/index.php","status":302,"ms":154.69,"peak":1326720,"peak_real":2097152}
{"t":1789990470.791,"step":"save-edit:page 10107","method":"GET","uri":"/manager/index.php?a=27&id=10107&r=1&stay=2&dir=DESC&sort=createdon&page=0","status":200,"ms":128.74,"peak":1280472,"peak_real":2097152}
{"t":1789990471.009,"step":"open-edit:page 10108","method":"GET","uri":"/manager/index.php?a=27&id=10108","status":200,"ms":125.62,"peak":1277960,"peak_real":2097152}
{"t":1789990471.12,"step":"open-edit:page 10108","method":"POST","uri":"/manager/media/style/default/ajax.php","status":200,"ms":192.23,"peak":1104224,"peak_real":2097152}
{"t":1789990471.227,"step":"open-edit:page 10108","method":"POST","uri":"/manager/?a=67&type=7&id=10107&_token=TtzJ2IzI7uipFl4FS8zNigrxaIYPawfX9MNXli9l&o=0.05999246423029181","status":200,"ms":192.35,"peak":1100752,"peak_real":2097152}
{"t":1789990471.269,"step":"open-edit:page 10108","method":"POST","uri":"/manager/media/style/default/ajax.php","status":200,"ms":129.26,"peak":1104224,"peak_real":2097152}
{"t":1789990471.342,"step":"open-edit:page 10108","method":"POST","uri":"/manager/media/style/default/ajax.php","status":200,"ms":163.55,"peak":1104224,"peak_real":2097152}
{"t":1789990471.552,"step":"save-edit:page 10108","method":"POST","uri":"/manager/index.php","status":302,"ms":124.35,"peak":1326720,"peak_real":2097152}
{"t":1789990471.684,"step":"save-edit:page 10108","method":"GET","uri":"/manager/index.php?a=27&id=10108&r=1&stay=2&dir=DESC&sort=createdon&page=0","status":200,"ms":119.07,"peak":1280472,"peak_real":2097152}
{"t":1789990471.971,"step":"open-create:page 1","method":"GET","uri":"/manager/index.php?a=4&pid=10103","status":200,"ms":177.75,"peak":1281384,"peak_real":2097152}
{"t":1789990472.172,"step":"open-create:page 1","method":"POST","uri":"/manager/media/style/default/ajax.php","status":200,"ms":348.26,"peak":1104224,"peak_real":2097152}
{"t":1789990472.284,"step":"open-create:page 1","method":"POST","uri":"/manager/?a=67&type=7&id=10108&_token=TtzJ2IzI7uipFl4FS8zNigrxaIYPawfX9MNXli9l&o=0.044180500972649805","status":200,"ms":312.75,"peak":1100752,"peak_real":2097152}
{"t":1789990472.327,"step":"open-create:page 1","method":"POST","uri":"/manager/media/style/default/ajax.php","status":200,"ms":209.33,"peak":1104160,"peak_real":2097152}
{"t":1789990472.375,"step":"save-create:page 1","method":"POST","uri":"/manager/media/style/default/ajax.php","status":200,"ms":257.3,"peak":1104160,"peak_real":2097152}
{"t":1789990472.647,"step":"save-create:page 1","method":"POST","uri":"/manager/index.php","status":302,"ms":312.43,"peak":1325416,"peak_real":2097152}
{"t":1789990472.775,"step":"save-create:page 1","method":"GET","uri":"/manager/index.php?a=27&id=10114&r=1&stay=2","status":200,"ms":125.71,"peak":1208496,"peak_real":2097152}
{"t":1789990473.042,"step":"open-create:page 2","method":"POST","uri":"/manager/media/style/default/ajax.php","status":200,"ms":88.07,"peak":1104176,"peak_real":2097152}
{"t":1789990473.131,"step":"open-create:page 2","method":"GET","uri":"/manager/index.php?a=4&pid=10103","status":200,"ms":173.58,"peak":1281192,"peak_real":2097152}
{"t":1789990473.235,"step":"open-create:page 2","method":"POST","uri":"/manager/?a=67&type=7&id=10114&_token=TtzJ2IzI7uipFl4FS8zNigrxaIYPawfX9MNXli9l&o=0.0754491121858254","status":200,"ms":97.05,"peak":1100560,"peak_real":2097152}
{"t":1789990473.285,"step":"open-create:page 2","method":"POST","uri":"/manager/media/style/default/ajax.php","status":200,"ms":44.89,"peak":1104160,"peak_real":2097152}
{"t":1789990473.377,"step":"open-create:page 2","method":"POST","uri":"/manager/media/style/default/ajax.php","status":200,"ms":108.96,"peak":1104160,"peak_real":2097152}
{"t":1789990473.792,"step":"save-create:page 2","method":"POST","uri":"/manager/index.php","status":302,"ms":283.79,"peak":1297376,"peak_real":2097152}
{"t":1789990473.91,"step":"save-create:page 2","method":"GET","uri":"/manager/index.php?a=27&id=10115&r=1&stay=2","status":200,"ms":112.23,"peak":1208496,"peak_real":2097152}
{"t":1789990474.154,"step":"open-create:page 3","method":"GET","uri":"/manager/index.php?a=4&pid=10103","status":200,"ms":140.6,"peak":1281192,"peak_real":2097152}
{"t":1789990474.219,"step":"open-create:page 3","method":"POST","uri":"/manager/media/style/default/ajax.php","status":200,"ms":181.44,"peak":1104176,"peak_real":2097152}
{"t":1789990474.348,"step":"open-create:page 3","method":"POST","uri":"/manager/?a=67&type=7&id=10115&_token=TtzJ2IzI7uipFl4FS8zNigrxaIYPawfX9MNXli9l&o=0.26365991358317575","status":200,"ms":161.86,"peak":1100576,"peak_real":2097152}
{"t":1789990474.436,"step":"open-create:page 3","method":"POST","uri":"/manager/media/style/default/ajax.php","status":200,"ms":166.08,"peak":1104176,"peak_real":2097152}
{"t":1789990474.505,"step":"open-create:page 3","method":"POST","uri":"/manager/media/style/default/ajax.php","status":200,"ms":184.7,"peak":1104176,"peak_real":2097152}
{"t":1789990474.852,"step":"save-create:page 3","method":"POST","uri":"/manager/index.php","status":302,"ms":271.28,"peak":1297408,"peak_real":2097152}
{"t":1789990474.966,"step":"save-create:page 3","method":"GET","uri":"/manager/index.php?a=27&id=10116&r=1&stay=2","status":200,"ms":111.36,"peak":1208528,"peak_real":2097152}
{"t":1789990475.234,"step":"open-create:page 4","method":"GET","uri":"/manager/index.php?a=4&pid=10103","status":200,"ms":111.05,"peak":1281192,"peak_real":2097152}
{"t":1789990475.346,"step":"open-create:page 4","method":"POST","uri":"/manager/media/style/default/ajax.php","status":200,"ms":194.23,"peak":1104176,"peak_real":2097152}
{"t":1789990475.466,"step":"open-create:page 4","method":"POST","uri":"/manager/?a=67&type=7&id=10116&_token=TtzJ2IzI7uipFl4FS8zNigrxaIYPawfX9MNXli9l&o=0.4950531884999957","status":200,"ms":213.22,"peak":1100576,"peak_real":2097152}
{"t":1789990475.521,"step":"open-create:page 4","method":"POST","uri":"/manager/media/style/default/ajax.php","status":200,"ms":165.69,"peak":1104176,"peak_real":2097152}
{"t":1789990475.646,"step":"open-create:page 4","method":"POST","uri":"/manager/media/style/default/ajax.php","status":200,"ms":231.47,"peak":1104176,"peak_real":2097152}
{"t":1789990476.036,"step":"save-create:page 4","method":"POST","uri":"/manager/index.php","status":302,"ms":324.48,"peak":1297568,"peak_real":2097152}
{"t":1789990476.165,"step":"save-create:page 4","method":"GET","uri":"/manager/index.php?a=27&id=10117&r=1&stay=2","status":200,"ms":124.2,"peak":1208528,"peak_real":2097152}
{"t":1789990476.422,"step":"open-create:page 5","method":"GET","uri":"/manager/index.php?a=4&pid=10103","status":200,"ms":121.24,"peak":1281192,"peak_real":2097152}
{"t":1789990476.491,"step":"open-create:page 5","method":"POST","uri":"/manager/media/style/default/ajax.php","status":200,"ms":163.23,"peak":1104176,"peak_real":2097152}
{"t":1789990476.617,"step":"open-create:page 5","method":"POST","uri":"/manager/?a=67&type=7&id=10117&_token=TtzJ2IzI7uipFl4FS8zNigrxaIYPawfX9MNXli9l&o=0.7276456353152967","status":200,"ms":146.62,"peak":1100592,"peak_real":2097152}
{"t":1789990476.765,"step":"open-create:page 5","method":"POST","uri":"/manager/media/style/default/ajax.php","status":200,"ms":218.66,"peak":1104176,"peak_real":2097152}
{"t":1789990476.829,"step":"open-create:page 5","method":"POST","uri":"/manager/media/style/default/ajax.php","status":200,"ms":228.48,"peak":1104176,"peak_real":2097152}
{"t":1789990477.228,"step":"save-create:page 5","method":"POST","uri":"/manager/index.php","status":302,"ms":244.4,"peak":1297408,"peak_real":2097152}
{"t":1789990477.348,"step":"save-create:page 5","method":"GET","uri":"/manager/index.php?a=27&id=10118&r=1&stay=2","status":200,"ms":114.72,"peak":1208560,"peak_real":2097152}
{"t":1789990477.554,"step":"logout:round 1","method":"GET","uri":"/manager/?a=67&type=7&id=10118","status":200,"ms":99.69,"peak":1099024,"peak_real":2097152}
{"t":1789990477.669,"step":"logout:round 1","method":"GET","uri":"/manager/index.php?a=8","status":302,"ms":209.08,"peak":1075528,"peak_real":2097152}
{"t":1789990477.709,"step":"logout:round 1","method":"GET","uri":"/manager/","status":200,"ms":36.72,"peak":1136272,"peak_real":2097152}
{"t":1789990477.714,"step":null,"method":"POST","uri":"/manager/?a=67&type=7&id=10118&_token=TtzJ2IzI7uipFl4FS8zNigrxaIYPawfX9MNXli9l&o=0.5731089490571812","status":404,"ms":0.69,"peak":385264,"peak_real":2097152}
{"t":1789990477.907,"step":"logout:round 1","method":"POST","uri":"/manager/media/style/default/ajax.php","status":200,"ms":414.8,"peak":1104160,"peak_real":2097152}
