{"t":1789864788.43,"step":"warmup","method":"GET","uri":"/manager/","status":200,"ms":265.37,"peak":11585088,"peak_real":16777216}
{"t":1789864789.79,"step":"warmup","method":"POST","uri":"/manager/?a=0","status":200,"ms":383.85,"peak":3032368,"peak_real":4194304}
{"t":1789864789.876,"step":"warmup","method":"GET","uri":"/manager/","status":200,"ms":80.34,"peak":2938624,"peak_real":4194304}
{"t":1789864789.984,"step":"warmup","method":"GET","uri":"/manager/index.php?a=2","status":200,"ms":69.78,"peak":1726064,"peak_real":4194304}
{"t":1789864790.15,"step":"warmup","method":"GET","uri":"/manager/index.php?a=17","status":200,"ms":159.86,"peak":2718928,"peak_real":6291456}
{"t":1789864790.408,"step":"warmup","method":"GET","uri":"/manager/index.php?a=27&id=10104","status":200,"ms":144.56,"peak":1731296,"peak_real":4194304}
{"t":1789864790.453,"step":"warmup","method":"POST","uri":"/manager/media/style/default/ajax.php","status":200,"ms":124.74,"peak":1326120,"peak_real":2097152}
{"t":1789864790.581,"step":"warmup","method":"POST","uri":"/manager/media/style/default/ajax.php","status":200,"ms":38.12,"peak":1106272,"peak_real":2097152}
{"t":1789864790.901,"step":"warmup","method":"POST","uri":"/manager/index.php","status":302,"ms":133.27,"peak":2303472,"peak_real":8388608}
{"t":1789864791.272,"step":"warmup","method":"GET","uri":"/manager/index.php?a=27&id=10104&r=1&stay=2&dir=DESC&sort=createdon&page=0","status":200,"ms":369.04,"peak":12004696,"peak_real":16777216}
{"t":1789864791.467,"step":"warmup","method":"GET","uri":"/manager/index.php?a=4&pid=10103","status":200,"ms":111.3,"peak":1411760,"peak_real":2097152}
{"t":1789864791.524,"step":"warmup","method":"POST","uri":"/manager/media/style/default/ajax.php","status":200,"ms":128.14,"peak":1363184,"peak_real":2097152}
{"t":1789864791.593,"step":"warmup","method":"POST","uri":"/manager/?a=67&type=7&id=10104&_token=M5LHmjDH7OBnABXGCxakniXsNKoRSJKSUcKHeclB&o=0.423531255276377","status":200,"ms":119.03,"peak":1115872,"peak_real":4194304}
{"t":1789864791.689,"step":"warmup","method":"GET","uri":"/manager/index.php?a=8","status":302,"ms":166.89,"peak":2364328,"peak_real":4194304}
{"t":1789864791.728,"step":"warmup","method":"GET","uri":"/manager/","status":200,"ms":36.13,"peak":1248488,"peak_real":6291456}
{"t":1789864791.737,"step":null,"method":"POST","uri":"/manager/?a=67&type=7&id=0&_token=M5LHmjDH7OBnABXGCxakniXsNKoRSJKSUcKHeclB&o=0.8727174841065916","status":404,"ms":1.54,"peak":385184,"peak_real":8388608}
{"t":1789864791.797,"step":"login:round 1","method":"GET","uri":"/manager/","status":200,"ms":14.69,"peak":1167040,"peak_real":2097152}
{"t":1789864791.847,"step":"warmup","method":"POST","uri":"/manager/media/style/default/ajax.php","status":200,"ms":274.07,"peak":1197136,"peak_real":2097152}
{"t":1789864792.018,"step":"warmup","method":"POST","uri":"/manager/media/style/default/ajax.php","status":200,"ms":426.72,"peak":1115624,"peak_real":2097152}
{"t":1789864793.13,"step":"login:round 1","method":"POST","uri":"/manager/?a=0","status":200,"ms":344.56,"peak":1434240,"peak_real":2097152}
{"t":1789864793.194,"step":"login:round 1","method":"GET","uri":"/manager/","status":200,"ms":57.47,"peak":2605912,"peak_real":4194304}
{"t":1789864793.273,"step":"login:round 1","method":"GET","uri":"/manager/index.php?a=2","status":200,"ms":62.13,"peak":1712024,"peak_real":4194304}
{"t":1789864793.409,"step":"login:round 1","method":"GET","uri":"/manager/index.php?a=17","status":200,"ms":129.69,"peak":2714896,"peak_real":6291456}
{"t":1789864793.573,"step":"login:round 1","method":"POST","uri":"/manager/media/style/default/ajax.php","status":200,"ms":31.99,"peak":1118552,"peak_real":4194304}
{"t":1789864793.727,"step":"open-edit:page 10104","method":"GET","uri":"/manager/index.php?a=27&id=10104","status":200,"ms":98.24,"peak":1479256,"peak_real":2097152}
{"t":1789864793.878,"step":"save-edit:page 10104","method":"POST","uri":"/manager/media/style/default/ajax.php","status":200,"ms":29.35,"peak":1106304,"peak_real":2097152}
{"t":1789864794.228,"step":"save-edit:page 10104","method":"POST","uri":"/manager/index.php","status":302,"ms":128.13,"peak":2277496,"peak_real":4194304}
{"t":1789864794.624,"step":"save-edit:page 10104","method":"GET","uri":"/manager/index.php?a=27&id=10104&r=1&stay=2&dir=DESC&sort=createdon&page=0","status":200,"ms":393.97,"peak":12004952,"peak_real":16777216}
{"t":1789864794.825,"step":"open-edit:page 10105","method":"GET","uri":"/manager/index.php?a=27&id=10105","status":200,"ms":136.65,"peak":1687216,"peak_real":2097152}
{"t":1789864794.878,"step":"open-edit:page 10105","method":"POST","uri":"/manager/media/style/default/ajax.php","status":200,"ms":129.22,"peak":1358072,"peak_real":2097152}
{"t":1789864794.969,"step":"open-edit:page 10105","method":"POST","uri":"/manager/?a=67&type=7&id=10104&_token=3Au8yUQ00dfQbyjxOFZ8P66XrrO357cPFRmjhvH1&o=0.08911730463686862","status":200,"ms":139.81,"peak":1387752,"peak_real":4194304}
{"t":1789864795.001,"step":"open-edit:page 10105","method":"POST","uri":"/manager/media/style/default/ajax.php","status":200,"ms":70.62,"peak":1513744,"peak_real":4194304}
{"t":1789864795.036,"step":"open-edit:page 10105","method":"POST","uri":"/manager/media/style/default/ajax.php","status":200,"ms":84.6,"peak":1215232,"peak_real":2097152}
{"t":1789864795.383,"step":"save-edit:page 10105","method":"POST","uri":"/manager/index.php","status":302,"ms":149.75,"peak":2688000,"peak_real":4194304}
{"t":1789864795.767,"step":"save-edit:page 10105","method":"GET","uri":"/manager/index.php?a=27&id=10105&r=1&stay=2&dir=DESC&sort=createdon&page=0","status":200,"ms":382.63,"peak":12005080,"peak_real":16777216}
{"t":1789864795.955,"step":"open-edit:page 10106","method":"GET","uri":"/manager/index.php?a=27&id=10106","status":200,"ms":132.22,"peak":1686448,"peak_real":8388608}
{"t":1789864796.018,"step":"open-edit:page 10106","method":"POST","uri":"/manager/media/style/default/ajax.php","status":200,"ms":130,"peak":1401656,"peak_real":2097152}
{"t":1789864796.095,"step":"open-edit:page 10106","method":"POST","uri":"/manager/?a=67&type=7&id=10105&_token=3Au8yUQ00dfQbyjxOFZ8P66XrrO357cPFRmjhvH1&o=0.8419226828557174","status":200,"ms":134.91,"peak":1228664,"peak_real":2097152}
{"t":1789864796.128,"step":"open-edit:page 10106","method":"POST","uri":"/manager/media/style/default/ajax.php","status":200,"ms":66.53,"peak":1210336,"peak_real":2097152}
{"t":1789864796.168,"step":"save-edit:page 10106","method":"POST","uri":"/manager/media/style/default/ajax.php","status":200,"ms":83.75,"peak":1170576,"peak_real":2097152}
{"t":1789864796.508,"step":"save-edit:page 10106","method":"POST","uri":"/manager/index.php","status":302,"ms":142.08,"peak":2559320,"peak_real":4194304}
{"t":1789864796.911,"step":"save-edit:page 10106","method":"GET","uri":"/manager/index.php?a=27&id=10106&r=1&stay=2&dir=DESC&sort=createdon&page=0","status":200,"ms":401.52,"peak":12005080,"peak_real":16777216}
{"t":1789864797.12,"step":"open-edit:page 10107","method":"GET","uri":"/manager/index.php?a=27&id=10107","status":200,"ms":152.93,"peak":1686192,"peak_real":8388608}
{"t":1789864797.173,"step":"open-edit:page 10107","method":"POST","uri":"/manager/media/style/default/ajax.php","status":200,"ms":142.59,"peak":1383224,"peak_real":4194304}
{"t":1789864797.269,"step":"open-edit:page 10107","method":"POST","uri":"/manager/?a=67&type=7&id=10106&_token=3Au8yUQ00dfQbyjxOFZ8P66XrrO357cPFRmjhvH1&o=0.1604148056933592","status":200,"ms":141.52,"peak":1118080,"peak_real":2097152}
{"t":1789864797.314,"step":"save-edit:page 10107","method":"POST","uri":"/manager/media/style/default/ajax.php","status":200,"ms":80.92,"peak":1198432,"peak_real":2097152}
{"t":1789864797.347,"step":"save-edit:page 10107","method":"POST","uri":"/manager/media/style/default/ajax.php","status":200,"ms":99.8,"peak":1129720,"peak_real":2097152}
{"t":1789864797.691,"step":"save-edit:page 10107","method":"POST","uri":"/manager/index.php","status":302,"ms":141.83,"peak":2520664,"peak_real":4194304}
{"t":1789864798.088,"step":"save-edit:page 10107","method":"GET","uri":"/manager/index.php?a=27&id=10107&r=1&stay=2&dir=DESC&sort=createdon&page=0","status":200,"ms":394.83,"peak":12005080,"peak_real":16777216}
{"t":1789864798.28,"step":"open-edit:page 10108","method":"GET","uri":"/manager/index.php?a=27&id=10108","status":200,"ms":131.46,"peak":1687216,"peak_real":8388608}
{"t":1789864798.329,"step":"open-edit:page 10108","method":"POST","uri":"/manager/media/style/default/ajax.php","status":200,"ms":118.93,"peak":1401656,"peak_real":4194304}
{"t":1789864798.41,"step":"open-edit:page 10108","method":"POST","uri":"/manager/?a=67&type=7&id=10107&_token=3Au8yUQ00dfQbyjxOFZ8P66XrrO357cPFRmjhvH1&o=0.49071816423489045","status":200,"ms":118.36,"peak":1186856,"peak_real":2097152}
{"t":1789864798.452,"step":"save-edit:page 10108","method":"POST","uri":"/manager/media/style/default/ajax.php","status":200,"ms":64.96,"peak":1177472,"peak_real":2097152}
{"t":1789864798.484,"step":"save-edit:page 10108","method":"POST","uri":"/manager/media/style/default/ajax.php","status":200,"ms":76.24,"peak":1215232,"peak_real":2097152}
{"t":1789864798.819,"step":"save-edit:page 10108","method":"POST","uri":"/manager/index.php","status":302,"ms":152.93,"peak":2445520,"peak_real":4194304}
{"t":1789864799.241,"step":"save-edit:page 10108","method":"GET","uri":"/manager/index.php?a=27&id=10108&r=1&stay=2&dir=DESC&sort=createdon&page=0","status":200,"ms":420.03,"peak":12004920,"peak_real":16777216}
{"t":1789864799.413,"step":"open-create:page 1","method":"GET","uri":"/manager/index.php?a=4&pid=10103","status":200,"ms":110.02,"peak":1494072,"peak_real":8388608}
{"t":1789864799.471,"step":"open-create:page 1","method":"POST","uri":"/manager/media/style/default/ajax.php","status":200,"ms":105.76,"peak":1307536,"peak_real":4194304}
{"t":1789864799.545,"step":"open-create:page 1","method":"POST","uri":"/manager/?a=67&type=7&id=10108&_token=3Au8yUQ00dfQbyjxOFZ8P66XrrO357cPFRmjhvH1&o=0.14212255040561694","status":200,"ms":124.11,"peak":1115904,"peak_real":4194304}
{"t":1789864799.579,"step":"save-create:page 1","method":"POST","uri":"/manager/media/style/default/ajax.php","status":200,"ms":59.24,"peak":1149968,"peak_real":2097152}
{"t":1789864799.611,"step":"save-create:page 1","method":"POST","uri":"/manager/media/style/default/ajax.php","status":200,"ms":69.23,"peak":1147632,"peak_real":2097152}
{"t":1789864800.018,"step":"save-create:page 1","method":"POST","uri":"/manager/index.php","status":302,"ms":235.17,"peak":2490888,"peak_real":4194304}
{"t":1789864800.409,"step":"save-create:page 1","method":"GET","uri":"/manager/index.php?a=27&id=10114&r=1&stay=2","status":200,"ms":388.97,"peak":11992064,"peak_real":16777216}
{"t":1789864800.571,"step":"open-create:page 2","method":"GET","uri":"/manager/index.php?a=4&pid=10103","status":200,"ms":109.24,"peak":1531520,"peak_real":8388608}
{"t":1789864800.616,"step":"open-create:page 2","method":"POST","uri":"/manager/media/style/default/ajax.php","status":200,"ms":85.63,"peak":1307520,"peak_real":4194304}
{"t":1789864800.695,"step":"open-create:page 2","method":"POST","uri":"/manager/?a=67&type=7&id=10114&_token=3Au8yUQ00dfQbyjxOFZ8P66XrrO357cPFRmjhvH1&o=0.6250207950588046","status":200,"ms":118.71,"peak":1398864,"peak_real":4194304}
{"t":1789864800.731,"step":"save-create:page 2","method":"POST","uri":"/manager/media/style/default/ajax.php","status":200,"ms":54.59,"peak":1133872,"peak_real":2097152}
{"t":1789864800.762,"step":"save-create:page 2","method":"POST","uri":"/manager/media/style/default/ajax.php","status":200,"ms":63.29,"peak":1208552,"peak_real":2097152}
{"t":1789864801.181,"step":"save-create:page 2","method":"POST","uri":"/manager/index.php","status":302,"ms":231.99,"peak":2390200,"peak_real":4194304}
{"t":1789864801.574,"step":"save-create:page 2","method":"GET","uri":"/manager/index.php?a=27&id=10115&r=1&stay=2","status":200,"ms":390.59,"peak":11991968,"peak_real":16777216}
{"t":1789864801.735,"step":"open-create:page 3","method":"GET","uri":"/manager/index.php?a=4&pid=10103","status":200,"ms":105.16,"peak":1484008,"peak_real":8388608}
{"t":1789864801.78,"step":"open-create:page 3","method":"POST","uri":"/manager/media/style/default/ajax.php","status":200,"ms":84.48,"peak":1298424,"peak_real":6291456}
{"t":1789864801.851,"step":"open-create:page 3","method":"POST","uri":"/manager/?a=67&type=7&id=10115&_token=3Au8yUQ00dfQbyjxOFZ8P66XrrO357cPFRmjhvH1&o=0.7947738045917229","status":200,"ms":111.34,"peak":1291824,"peak_real":4194304}
{"t":1789864801.889,"step":"save-create:page 3","method":"POST","uri":"/manager/media/style/default/ajax.php","status":200,"ms":49.15,"peak":1223728,"peak_real":2097152}
{"t":1789864801.922,"step":"save-create:page 3","method":"POST","uri":"/manager/media/style/default/ajax.php","status":200,"ms":60.75,"peak":1112664,"peak_real":2097152}
{"t":1789864802.328,"step":"save-create:page 3","method":"POST","uri":"/manager/index.php","status":302,"ms":228.77,"peak":2644376,"peak_real":4194304}
{"t":1789864802.761,"step":"save-create:page 3","method":"GET","uri":"/manager/index.php?a=27&id=10116&r=1&stay=2","status":200,"ms":430.77,"peak":11991968,"peak_real":16777216}
{"t":1789864802.919,"step":"open-create:page 4","method":"GET","uri":"/manager/index.php?a=4&pid=10103","status":200,"ms":107.77,"peak":1484008,"peak_real":8388608}
{"t":1789864802.978,"step":"open-create:page 4","method":"POST","uri":"/manager/media/style/default/ajax.php","status":200,"ms":96.05,"peak":1312552,"peak_real":4194304}
{"t":1789864803.062,"step":"open-create:page 4","method":"POST","uri":"/manager/?a=67&type=7&id=10116&_token=3Au8yUQ00dfQbyjxOFZ8P66XrrO357cPFRmjhvH1&o=0.5398059634139275","status":200,"ms":137.97,"peak":1174064,"peak_real":4194304}
{"t":1789864803.108,"step":"save-create:page 4","method":"POST","uri":"/manager/media/style/default/ajax.php","status":200,"ms":83.22,"peak":1112664,"peak_real":2097152}
{"t":1789864803.138,"step":"save-create:page 4","method":"POST","uri":"/manager/media/style/default/ajax.php","status":200,"ms":86.96,"peak":1364776,"peak_real":2097152}
{"t":1789864803.509,"step":"save-create:page 4","method":"POST","uri":"/manager/index.php","status":302,"ms":226.34,"peak":2435560,"peak_real":4194304}
{"t":1789864803.891,"step":"save-create:page 4","method":"GET","uri":"/manager/index.php?a=27&id=10117&r=1&stay=2","status":200,"ms":380.09,"peak":11991968,"peak_real":16777216}
{"t":1789864804.051,"step":"open-create:page 5","method":"GET","uri":"/manager/index.php?a=4&pid=10103","status":200,"ms":113.63,"peak":1484008,"peak_real":8388608}
{"t":1789864804.102,"step":"open-create:page 5","method":"POST","uri":"/manager/media/style/default/ajax.php","status":200,"ms":91.69,"peak":1307520,"peak_real":4194304}
{"t":1789864804.187,"step":"open-create:page 5","method":"POST","uri":"/manager/?a=67&type=7&id=10117&_token=3Au8yUQ00dfQbyjxOFZ8P66XrrO357cPFRmjhvH1&o=0.9969343434478987","status":200,"ms":125.1,"peak":1174064,"peak_real":4194304}
{"t":1789864804.225,"step":"save-create:page 5","method":"POST","uri":"/manager/media/style/default/ajax.php","status":200,"ms":66.95,"peak":1170528,"peak_real":2097152}
{"t":1789864804.257,"step":"save-create:page 5","method":"POST","uri":"/manager/media/style/default/ajax.php","status":200,"ms":75.06,"peak":1153840,"peak_real":2097152}
{"t":1789864804.67,"step":"save-create:page 5","method":"POST","uri":"/manager/index.php","status":302,"ms":237.9,"peak":2525072,"peak_real":4194304}
{"t":1789864805.041,"step":"save-create:page 5","method":"GET","uri":"/manager/index.php?a=27&id=10118&r=1&stay=2","status":200,"ms":368.39,"peak":11991968,"peak_real":16777216}
{"t":1789864805.178,"step":"logout:round 1","method":"GET","uri":"/manager/?a=67&type=7&id=10118","status":200,"ms":86.32,"peak":1352072,"peak_real":8388608}
{"t":1789864805.289,"step":"logout:round 1","method":"GET","uri":"/manager/index.php?a=8","status":302,"ms":197.05,"peak":2363944,"peak_real":4194304}
{"t":1789864805.315,"step":"logout:round 1","method":"GET","uri":"/manager/","status":200,"ms":24.43,"peak":1284560,"peak_real":2097152}
{"t":1789864805.322,"step":null,"method":"POST","uri":"/manager/?a=67&type=7&id=10118&_token=3Au8yUQ00dfQbyjxOFZ8P66XrrO357cPFRmjhvH1&o=0.9550832965330667","status":404,"ms":1.14,"peak":385264,"peak_real":2097152}
{"t":1789864805.447,"step":"logout:round 1","method":"POST","uri":"/manager/media/style/default/ajax.php","status":200,"ms":288.15,"peak":1338216,"peak_real":4194304}
