{"t":1789910422.545,"step":"warmup","method":"GET","uri":"/manager/","status":200,"ms":291.9,"peak":11576088,"peak_real":16777216}
{"t":1789910423.866,"step":"warmup","method":"POST","uri":"/manager/?a=0","status":200,"ms":281.93,"peak":3017976,"peak_real":4194304}
{"t":1789910424.375,"step":"warmup","method":"GET","uri":"/manager/","status":200,"ms":499.23,"peak":2930760,"peak_real":4194304}
{"t":1789910424.522,"step":"warmup","method":"GET","uri":"/manager/index.php?a=2","status":200,"ms":92.52,"peak":1702456,"peak_real":4194304}
{"t":1789910424.694,"step":"warmup","method":"GET","uri":"/manager/index.php?a=17","status":200,"ms":163.77,"peak":2691120,"peak_real":6291456}
{"t":1789910424.928,"step":"warmup","method":"GET","uri":"/manager/index.php?a=27&id=10104","status":200,"ms":127.61,"peak":1659328,"peak_real":2097152}
{"t":1789910424.97,"step":"warmup","method":"POST","uri":"/manager/media/style/default/ajax.php","status":200,"ms":89.42,"peak":1244168,"peak_real":2097152}
{"t":1789910425.103,"step":"warmup","method":"POST","uri":"/manager/media/style/default/ajax.php","status":200,"ms":39.37,"peak":1129648,"peak_real":2097152}
{"t":1789910425.59,"step":"warmup","method":"POST","uri":"/manager/index.php","status":302,"ms":141.61,"peak":2338728,"peak_real":8388608}
{"t":1789910425.974,"step":"warmup","method":"GET","uri":"/manager/index.php?a=27&id=10104&r=1&stay=2&dir=DESC&sort=createdon&page=0","status":200,"ms":381.35,"peak":11997896,"peak_real":16777216}
{"t":1789910426.128,"step":"warmup","method":"GET","uri":"/manager/index.php?a=4&pid=10103","status":200,"ms":106.76,"peak":1525720,"peak_real":2097152}
{"t":1789910426.195,"step":"warmup","method":"POST","uri":"/manager/media/style/default/ajax.php","status":200,"ms":101.37,"peak":1355064,"peak_real":2097152}
{"t":1789910426.276,"step":"warmup","method":"POST","uri":"/manager/?a=67&type=7&id=10104&_token=eXAIQOCx2nrlzEbZ4mVJHTVY1BGBeb0xS4lpQgor&o=0.4979824379615442","status":200,"ms":140.18,"peak":1452440,"peak_real":4194304}
{"t":1789910426.383,"step":"warmup","method":"GET","uri":"/manager/index.php?a=8","status":302,"ms":194.91,"peak":2357856,"peak_real":4194304}
{"t":1789910426.402,"step":"warmup","method":"GET","uri":"/manager/","status":200,"ms":15.68,"peak":1266776,"peak_real":6291456}
{"t":1789910426.406,"step":null,"method":"POST","uri":"/manager/?a=67&type=7&id=0&_token=eXAIQOCx2nrlzEbZ4mVJHTVY1BGBeb0xS4lpQgor&o=0.5443113811152106","status":404,"ms":0.58,"peak":385184,"peak_real":8388608}
{"t":1789910426.476,"step":"login:round 1","method":"GET","uri":"/manager/","status":200,"ms":15.86,"peak":1223880,"peak_real":2097152}
{"t":1789910426.547,"step":"warmup","method":"POST","uri":"/manager/media/style/default/ajax.php","status":200,"ms":313.24,"peak":1162072,"peak_real":2097152}
{"t":1789910426.699,"step":"warmup","method":"POST","uri":"/manager/media/style/default/ajax.php","status":200,"ms":443.18,"peak":1113240,"peak_real":2097152}
{"t":1789910427.788,"step":"login:round 1","method":"POST","uri":"/manager/?a=0","status":200,"ms":357.46,"peak":1563464,"peak_real":2097152}
{"t":1789910427.85,"step":"login:round 1","method":"GET","uri":"/manager/","status":200,"ms":57.14,"peak":2596864,"peak_real":4194304}
{"t":1789910427.931,"step":"login:round 1","method":"GET","uri":"/manager/index.php?a=2","status":200,"ms":65.64,"peak":1701064,"peak_real":4194304}
{"t":1789910428.072,"step":"login:round 1","method":"GET","uri":"/manager/index.php?a=17","status":200,"ms":134.47,"peak":2689576,"peak_real":6291456}
{"t":1789910428.237,"step":"login:round 1","method":"POST","uri":"/manager/media/style/default/ajax.php","status":200,"ms":31.34,"peak":1097544,"peak_real":4194304}
{"t":1789910428.377,"step":"open-edit:page 10104","method":"GET","uri":"/manager/index.php?a=27&id=10104","status":200,"ms":103.33,"peak":1318648,"peak_real":2097152}
{"t":1789910428.532,"step":"save-edit:page 10104","method":"POST","uri":"/manager/media/style/default/ajax.php","status":200,"ms":32.98,"peak":1097680,"peak_real":2097152}
{"t":1789910429.016,"step":"save-edit:page 10104","method":"POST","uri":"/manager/index.php","status":302,"ms":138.54,"peak":2273152,"peak_real":4194304}
{"t":1789910429.414,"step":"save-edit:page 10104","method":"GET","uri":"/manager/index.php?a=27&id=10104&r=1&stay=2&dir=DESC&sort=createdon&page=0","status":200,"ms":396.36,"peak":11997000,"peak_real":16777216}
{"t":1789910429.606,"step":"open-edit:page 10105","method":"GET","uri":"/manager/index.php?a=27&id=10105","status":200,"ms":130.73,"peak":1513208,"peak_real":2097152}
{"t":1789910429.659,"step":"open-edit:page 10105","method":"POST","uri":"/manager/media/style/default/ajax.php","status":200,"ms":120.15,"peak":1302632,"peak_real":2097152}
{"t":1789910429.738,"step":"open-edit:page 10105","method":"POST","uri":"/manager/?a=67&type=7&id=10104&_token=BVbFtTaS2ocOhunkV5opIcv3mxFf8YL49FSJpscN&o=0.32549409751211034","status":200,"ms":125.04,"peak":1138168,"peak_real":4194304}
{"t":1789910429.772,"step":"open-edit:page 10105","method":"POST","uri":"/manager/media/style/default/ajax.php","status":200,"ms":58.43,"peak":1374568,"peak_real":4194304}
{"t":1789910429.812,"step":"save-edit:page 10105","method":"POST","uri":"/manager/media/style/default/ajax.php","status":200,"ms":73.81,"peak":1125544,"peak_real":2097152}
{"t":1789910430.154,"step":"save-edit:page 10105","method":"POST","uri":"/manager/index.php","status":302,"ms":143.91,"peak":2404384,"peak_real":4194304}
{"t":1789910430.547,"step":"save-edit:page 10105","method":"GET","uri":"/manager/index.php?a=27&id=10105&r=1&stay=2&dir=DESC&sort=createdon&page=0","status":200,"ms":390.95,"peak":11997128,"peak_real":16777216}
{"t":1789910430.735,"step":"open-edit:page 10106","method":"GET","uri":"/manager/index.php?a=27&id=10106","status":200,"ms":130.91,"peak":1511792,"peak_real":8388608}
{"t":1789910430.786,"step":"open-edit:page 10106","method":"POST","uri":"/manager/media/style/default/ajax.php","status":200,"ms":112.52,"peak":1345768,"peak_real":2097152}
{"t":1789910430.862,"step":"open-edit:page 10106","method":"POST","uri":"/manager/?a=67&type=7&id=10105&_token=BVbFtTaS2ocOhunkV5opIcv3mxFf8YL49FSJpscN&o=0.7047164814965822","status":200,"ms":120.56,"peak":1207760,"peak_real":2097152}
{"t":1789910430.897,"step":"save-edit:page 10106","method":"POST","uri":"/manager/media/style/default/ajax.php","status":200,"ms":55.25,"peak":1484008,"peak_real":2097152}
{"t":1789910430.928,"step":"save-edit:page 10106","method":"POST","uri":"/manager/media/style/default/ajax.php","status":200,"ms":65.91,"peak":1131128,"peak_real":2097152}
{"t":1789910431.271,"step":"save-edit:page 10106","method":"POST","uri":"/manager/index.php","status":302,"ms":143.58,"peak":2492432,"peak_real":4194304}
{"t":1789910431.698,"step":"save-edit:page 10106","method":"GET","uri":"/manager/index.php?a=27&id=10106&r=1&stay=2&dir=DESC&sort=createdon&page=0","status":200,"ms":425.6,"peak":11997432,"peak_real":16777216}
{"t":1789910431.885,"step":"open-edit:page 10107","method":"GET","uri":"/manager/index.php?a=27&id=10107","status":200,"ms":134.26,"peak":1575768,"peak_real":8388608}
{"t":1789910431.938,"step":"open-edit:page 10107","method":"POST","uri":"/manager/media/style/default/ajax.php","status":200,"ms":119.47,"peak":1314128,"peak_real":4194304}
{"t":1789910432.023,"step":"open-edit:page 10107","method":"POST","uri":"/manager/?a=67&type=7&id=10106&_token=BVbFtTaS2ocOhunkV5opIcv3mxFf8YL49FSJpscN&o=0.07957608970621721","status":200,"ms":131.59,"peak":1152768,"peak_real":2097152}
{"t":1789910432.059,"step":"save-edit:page 10107","method":"POST","uri":"/manager/media/style/default/ajax.php","status":200,"ms":66.93,"peak":1136024,"peak_real":2097152}
{"t":1789910432.092,"step":"save-edit:page 10107","method":"POST","uri":"/manager/media/style/default/ajax.php","status":200,"ms":81.16,"peak":1105672,"peak_real":2097152}
{"t":1789910432.41,"step":"save-edit:page 10107","method":"POST","uri":"/manager/index.php","status":302,"ms":165.99,"peak":2388008,"peak_real":4194304}
{"t":1789910432.808,"step":"save-edit:page 10107","method":"GET","uri":"/manager/index.php?a=27&id=10107&r=1&stay=2&dir=DESC&sort=createdon&page=0","status":200,"ms":395.39,"peak":11997128,"peak_real":16777216}
{"t":1789910433.04,"step":"open-edit:page 10108","method":"GET","uri":"/manager/index.php?a=27&id=10108","status":200,"ms":145.07,"peak":1751880,"peak_real":8388608}
{"t":1789910433.096,"step":"open-edit:page 10108","method":"POST","uri":"/manager/media/style/default/ajax.php","status":200,"ms":167.65,"peak":1311328,"peak_real":4194304}
{"t":1789910433.173,"step":"open-edit:page 10108","method":"POST","uri":"/manager/?a=67&type=7&id=10107&_token=BVbFtTaS2ocOhunkV5opIcv3mxFf8YL49FSJpscN&o=0.13913200960038852","status":200,"ms":122.01,"peak":1207760,"peak_real":2097152}
{"t":1789910433.209,"step":"save-edit:page 10108","method":"POST","uri":"/manager/media/style/default/ajax.php","status":200,"ms":61.11,"peak":1502952,"peak_real":2097152}
{"t":1789910433.242,"step":"save-edit:page 10108","method":"POST","uri":"/manager/media/style/default/ajax.php","status":200,"ms":69.52,"peak":1105672,"peak_real":2097152}
{"t":1789910433.572,"step":"save-edit:page 10108","method":"POST","uri":"/manager/index.php","status":302,"ms":161.14,"peak":2413344,"peak_real":4194304}
{"t":1789910433.971,"step":"save-edit:page 10108","method":"GET","uri":"/manager/index.php?a=27&id=10108&r=1&stay=2&dir=DESC&sort=createdon&page=0","status":200,"ms":395.34,"peak":11997128,"peak_real":16777216}
{"t":1789910434.165,"step":"open-create:page 1","method":"GET","uri":"/manager/index.php?a=4&pid=10103","status":200,"ms":123.77,"peak":1524824,"peak_real":8388608}
{"t":1789910434.222,"step":"open-create:page 1","method":"POST","uri":"/manager/media/style/default/ajax.php","status":200,"ms":122.41,"peak":1439872,"peak_real":4194304}
{"t":1789910434.3,"step":"open-create:page 1","method":"POST","uri":"/manager/?a=67&type=7&id=10108&_token=BVbFtTaS2ocOhunkV5opIcv3mxFf8YL49FSJpscN&o=0.9051422991815927","status":200,"ms":127.44,"peak":1571296,"peak_real":4194304}
{"t":1789910434.333,"step":"save-create:page 1","method":"POST","uri":"/manager/media/style/default/ajax.php","status":200,"ms":61.45,"peak":1504488,"peak_real":2097152}
{"t":1789910434.368,"step":"save-create:page 1","method":"POST","uri":"/manager/media/style/default/ajax.php","status":200,"ms":77.23,"peak":1216336,"peak_real":2097152}
{"t":1789910434.78,"step":"save-create:page 1","method":"POST","uri":"/manager/index.php","status":302,"ms":252.59,"peak":2372408,"peak_real":4194304}
{"t":1789910435.186,"step":"save-create:page 1","method":"GET","uri":"/manager/index.php?a=27&id=10124&r=1&stay=2","status":200,"ms":404.19,"peak":11984112,"peak_real":16777216}
{"t":1789910435.357,"step":"open-create:page 2","method":"GET","uri":"/manager/index.php?a=4&pid=10103","status":200,"ms":107.95,"peak":1524728,"peak_real":8388608}
{"t":1789910435.412,"step":"open-create:page 2","method":"POST","uri":"/manager/media/style/default/ajax.php","status":200,"ms":108.04,"peak":1310528,"peak_real":4194304}
{"t":1789910435.485,"step":"open-create:page 2","method":"POST","uri":"/manager/?a=67&type=7&id=10124&_token=BVbFtTaS2ocOhunkV5opIcv3mxFf8YL49FSJpscN&o=0.8985777567042162","status":200,"ms":122.52,"peak":1402976,"peak_real":4194304}
{"t":1789910435.517,"step":"save-create:page 2","method":"POST","uri":"/manager/media/style/default/ajax.php","status":200,"ms":54.18,"peak":1245024,"peak_real":2097152}
{"t":1789910435.548,"step":"save-create:page 2","method":"POST","uri":"/manager/media/style/default/ajax.php","status":200,"ms":68.42,"peak":1200520,"peak_real":2097152}
{"t":1789910435.976,"step":"save-create:page 2","method":"POST","uri":"/manager/index.php","status":302,"ms":248.76,"peak":2420000,"peak_real":4194304}
{"t":1789910436.376,"step":"save-create:page 2","method":"GET","uri":"/manager/index.php?a=27&id=10125&r=1&stay=2","status":200,"ms":397.29,"peak":11984016,"peak_real":16777216}
{"t":1789910436.575,"step":"open-create:page 3","method":"GET","uri":"/manager/index.php?a=4&pid=10103","status":200,"ms":142.63,"peak":1583448,"peak_real":8388608}
{"t":1789910436.636,"step":"open-create:page 3","method":"POST","uri":"/manager/media/style/default/ajax.php","status":200,"ms":139.16,"peak":1327120,"peak_real":6291456}
{"t":1789910436.756,"step":"open-create:page 3","method":"POST","uri":"/manager/?a=67&type=7&id=10125&_token=BVbFtTaS2ocOhunkV5opIcv3mxFf8YL49FSJpscN&o=0.1394061476679147","status":200,"ms":171.88,"peak":1451632,"peak_real":4194304}
{"t":1789910436.79,"step":"save-create:page 3","method":"POST","uri":"/manager/media/style/default/ajax.php","status":200,"ms":105.82,"peak":1251096,"peak_real":2097152}
{"t":1789910436.82,"step":"save-create:page 3","method":"POST","uri":"/manager/media/style/default/ajax.php","status":200,"ms":103.55,"peak":1241896,"peak_real":2097152}
{"t":1789910437.226,"step":"save-create:page 3","method":"POST","uri":"/manager/index.php","status":302,"ms":265.05,"peak":2383880,"peak_real":4194304}
{"t":1789910437.618,"step":"save-create:page 3","method":"GET","uri":"/manager/index.php?a=27&id=10126&r=1&stay=2","status":200,"ms":390.23,"peak":11984016,"peak_real":16777216}
{"t":1789910437.773,"step":"open-create:page 4","method":"GET","uri":"/manager/index.php?a=4&pid=10103","status":200,"ms":105.83,"peak":1524728,"peak_real":8388608}
{"t":1789910437.825,"step":"open-create:page 4","method":"POST","uri":"/manager/media/style/default/ajax.php","status":200,"ms":87.85,"peak":1294368,"peak_real":4194304}
{"t":1789910437.905,"step":"open-create:page 4","method":"POST","uri":"/manager/?a=67&type=7&id=10126&_token=BVbFtTaS2ocOhunkV5opIcv3mxFf8YL49FSJpscN&o=0.4392512024271441","status":200,"ms":126.85,"peak":1363640,"peak_real":4194304}
{"t":1789910437.94,"step":"save-create:page 4","method":"POST","uri":"/manager/media/style/default/ajax.php","status":200,"ms":61.41,"peak":1236944,"peak_real":2097152}
{"t":1789910437.974,"step":"save-create:page 4","method":"POST","uri":"/manager/media/style/default/ajax.php","status":200,"ms":73.82,"peak":1228272,"peak_real":2097152}
{"t":1789910438.404,"step":"save-create:page 4","method":"POST","uri":"/manager/index.php","status":302,"ms":243.56,"peak":2420000,"peak_real":4194304}
{"t":1789910438.779,"step":"save-create:page 4","method":"GET","uri":"/manager/index.php?a=27&id=10127&r=1&stay=2","status":200,"ms":373.77,"peak":11984016,"peak_real":16777216}
{"t":1789910438.94,"step":"open-create:page 5","method":"GET","uri":"/manager/index.php?a=4&pid=10103","status":200,"ms":105.96,"peak":1524728,"peak_real":8388608}
{"t":1789910438.999,"step":"open-create:page 5","method":"POST","uri":"/manager/media/style/default/ajax.php","status":200,"ms":101.02,"peak":1361704,"peak_real":4194304}
{"t":1789910439.083,"step":"open-create:page 5","method":"POST","uri":"/manager/?a=67&type=7&id=10127&_token=BVbFtTaS2ocOhunkV5opIcv3mxFf8YL49FSJpscN&o=0.8860835051959282","status":200,"ms":135.62,"peak":1143000,"peak_real":4194304}
{"t":1789910439.119,"step":"save-create:page 5","method":"POST","uri":"/manager/media/style/default/ajax.php","status":200,"ms":71.83,"peak":1245024,"peak_real":2097152}
{"t":1789910439.154,"step":"save-create:page 5","method":"POST","uri":"/manager/media/style/default/ajax.php","status":200,"ms":87.18,"peak":1207224,"peak_real":2097152}
{"t":1789910439.674,"step":"save-create:page 5","method":"POST","uri":"/manager/index.php","status":302,"ms":247.74,"peak":2420424,"peak_real":4194304}
{"t":1789910440.071,"step":"save-create:page 5","method":"GET","uri":"/manager/index.php?a=27&id=10128&r=1&stay=2","status":200,"ms":393.84,"peak":11984016,"peak_real":16777216}
{"t":1789910440.258,"step":"logout:round 1","method":"GET","uri":"/manager/index.php?a=8","status":302,"ms":125.77,"peak":2357024,"peak_real":4194304}
{"t":1789910440.294,"step":"logout:round 1","method":"GET","uri":"/manager/","status":200,"ms":29.74,"peak":1279224,"peak_real":2097152}
{"t":1789910440.302,"step":null,"method":"POST","uri":"/manager/?a=67&type=7&id=10128&_token=BVbFtTaS2ocOhunkV5opIcv3mxFf8YL49FSJpscN&o=0.6786550775332119","status":404,"ms":1.26,"peak":385264,"peak_real":2097152}
{"t":1789910440.323,"step":"logout:round 1","method":"GET","uri":"/manager/?a=67&type=7&id=10128","status":200,"ms":191.01,"peak":1332104,"peak_real":8388608}
{"t":1789910440.379,"step":"logout:round 1","method":"POST","uri":"/manager/media/style/default/ajax.php","status":200,"ms":175.49,"peak":1373536,"peak_real":4194304}
