1789988579 83.42MiB 
1789988581 83.8MiB 
1789988584 83.68MiB 
1789988586 83.94MiB 
1789988588 84.43MiB 
1789988591 84.64MiB 
1789988593 84.66MiB 
1789988595 85.42MiB 
1789988598 85.63MiB 
1789988600 85.53MiB 
1789988602 86.08MiB 
1789988605 86.67MiB 
1789988607 86.73MiB 
1789988609 86.84MiB 
1789988612 87.25MiB 
1789988614 87.34MiB 
1789988616 87.68MiB 
1789988619 87.81MiB 
1789988621 88.12MiB 
1789988623 88.37MiB 
1789988626 88.67MiB 
1789988628 88.77MiB 
1789988630 88.82MiB 
1789988633 89.07MiB 
1789988635 88.89MiB 
1789988637 89.42MiB 
