1789988419 77.1MiB 
1789988421 77.2MiB 
1789988424 77.05MiB 
1789988426 77.09MiB 
1789988428 77.43MiB 
1789988431 77.81MiB 
1789988433 77.83MiB 
1789988435 78.07MiB 
1789988438 78.12MiB 
1789988440 78.4MiB 
1789988442 78.65MiB 
1789988445 78.91MiB 
1789988447 78.66MiB 
1789988449 79.12MiB 
1789988452 78.99MiB 
1789988454 79.09MiB 
1789988456 79.3MiB 
1789988459 79.21MiB 
1789988461 79.56MiB 
1789988463 79.55MiB 
1789988466 79.61MiB 
1789988468 79.73MiB 
1789988470 79.95MiB 
1789988473 79.87MiB 
1789988475 80.12MiB 
1789988477 80.25MiB 
