1789987344 90.21MiB 
1789987347 90.11MiB 
1789987349 89.44MiB 
1789987352 89.08MiB 
1789987354 89.27MiB 
1789987356 88.78MiB 
1789987359 88.99MiB 
1789987361 88.75MiB 
1789987363 88.87MiB 
1789987365 88.08MiB 
1789987368 88.18MiB 
1789987370 88.18MiB 
1789987373 88.13MiB 
1789987375 88.15MiB 
1789987377 87.89MiB 
1789987380 87.73MiB 
1789987382 88MiB 
1789987384 88.45MiB 
1789987386 88.32MiB 
1789987389 88.21MiB 
1789987391 88.61MiB 
1789987393 88.71MiB 
1789987396 88.19MiB 
1789987398 88.09MiB 
1789987400 88.31MiB 
1789987403 88.25MiB 
