1790009445 75.9MiB 
1790009447 76.2MiB 
1790009449 76.46MiB 
1790009452 76.83MiB 
1790009454 77.24MiB 
1790009456 77.7MiB 
1790009459 77.71MiB 
1790009461 78.06MiB 
1790009463 78.45MiB 
1790009465 78.92MiB 
1790009468 79.22MiB 
1790009470 79.5MiB 
1790009472 79.66MiB 
1790009475 80.04MiB 
1790009477 80.32MiB 
1790009479 80.85MiB 
1790009482 81.05MiB 
1790009484 81.42MiB 
1790009486 81.73MiB 
1790009488 81.86MiB 
1790009491 82.15MiB 
1790009493 82.48MiB 
1790009495 82.94MiB 
1790009498 83.3MiB 
1790009500 83.5MiB 
1790009502 83.8MiB 
