1790013203 78.88MiB 
1790013205 78.65MiB 
1790013207 78.46MiB 
1790013210 78.91MiB 
1790013212 79.14MiB 
1790013214 78.85MiB 
1790013217 78.93MiB 
1790013219 78.52MiB 
1790013221 78.51MiB 
1790013223 78.68MiB 
1790013226 78.77MiB 
1790013228 78.68MiB 
1790013230 78.71MiB 
1790013233 78.97MiB 
1790013235 78.59MiB 
1790013237 78.66MiB 
1790013240 78.91MiB 
1790013242 78.88MiB 
1790013244 78.87MiB 
1790013246 78.93MiB 
1790013249 78.48MiB 
1790013251 78.68MiB 
1790013253 78.95MiB 
1790013256 78.94MiB 
1790013258 78.93MiB 
1790013260 78.86MiB 
