1789990217 82.2MiB 
1789990219 82.54MiB 
1789990221 83.91MiB 
1789990224 84.35MiB 
1789990226 84.34MiB 
1789990228 84.72MiB 
1789990231 84.87MiB 
1789990233 85.02MiB 
1789990235 85.36MiB 
1789990238 85.51MiB 
1789990240 85.8MiB 
1789990242 85.95MiB 
1789990245 86.7MiB 
1789990247 86.77MiB 
1789990249 86.82MiB 
1789990252 87MiB 
1789990254 87.2MiB 
1789990257 87.66MiB 
1789990259 87.98MiB 
1789990261 87.81MiB 
1789990264 88.13MiB 
1789990266 88.51MiB 
1789990268 88.87MiB 
1789990271 89.09MiB 
1789990273 89.22MiB 
1789990275 89.77MiB 
