1789990364 85.06MiB 
1789990366 85.6MiB 
1789990368 85.72MiB 
1789990371 86.65MiB 
1789990373 88.58MiB 
1789990375 89.13MiB 
1789990378 89.33MiB 
1789990380 89.75MiB 
1789990382 90.08MiB 
1789990385 90.35MiB 
1789990387 90.63MiB 
1789990389 90.76MiB 
1789990392 91.38MiB 
1789990394 91.22MiB 
1789990397 91.86MiB 
1789990399 92.09MiB 
1789990401 92.5MiB 
1789990404 92.53MiB 
1789990406 92.46MiB 
1789990408 93.22MiB 
1789990411 93.46MiB 
1789990413 94.03MiB 
1789990415 94.62MiB 
1789990418 94.95MiB 
1789990420 95.88MiB 
1789990422 96.73MiB 
