1790013916 87.28MiB 
1790013918 87.02MiB 
1790013920 31.9MiB 
1790013923 92.96MiB 
1790013925 93.92MiB 
1790013928 100.9MiB 
1790013930 92.83MiB 
1790013932 92.77MiB 
1790013935 95.58MiB 
1790013937 95.76MiB 
1790013939 95.64MiB 
1790013941 95.63MiB 
1790013944 95.39MiB 
1790013946 95.2MiB 
1790013948 95.5MiB 
1790013951 95.91MiB 
1790013953 95.81MiB 
1790013955 95.63MiB 
1790013958 95.74MiB 
1790013960 95.67MiB 
1790013962 95.71MiB 
1790013965 95.98MiB 
1790013967 95.77MiB 
1790013969 95.49MiB 
1790013971 95.64MiB 
1790013974 95.83MiB 
