1789987509 83.95MiB 
1789987511 83.75MiB 
1789987513 84.11MiB 
1789987516 84.35MiB 
1789987518 84.45MiB 
1789987520 84.64MiB 
1789987523 84.88MiB 
1789987525 84.98MiB 
1789987528 85.11MiB 
1789987530 85.33MiB 
1789987532 85.39MiB 
1789987534 85.77MiB 
1789987537 85.78MiB 
1789987539 85.96MiB 
1789987541 86.28MiB 
1789987544 86.22MiB 
1789987546 86.42MiB 
1789987548 86.62MiB 
1789987551 86.75MiB 
1789987553 87.13MiB 
1789987555 87.24MiB 
1789987558 87.31MiB 
1789987560 87.49MiB 
1789987562 87.61MiB 
1789987565 87.71MiB 
1789987567 88.09MiB 
