1789992035 77.96MiB 
1789992037 78.21MiB 
1789992039 78.52MiB 
1789992042 78.71MiB 
1789992044 79.4MiB 
1789992046 79.57MiB 
1789992049 79.72MiB 
1789992051 79.98MiB 
1789992053 80.26MiB 
1789992055 80.78MiB 
1789992058 81.28MiB 
1789992060 81.36MiB 
1789992062 81.61MiB 
1789992065 82.09MiB 
1789992067 82.49MiB 
1789992069 82.69MiB 
1789992071 82.57MiB 
1789992074 83.29MiB 
1789992076 83.63MiB 
1789992078 83.89MiB 
1789992081 84.02MiB 
1789992083 84.48MiB 
1789992085 84.61MiB 
1789992087 84.97MiB 
1789992090 85.52MiB 
1789992092 85.69MiB 
1789992094 86.43MiB 
