1790009573 83.5MiB 
1790009575 84.02MiB 
1790009578 84.3MiB 
1790009580 84.58MiB 
1790009582 84.71MiB 
1790009585 85.65MiB 
1790009587 85.73MiB 
1790009589 86.05MiB 
1790009591 86.08MiB 
1790009594 86.6MiB 
1790009596 87.05MiB 
1790009598 87.54MiB 
1790009601 87.96MiB 
1790009603 88.12MiB 
1790009605 88.3MiB 
1790009608 89.03MiB 
1790009610 89.26MiB 
1790009612 89.7MiB 
1790009615 90MiB 
1790009617 90.38MiB 
1790009619 90.48MiB 
1790009622 91.03MiB 
1790009624 91.46MiB 
1790009626 91.76MiB 
1790009629 92.06MiB 
1790009631 92.14MiB 
