1789992161 83.62MiB 
1789992164 84.26MiB 
1789992166 84.17MiB 
1789992168 84.89MiB 
1789992171 85.44MiB 
1789992173 85.68MiB 
1789992175 85.92MiB 
1789992177 85.86MiB 
1789992180 86.63MiB 
1789992182 86.88MiB 
1789992184 87.06MiB 
1789992187 87.59MiB 
1789992189 88.08MiB 
1789992191 88.05MiB 
1789992193 88.5MiB 
1789992196 88.79MiB 
1789992198 89.26MiB 
1789992200 89.63MiB 
1789992203 89.96MiB 
1789992205 90.31MiB 
1789992207 90.85MiB 
1789992209 90.93MiB 
1789992212 91.38MiB 
1789992214 91.69MiB 
1789992216 91.96MiB 
1789992218 92.51MiB 
1789992221 93.07MiB 
