1790848644 24.40MiB
1790848646 24.40MiB
1790848647 24.39MiB
1790848648 24.41MiB
1790848650 24.42MiB
1790848651 24.42MiB
1790848653 24.42MiB
1790848654 24.42MiB
1790848655 24.42MiB
1790848657 24.46MiB
1790848658 24.47MiB
1790848659 24.46MiB
1790848661 24.49MiB
1790848662 24.49MiB
1790848664 24.49MiB
1790848665 24.49MiB
1790848666 24.50MiB
1790848668 24.49MiB
1790848669 24.49MiB
1790848670 24.49MiB
1790848672 24.49MiB
1790848673 24.49MiB
1790848674 24.48MiB
1790848676 24.51MiB
1790848677 24.51MiB
1790848678 24.51MiB
1790848680 24.54MiB
1790848681 24.54MiB
1790848682 24.54MiB
1790848684 24.54MiB
1790848685 24.54MiB
1790848687 24.54MiB
1790848688 24.54MiB
1790848689 24.56MiB
1790848691 24.56MiB
1790848692 24.56MiB
1790848693 24.55MiB
1790848695 24.56MiB
1790848696 24.55MiB
1790848697 24.56MiB
1790848699 24.56MiB
1790848700 24.56MiB
1790848701 24.56MiB
1790848703 24.57MiB
1790848704 24.56MiB
